src/apiServices/bulkUploadApi.ts(15,25): error TS7006: Parameter 'entityType' implicitly has an 'any' type.
src/apiServices/bulkUploadApi.ts(15,37): error TS7006: Parameter 'entityId' implicitly has an 'any' type.
src/apiServices/bulkUploadApi.ts(15,47): error TS7006: Parameter 'exerciseId' implicitly has an 'any' type.
src/apiServices/bulkUploadApi.ts(15,59): error TS7006: Parameter 'file' implicitly has an 'any' type.
src/apiServices/bulkUploadApi.ts(15,65): error TS7006: Parameter 'tabType' implicitly has an 'any' type.
src/apiServices/bulkUploadApi.ts(15,74): error TS7006: Parameter 'subcategory' implicitly has an 'any' type.
src/apiServices/bulkUploadApi.ts(57,27): error TS7006: Parameter 'entityType' implicitly has an 'any' type.
src/apiServices/bulkUploadApi.ts(57,39): error TS7006: Parameter 'entityId' implicitly has an 'any' type.
src/apiServices/bulkUploadApi.ts(57,49): error TS7006: Parameter 'exerciseId' implicitly has an 'any' type.
src/apiServices/bulkUploadApi.ts(57,61): error TS7006: Parameter 'tabType' implicitly has an 'any' type.
src/apiServices/bulkUploadApi.ts(57,70): error TS7006: Parameter 'subcategory' implicitly has an 'any' type.
src/apiServices/bulkUploadApi.ts(57,83): error TS7006: Parameter 'questions' implicitly has an 'any' type.
src/apiServices/coursesData.ts(348,55): error TS2339: Property 'split' does not exist on type 'never'.
src/apiServices/exercise.ts(345,27): error TS18048: 'counts' is possibly 'undefined'.
src/apiServices/exercise.ts(345,27): error TS7053: Element implicitly has an 'any' type because expression of type 'string' can't be used to index type '{ easy: number; medium: number; hard: number; }'.
  No index signature with a parameter of type 'string' was found on type '{ easy: number; medium: number; hard: number; }'.
src/apiServices/exercise.ts(348,29): error TS18048: 'levelScoring' is possibly 'undefined'.
src/apiServices/exercise.ts(348,29): error TS7053: Element implicitly has an 'any' type because expression of type 'string' can't be used to index type '{ easy?: { type: "question_specific" | "level_specific"; totalMarks?: number | undefined; marksPerQuestion?: number | undefined; questionCount?: number | undefined; } | undefined; medium?: { ...; } | undefined; hard?: { ...; } | undefined; }'.
  No index signature with a parameter of type 'string' was found on type '{ easy?: { type: "question_specific" | "level_specific"; totalMarks?: number | undefined; marksPerQuestion?: number | undefined; questionCount?: number | undefined; } | undefined; medium?: { ...; } | undefined; hard?: { ...; } | undefined; }'.
src/apiServices/exercise.ts(395,13): error TS2322: Type 'number[]' is not assignable to type 'never[]'.
  Type 'number' is not assignable to type 'never'.
src/apiServices/exercise.ts(395,37): error TS18048: 'progConfig.scoreSettings.questionSpecific' is possibly 'undefined'.
src/apiServices/exercise.ts(406,29): error TS18048: 'counts' is possibly 'undefined'.
src/apiServices/exercise.ts(406,29): error TS7053: Element implicitly has an 'any' type because expression of type 'string' can't be used to index type '{ easy: number; medium: number; hard: number; }'.
  No index signature with a parameter of type 'string' was found on type '{ easy: number; medium: number; hard: number; }'.
src/apiServices/exercise.ts(407,31): error TS7053: Element implicitly has an 'any' type because expression of type 'string' can't be used to index type '{ easy?: { type: "question_specific" | "level_specific"; totalMarks?: number | undefined; marksPerQuestion?: number | undefined; questionCount?: number | undefined; } | undefined; medium?: { ...; } | undefined; hard?: { ...; } | undefined; }'.
  No index signature with a parameter of type 'string' was found on type '{ easy?: { type: "question_specific" | "level_specific"; totalMarks?: number | undefined; marksPerQuestion?: number | undefined; questionCount?: number | undefined; } | undefined; medium?: { ...; } | undefined; hard?: { ...; } | undefined; }'.
src/apiServices/exercise.ts(410,17): error TS7053: Element implicitly has an 'any' type because expression of type 'string' can't be used to index type '{ easy: number; medium: number; hard: number; }'.
  No index signature with a parameter of type 'string' was found on type '{ easy: number; medium: number; hard: number; }'.
src/apiServices/exercise.ts(413,17): error TS7053: Element implicitly has an 'any' type because expression of type 'string' can't be used to index type '{ easy?: { type: "question_specific" | "level_specific"; totalMarks?: number | undefined; marksPerQuestion?: number | undefined; questionCount?: number | undefined; } | undefined; medium?: { ...; } | undefined; hard?: { ...; } | undefined; }'.
  No index signature with a parameter of type 'string' was found on type '{ easy?: { type: "question_specific" | "level_specific"; totalMarks?: number | undefined; marksPerQuestion?: number | undefined; questionCount?: number | undefined; } | undefined; medium?: { ...; } | undefined; hard?: { ...; } | undefined; }'.
src/apiServices/exercise.ts(416,17): error TS7053: Element implicitly has an 'any' type because expression of type 'string' can't be used to index type '{ easy: number; medium: number; hard: number; }'.
  No index signature with a parameter of type 'string' was found on type '{ easy: number; medium: number; hard: number; }'.
src/apiServices/exercise.ts(527,29): error TS18048: 'counts' is possibly 'undefined'.
src/apiServices/exercise.ts(527,29): error TS7053: Element implicitly has an 'any' type because expression of type 'string' can't be used to index type '{ easy: number; medium: number; hard: number; }'.
  No index signature with a parameter of type 'string' was found on type '{ easy: number; medium: number; hard: number; }'.
src/apiServices/exercise.ts(530,31): error TS18048: 'levelScoring' is possibly 'undefined'.
src/apiServices/exercise.ts(530,31): error TS7053: Element implicitly has an 'any' type because expression of type 'string' can't be used to index type '{ easy?: { type: "question_specific" | "level_specific"; totalMarks?: number | undefined; marksPerQuestion?: number | undefined; questionCount?: number | undefined; } | undefined; medium?: { ...; } | undefined; hard?: { ...; } | undefined; }'.
  No index signature with a parameter of type 'string' was found on type '{ easy?: { type: "question_specific" | "level_specific"; totalMarks?: number | undefined; marksPerQuestion?: number | undefined; questionCount?: number | undefined; } | undefined; medium?: { ...; } | undefined; hard?: { ...; } | undefined; }'.
src/apiServices/exercise.ts(575,15): error TS2322: Type 'number[]' is not assignable to type 'never[]'.
  Type 'number' is not assignable to type 'never'.
src/apiServices/exercise.ts(575,39): error TS18048: 'progConfig.scoreSettings.questionSpecific' is possibly 'undefined'.
src/apiServices/exercise.ts(584,31): error TS18048: 'counts' is possibly 'undefined'.
src/apiServices/exercise.ts(584,31): error TS7053: Element implicitly has an 'any' type because expression of type 'string' can't be used to index type '{ easy: number; medium: number; hard: number; }'.
  No index signature with a parameter of type 'string' was found on type '{ easy: number; medium: number; hard: number; }'.
src/apiServices/exercise.ts(585,33): error TS7053: Element implicitly has an 'any' type because expression of type 'string' can't be used to index type '{ easy?: { type: "question_specific" | "level_specific"; totalMarks?: number | undefined; marksPerQuestion?: number | undefined; questionCount?: number | undefined; } | undefined; medium?: { ...; } | undefined; hard?: { ...; } | undefined; }'.
  No index signature with a parameter of type 'string' was found on type '{ easy?: { type: "question_specific" | "level_specific"; totalMarks?: number | undefined; marksPerQuestion?: number | undefined; questionCount?: number | undefined; } | undefined; medium?: { ...; } | undefined; hard?: { ...; } | undefined; }'.
src/apiServices/exercise.ts(588,19): error TS7053: Element implicitly has an 'any' type because expression of type 'string' can't be used to index type '{ easy: number; medium: number; hard: number; }'.
  No index signature with a parameter of type 'string' was found on type '{ easy: number; medium: number; hard: number; }'.
src/apiServices/exercise.ts(590,19): error TS7053: Element implicitly has an 'any' type because expression of type 'string' can't be used to index type '{ easy?: { type: "question_specific" | "level_specific"; totalMarks?: number | undefined; marksPerQuestion?: number | undefined; questionCount?: number | undefined; } | undefined; medium?: { ...; } | undefined; hard?: { ...; } | undefined; }'.
  No index signature with a parameter of type 'string' was found on type '{ easy?: { type: "question_specific" | "level_specific"; totalMarks?: number | undefined; marksPerQuestion?: number | undefined; questionCount?: number | undefined; } | undefined; medium?: { ...; } | undefined; hard?: { ...; } | undefined; }'.
src/apiServices/exercise.ts(592,19): error TS7053: Element implicitly has an 'any' type because expression of type 'string' can't be used to index type '{ easy: number; medium: number; hard: number; }'.
  No index signature with a parameter of type 'string' was found on type '{ easy: number; medium: number; hard: number; }'.
src/apiServices/exercise.ts(1311,29): error TS18048: 'counts' is possibly 'undefined'.
src/apiServices/exercise.ts(1311,29): error TS7053: Element implicitly has an 'any' type because expression of type 'string' can't be used to index type '{ easy: number; medium: number; hard: number; }'.
  No index signature with a parameter of type 'string' was found on type '{ easy: number; medium: number; hard: number; }'.
src/apiServices/exercise.ts(1314,31): error TS7053: Element implicitly has an 'any' type because expression of type 'string' can't be used to index type '{ easy?: { type: "question_specific" | "level_specific"; totalMarks?: number | undefined; marksPerQuestion?: number | undefined; questionCount?: number | undefined; } | undefined; medium?: { ...; } | undefined; hard?: { ...; } | undefined; }'.
  No index signature with a parameter of type 'string' was found on type '{ easy?: { type: "question_specific" | "level_specific"; totalMarks?: number | undefined; marksPerQuestion?: number | undefined; questionCount?: number | undefined; } | undefined; medium?: { ...; } | undefined; hard?: { ...; } | undefined; }'.
src/apiServices/exercise.ts(1361,13): error TS2322: Type 'number[]' is not assignable to type 'never[]'.
  Type 'number' is not assignable to type 'never'.
src/apiServices/exercise.ts(1369,38): error TS2304: Cannot find name 'qConfigType'.
src/apiServices/exercise.ts(1369,70): error TS2304: Cannot find name 'qConfigType'.
src/apiServices/exercise.ts(1370,28): error TS2304: Cannot find name 'qConfigType'.
src/apiServices/exercise.ts(1371,17): error TS2304: Cannot find name 'progCfg'.
src/apiServices/exercise.ts(1372,17): error TS2304: Cannot find name 'progCfg'.
src/apiServices/exercise.ts(1376,25): error TS7053: Element implicitly has an 'any' type because expression of type 'string' can't be used to index type '{ easy?: { type: "question_specific" | "level_specific"; totalMarks?: number | undefined; marksPerQuestion?: number | undefined; questionCount?: number | undefined; } | undefined; medium?: { ...; } | undefined; hard?: { ...; } | undefined; }'.
  No index signature with a parameter of type 'string' was found on type '{ easy?: { type: "question_specific" | "level_specific"; totalMarks?: number | undefined; marksPerQuestion?: number | undefined; questionCount?: number | undefined; } | undefined; medium?: { ...; } | undefined; hard?: { ...; } | undefined; }'.
src/apiServices/exercise.ts(1380,15): error TS7053: Element implicitly has an 'any' type because expression of type 'string' can't be used to index type '{ easy?: { type: "question_specific" | "level_specific"; totalMarks?: number | undefined; marksPerQuestion?: number | undefined; questionCount?: number | undefined; } | undefined; medium?: { ...; } | undefined; hard?: { ...; } | undefined; }'.
  No index signature with a parameter of type 'string' was found on type '{ easy?: { type: "question_specific" | "level_specific"; totalMarks?: number | undefined; marksPerQuestion?: number | undefined; questionCount?: number | undefined; } | undefined; medium?: { ...; } | undefined; hard?: { ...; } | undefined; }'.
src/apiServices/exercise.ts(1383,17): error TS7053: Element implicitly has an 'any' type because expression of type 'string' can't be used to index type '{ easy: number; medium: number; hard: number; }'.
  No index signature with a parameter of type 'string' was found on type '{ easy: number; medium: number; hard: number; }'.
src/apiServices/exercise.ts(1385,17): error TS7053: Element implicitly has an 'any' type because expression of type 'string' can't be used to index type '{ easy?: { type: "question_specific" | "level_specific"; totalMarks?: number | undefined; marksPerQuestion?: number | undefined; questionCount?: number | undefined; } | undefined; medium?: { ...; } | undefined; hard?: { ...; } | undefined; }'.
  No index signature with a parameter of type 'string' was found on type '{ easy?: { type: "question_specific" | "level_specific"; totalMarks?: number | undefined; marksPerQuestion?: number | undefined; questionCount?: number | undefined; } | undefined; medium?: { ...; } | undefined; hard?: { ...; } | undefined; }'.
src/apiServices/exercise.ts(1387,17): error TS7053: Element implicitly has an 'any' type because expression of type 'string' can't be used to index type '{ easy: number; medium: number; hard: number; }'.
  No index signature with a parameter of type 'string' was found on type '{ easy: number; medium: number; hard: number; }'.
src/apiServices/hooks/useProblemSolving.ts(12,8): error TS2307: Cannot find module '../services/problemSolvingService' or its corresponding type declarations.
src/apiServices/problemSolvingService.ts(1,10): error TS2305: Module '"./hooks/useProblemSolving"' has no exported member 'getAuthToken'.
src/apiServices/staffAnalytics.ts(19,48): error TS7006: Parameter 'courseId' implicitly has an 'any' type.
src/apiServices/staffAnalytics.ts(19,58): error TS7006: Parameter 'studentId' implicitly has an 'any' type.
src/app/lms/component/AddInstitutionForm.tsx(268,20): error TS2345: Argument of type '(prev: { idowindow: { resources: { video: boolean; ppt: boolean; pdf: boolean; folder: boolean; link: boolean; notes: boolean; }; ai_integration: { video_summarize: boolean; ppt_summarize: boolean; pdf_summarize: boolean; general_chat: boolean; file_summarize: boolean; notes_integration: boolean; }; }; wedowindow: {...' is not assignable to parameter of type 'SetStateAction<{ idowindow: { resources: { video: boolean; ppt: boolean; pdf: boolean; folder: boolean; link: boolean; notes: boolean; }; ai_integration: { video_summarize: boolean; ppt_summarize: boolean; pdf_summarize: boolean; general_chat: boolean; file_summarize: boolean; notes_integration: boolean; }; }; wedow...'.
  Type '(prev: { idowindow: { resources: { video: boolean; ppt: boolean; pdf: boolean; folder: boolean; link: boolean; notes: boolean; }; ai_integration: { video_summarize: boolean; ppt_summarize: boolean; pdf_summarize: boolean; general_chat: boolean; file_summarize: boolean; notes_integration: boolean; }; }; wedowindow: {...' is not assignable to type '(prevState: { idowindow: { resources: { video: boolean; ppt: boolean; pdf: boolean; folder: boolean; link: boolean; notes: boolean; }; ai_integration: { video_summarize: boolean; ppt_summarize: boolean; pdf_summarize: boolean; general_chat: boolean; file_summarize: boolean; notes_integration: boolean; }; }; wedowind...'.
    Call signature return types '{ idowindow: { resources: {}; ai_integration: { video_summarize: boolean; ppt_summarize: boolean; pdf_summarize: boolean; general_chat: boolean; file_summarize: boolean; notes_integration: boolean; }; }; wedowindow: {}; youdowindow: {}; }' and '{ idowindow: { resources: { video: boolean; ppt: boolean; pdf: boolean; folder: boolean; link: boolean; notes: boolean; }; ai_integration: { video_summarize: boolean; ppt_summarize: boolean; pdf_summarize: boolean; general_chat: boolean; file_summarize: boolean; notes_integration: boolean; }; }; wedowindow: {}; youd...' are incompatible.
      The types of 'idowindow.resources' are incompatible between these types.
        Type '{}' is missing the following properties from type '{ video: boolean; ppt: boolean; pdf: boolean; folder: boolean; link: boolean; notes: boolean; }': video, ppt, pdf, folder, and 2 more.
src/app/lms/component/AddInstitutionForm.tsx(281,20): error TS2345: Argument of type '(prev: { idowindow: { resources: { video: boolean; ppt: boolean; pdf: boolean; folder: boolean; link: boolean; notes: boolean; }; ai_integration: { video_summarize: boolean; ppt_summarize: boolean; pdf_summarize: boolean; general_chat: boolean; file_summarize: boolean; notes_integration: boolean; }; }; wedowindow: {...' is not assignable to parameter of type 'SetStateAction<{ idowindow: { resources: { video: boolean; ppt: boolean; pdf: boolean; folder: boolean; link: boolean; notes: boolean; }; ai_integration: { video_summarize: boolean; ppt_summarize: boolean; pdf_summarize: boolean; general_chat: boolean; file_summarize: boolean; notes_integration: boolean; }; }; wedow...'.
  Type '(prev: { idowindow: { resources: { video: boolean; ppt: boolean; pdf: boolean; folder: boolean; link: boolean; notes: boolean; }; ai_integration: { video_summarize: boolean; ppt_summarize: boolean; pdf_summarize: boolean; general_chat: boolean; file_summarize: boolean; notes_integration: boolean; }; }; wedowindow: {...' is not assignable to type '(prevState: { idowindow: { resources: { video: boolean; ppt: boolean; pdf: boolean; folder: boolean; link: boolean; notes: boolean; }; ai_integration: { video_summarize: boolean; ppt_summarize: boolean; pdf_summarize: boolean; general_chat: boolean; file_summarize: boolean; notes_integration: boolean; }; }; wedowind...'.
    Call signature return types '{ idowindow: { ai_integration: {}; resources: { video: boolean; ppt: boolean; pdf: boolean; folder: boolean; link: boolean; notes: boolean; }; }; wedowindow: {}; youdowindow: {}; }' and '{ idowindow: { resources: { video: boolean; ppt: boolean; pdf: boolean; folder: boolean; link: boolean; notes: boolean; }; ai_integration: { video_summarize: boolean; ppt_summarize: boolean; pdf_summarize: boolean; general_chat: boolean; file_summarize: boolean; notes_integration: boolean; }; }; wedowindow: {}; youd...' are incompatible.
      The types of 'idowindow.ai_integration' are incompatible between these types.
        Type '{}' is missing the following properties from type '{ video_summarize: boolean; ppt_summarize: boolean; pdf_summarize: boolean; general_chat: boolean; file_summarize: boolean; notes_integration: boolean; }': video_summarize, ppt_summarize, pdf_summarize, general_chat, and 2 more.
src/app/lms/component/ExerciseAnalytics.tsx(1120,57): error TS2339: Property '_id' does not exist on type 'never'.
src/app/lms/component/ExerciseSettings.tsx(650,17): error TS2345: Argument of type '(prev: { exerciseType: "" | "Combined" | "Programming" | "Other" | "MCQ"; selectedModule: string; selectedLanguages: string[]; exerciseId: string; exerciseName: string; description: string; ... 19 more ...; allQuestionsRequired: boolean; }) => { ...; }' is not assignable to parameter of type 'SetStateAction<{ exerciseType: "" | "Combined" | "Programming" | "Other" | "MCQ"; selectedModule: string; selectedLanguages: string[]; exerciseId: string; exerciseName: string; description: string; ... 19 more ...; allQuestionsRequired: boolean; }>'.
  Type '(prev: { exerciseType: "" | "Combined" | "Programming" | "Other" | "MCQ"; selectedModule: string; selectedLanguages: string[]; exerciseId: string; exerciseName: string; description: string; ... 19 more ...; allQuestionsRequired: boolean; }) => { ...; }' is not assignable to type '(prevState: { exerciseType: "" | "Combined" | "Programming" | "Other" | "MCQ"; selectedModule: string; selectedLanguages: string[]; exerciseId: string; exerciseName: string; description: string; ... 19 more ...; allQuestionsRequired: boolean; }) => { ...; }'.
    Call signature return types '{ exerciseType: any; isGraded: boolean; selectedModule: any; selectedLanguages: any; exerciseId: any; exerciseName: any; description: any; instructions: any; exerciseLevel: any; totalDuration: any; ... 15 more ...; additionalOptions: { ...; }; }' and '{ exerciseType: "" | "Combined" | "Programming" | "Other" | "MCQ"; selectedModule: string; selectedLanguages: string[]; exerciseId: string; exerciseName: string; description: string; instructions: string; ... 18 more ...; allQuestionsRequired: boolean; }' are incompatible.
      The types of 'othersConfig' are incompatible between these types.
        Type '{ questionConfigType: any; patternTotal: any; generalQuestionCount: any; selectionLevelCounts: { easy: any; medium: any; hard: any; }; levelBasedCounts: { easy: any; medium: any; hard: any; }; scoreSettings: { ...; }; questionFlow: any; attemptLimitEnabled: any; submissionAttempts: any; }' is missing the following properties from type '{ questionConfigType: "general" | "levelBased" | "selectionLevel"; patternTotal: number; scoringType: "equalDistribution" | "questionSpecific" | "levelBased"; totalQuestions: number; ... 8 more ...; submissionAttempts: number; }': scoringType, totalQuestions, marksPerQuestion, levelBasedMarks
src/app/lms/component/ExerciseSettings.tsx(827,17): error TS2345: Argument of type '(prev: { exerciseType: "" | "Combined" | "Programming" | "Other" | "MCQ"; selectedModule: string; selectedLanguages: string[]; exerciseId: string; exerciseName: string; description: string; ... 19 more ...; allQuestionsRequired: boolean; }) => { ...; }' is not assignable to parameter of type 'SetStateAction<{ exerciseType: "" | "Combined" | "Programming" | "Other" | "MCQ"; selectedModule: string; selectedLanguages: string[]; exerciseId: string; exerciseName: string; description: string; ... 19 more ...; allQuestionsRequired: boolean; }>'.
  Type '(prev: { exerciseType: "" | "Combined" | "Programming" | "Other" | "MCQ"; selectedModule: string; selectedLanguages: string[]; exerciseId: string; exerciseName: string; description: string; ... 19 more ...; allQuestionsRequired: boolean; }) => { ...; }' is not assignable to type '(prevState: { exerciseType: "" | "Combined" | "Programming" | "Other" | "MCQ"; selectedModule: string; selectedLanguages: string[]; exerciseId: string; exerciseName: string; description: string; ... 19 more ...; allQuestionsRequired: boolean; }) => { ...; }'.
    Call signature return types '{ exerciseType: any; isGraded: boolean; selectedModule: any; selectedLanguages: any; exerciseId: any; exerciseName: any; description: any; instructions: any; exerciseLevel: any; totalDuration: any; ... 15 more ...; additionalOptions: { ...; }; }' and '{ exerciseType: "" | "Combined" | "Programming" | "Other" | "MCQ"; selectedModule: string; selectedLanguages: string[]; exerciseId: string; exerciseName: string; description: string; instructions: string; ... 18 more ...; allQuestionsRequired: boolean; }' are incompatible.
      The types of 'othersConfig' are incompatible between these types.
        Type '{ questionConfigType: any; patternTotal: any; generalQuestionCount: any; selectionLevelCounts: { easy: any; medium: any; hard: any; }; levelBasedCounts: { easy: any; medium: any; hard: any; }; scoreSettings: { ...; }; questionFlow: any; attemptLimitEnabled: any; submissionAttempts: any; }' is missing the following properties from type '{ questionConfigType: "general" | "levelBased" | "selectionLevel"; patternTotal: number; scoringType: "equalDistribution" | "questionSpecific" | "levelBased"; totalQuestions: number; ... 8 more ...; submissionAttempts: number; }': scoringType, totalQuestions, marksPerQuestion, levelBasedMarks
src/app/lms/component/ExerciseSettings.tsx(1985,57): error TS2366: Function lacks ending return statement and return type does not include 'undefined'.
src/app/lms/component/ExerciseSettings/shared/UIComponents.tsx(532,68): error TS2322: Type 'RefObject<HTMLButtonElement | null>' is not assignable to type 'RefObject<HTMLButtonElement>'.
  Type 'HTMLButtonElement | null' is not assignable to type 'HTMLButtonElement'.
    Type 'null' is not assignable to type 'HTMLButtonElement'.
src/app/lms/component/ImageTipTapEditor.tsx(691,36): error TS2339: Property 'node' does not exist on type 'Selection'.
src/app/lms/component/ImageTipTapEditor.tsx(735,53): error TS2559: Type 'false' has no properties in common with type 'SetContentOptions'.
src/app/lms/component/MCQDisplayOverlay.tsx(8,21): error TS7006: Parameter 'seconds' implicitly has an 'any' type.
src/app/lms/component/MCQDisplayOverlay.tsx(18,25): error TS7031: Binding element 'question' implicitly has an 'any' type.
src/app/lms/component/MCQDisplayOverlay.tsx(18,35): error TS7031: Binding element 'questionIndex' implicitly has an 'any' type.
src/app/lms/component/MCQDisplayOverlay.tsx(18,50): error TS7031: Binding element 'totalQuestions' implicitly has an 'any' type.
src/app/lms/component/MCQDisplayOverlay.tsx(18,66): error TS7031: Binding element 'onNext' implicitly has an 'any' type.
src/app/lms/component/MCQDisplayOverlay.tsx(18,74): error TS7031: Binding element 'onPrev' implicitly has an 'any' type.
src/app/lms/component/MCQDisplayOverlay.tsx(18,82): error TS7031: Binding element 'onFinish' implicitly has an 'any' type.
src/app/lms/component/MCQDisplayOverlay.tsx(18,92): error TS7031: Binding element 'isLast' implicitly has an 'any' type.
src/app/lms/component/MCQDisplayOverlay.tsx(30,28): error TS7006: Parameter 'opt' implicitly has an 'any' type.
src/app/lms/component/MCQDisplayOverlay.tsx(35,26): error TS7006: Parameter 'opt' implicitly has an 'any' type.
src/app/lms/component/MCQDisplayOverlay.tsx(43,25): error TS7006: Parameter 'idx' implicitly has an 'any' type.
src/app/lms/component/MCQDisplayOverlay.tsx(58,27): error TS7006: Parameter 'idx' implicitly has an 'any' type.
src/app/lms/component/MCQDisplayOverlay.tsx(121,23): error TS7006: Parameter 'opt' implicitly has an 'any' type.
src/app/lms/component/MCQDisplayOverlay.tsx(121,28): error TS7006: Parameter 'idx' implicitly has an 'any' type.
src/app/lms/component/MCQDisplayOverlay.tsx(217,26): error TS7031: Binding element 'questions' implicitly has an 'any' type.
src/app/lms/component/MCQDisplayOverlay.tsx(217,37): error TS7031: Binding element 'answers' implicitly has an 'any' type.
src/app/lms/component/MCQDisplayOverlay.tsx(217,46): error TS7031: Binding element 'onResumeVideo' implicitly has an 'any' type.
src/app/lms/component/MCQDisplayOverlay.tsx(217,61): error TS7031: Binding element 'onRetry' implicitly has an 'any' type.
src/app/lms/component/MCQDisplayOverlay.tsx(218,35): error TS7006: Parameter 'a' implicitly has an 'any' type.
src/app/lms/component/MCQDisplayOverlay.tsx(218,38): error TS7006: Parameter 'i' implicitly has an 'any' type.
src/app/lms/component/MCQDisplayOverlay.tsx(275,45): error TS7031: Binding element 'questions' implicitly has an 'any' type.
src/app/lms/component/MCQDisplayOverlay.tsx(275,56): error TS7031: Binding element 'timestamp' implicitly has an 'any' type.
src/app/lms/component/MCQDisplayOverlay.tsx(275,67): error TS7031: Binding element 'onResume' implicitly has an 'any' type.
src/app/lms/component/MCQDisplayOverlay.tsx(275,77): error TS7031: Binding element 'onDismiss' implicitly has an 'any' type.
src/app/lms/component/MultiSelect.tsx(88,25): error TS17001: JSX elements cannot have multiple attributes with the same name.
src/app/lms/component/MultiSelect.tsx(90,34): error TS2532: Object is possibly 'undefined'.
src/app/lms/component/ProblemSolving.tsx(59,39): error TS2367: This comparison appears to be unintentional because the types '"mcq"' and '"database"' have no overlap.
src/app/lms/component/ProblemSolving.tsx(59,72): error TS2367: This comparison appears to be unintentional because the types '"mcq"' and '"others"' have no overlap.
src/app/lms/component/ProblemSolving.tsx(104,40): error TS2551: Property 'exercises' does not exist on type '{ exercise: any; subcategory: string; section: string; entityType: EntityType; entityId: string; totalExercises: number; }'. Did you mean 'exercise'?
src/app/lms/component/ProblemSolving.tsx(175,40): error TS2551: Property 'exercises' does not exist on type '{ exercise: any; subcategory: string; section: string; entityType: EntityType; entityId: string; totalExercises: number; }'. Did you mean 'exercise'?
src/app/lms/component/ProblemSolving.tsx(455,44): error TS2367: This comparison appears to be unintentional because the types '"MCQ"' and '"Other"' have no overlap.
src/app/lms/component/ProblemSolving.tsx(861,41): error TS2367: This comparison appears to be unintentional because the types '"mcq"' and '"database"' have no overlap.
src/app/lms/component/ProblemSolving.tsx(876,28): error TS2367: This comparison appears to be unintentional because the types '"MCQ" | "Programming" | "Combined"' and '"Other"' have no overlap.
src/app/lms/component/ProblemSolving.tsx(877,98): error TS2339: Property 'compilerFileMode' does not exist on type '{ questionConfigType: "general" | "selectionLevel" | "levelBased"; generalQuestionCount?: number | undefined; generalMarksPerQuestion?: number | undefined; levelBasedCounts?: { ...; } | undefined; selectionLevelCounts?: { ...; } | undefined; scoreSettings?: { ...; } | undefined; allowCodeExecution?: boolean | undefi...'.
src/app/lms/component/ProblemSolving.tsx(1372,26): error TS2358: The left-hand side of an 'instanceof' expression must be of type 'any', an object type or a type parameter.
src/app/lms/component/ProblemSolving.tsx(1381,23): error TS2322: Type '"#F27757"' is not assignable to type '"#eaeaef"'.
src/app/lms/component/ProblemSolving.tsx(1381,40): error TS2322: Type '"rgba(242,119,87,0.08)"' is not assignable to type '"#ffffff"'.
src/app/lms/component/ProblemSolving.tsx(1381,58): error TS2322: Type '"#F27757"' is not assignable to type '"#eaeaef"'.
src/app/lms/component/ProblemSolving.tsx(1381,111): error TS2322: Type '"#1a1a2e"' is not assignable to type '"#6b6b7e"'.
src/app/lms/component/ProblemSolving.tsx(1381,131): error TS2322: Type '"#F27757"' is not assignable to type '"#f9f9fb"'.
src/app/lms/component/ProblemSolving.tsx(1381,147): error TS2322: Type '"#fff"' is not assignable to type '"#9b9bae"'.
src/app/lms/component/ProblemSolving.tsx(1383,23): error TS2322: Type '"#22c55e"' is not assignable to type '"#eaeaef"'.
src/app/lms/component/ProblemSolving.tsx(1383,39): error TS2322: Type '"rgba(34,197,94,0.09)"' is not assignable to type '"#ffffff"'.
src/app/lms/component/ProblemSolving.tsx(1383,56): error TS2322: Type '"#22c55e"' is not assignable to type '"#eaeaef"'.
src/app/lms/component/ProblemSolving.tsx(1383,107): error TS2322: Type '"#1a1a2e"' is not assignable to type '"#6b6b7e"'.
src/app/lms/component/ProblemSolving.tsx(1383,127): error TS2322: Type '"#22c55e"' is not assignable to type '"#f9f9fb"'.
src/app/lms/component/ProblemSolving.tsx(1383,142): error TS2322: Type '"#fff"' is not assignable to type '"#9b9bae"'.
src/app/lms/component/ProblemSolving.tsx(1385,23): error TS2322: Type '"#ef4444"' is not assignable to type '"#eaeaef"'.
src/app/lms/component/ProblemSolving.tsx(1385,37): error TS2322: Type '"rgba(239,68,68,0.09)"' is not assignable to type '"#ffffff"'.
src/app/lms/component/ProblemSolving.tsx(1385,52): error TS2322: Type '"#ef4444"' is not assignable to type '"#eaeaef"'.
src/app/lms/component/ProblemSolving.tsx(1385,99): error TS2322: Type '"#1a1a2e"' is not assignable to type '"#6b6b7e"'.
src/app/lms/component/ProblemSolving.tsx(1385,119): error TS2322: Type '"#ef4444"' is not assignable to type '"#f9f9fb"'.
src/app/lms/component/ProblemSolving.tsx(1385,132): error TS2322: Type '"#fff"' is not assignable to type '"#9b9bae"'.
src/app/lms/component/ProblemSolving.tsx(1416,66): error TS2358: The left-hand side of an 'instanceof' expression must be of type 'any', an object type or a type parameter.
src/app/lms/component/ProblemSolving.tsx(1434,51): error TS2322: Type '"#F27757"' is not assignable to type '"#eaeaef"'.
src/app/lms/component/ProblemSolving.tsx(1434,68): error TS2322: Type '"rgba(242,119,87,0.08)"' is not assignable to type '"#ffffff"'.
src/app/lms/component/ProblemSolving.tsx(1434,86): error TS2322: Type '"#1a1a2e"' is not assignable to type '"#6b6b7e"'.
src/app/lms/component/ProblemSolving.tsx(1435,59): error TS2322: Type '"#22c55e"' is not assignable to type '"#eaeaef"'.
src/app/lms/component/ProblemSolving.tsx(1435,75): error TS2322: Type '"rgba(34,197,94,0.09)"' is not assignable to type '"#ffffff"'.
src/app/lms/component/ProblemSolving.tsx(1435,92): error TS2322: Type '"#1a1a2e"' is not assignable to type '"#6b6b7e"'.
src/app/lms/component/ProblemSolving.tsx(1436,69): error TS2322: Type '"#ef4444"' is not assignable to type '"#eaeaef"'.
src/app/lms/component/ProblemSolving.tsx(1436,83): error TS2322: Type '"rgba(239,68,68,0.09)"' is not assignable to type '"#ffffff"'.
src/app/lms/component/ProblemSolving.tsx(1436,98): error TS2322: Type '"#1a1a2e"' is not assignable to type '"#6b6b7e"'.
src/app/lms/component/ProblemSolving.tsx(1575,28): error TS2322: Type '"#fb923c"' is not assignable to type '"#f9f9fb"'.
src/app/lms/component/ProblemSolving.tsx(1575,38): error TS2322: Type '"#fff"' is not assignable to type '"#6b6b7e"'.
src/app/lms/component/ProblemSolving.tsx(1575,49): error TS2322: Type '"#fb923c"' is not assignable to type '"#eaeaef"'.
src/app/lms/component/ProblemSolving.tsx(1576,45): error TS2322: Type '"rgba(34,197,94,0.09)"' is not assignable to type '"#f9f9fb"'.
src/app/lms/component/ProblemSolving.tsx(1576,61): error TS2322: Type '"#16a34a"' is not assignable to type '"#6b6b7e"'.
src/app/lms/component/ProblemSolving.tsx(1577,43): error TS2322: Type '"rgba(239,68,68,0.09)"' is not assignable to type '"#f9f9fb"'.
src/app/lms/component/ProblemSolving.tsx(1577,57): error TS2322: Type '"#ef4444"' is not assignable to type '"#6b6b7e"'.
src/app/lms/component/ProblemSolving.tsx(2926,64): error TS2367: This comparison appears to be unintentional because the types '"mcq"' and '"database"' have no overlap.
src/app/lms/component/ProblemSolving.tsx(3411,53): error TS2339: Property 'warning' does not exist on type '{ (message: Message, opts?: Partial<Pick<Toast, "style" | "id" | "className" | "icon" | "duration" | "ariaProps" | "position" | "iconTheme" | "toasterId" | "removeDelay">> | undefined): string; ... 8 more ...; promise<T>(promise: Promise<...> | (() => Promise<...>), msgs: { ...; }, opts?: DefaultToastOptions | undef...'.
src/app/lms/component/ProblemSolving.tsx(3414,48): error TS2339: Property 'warning' does not exist on type '{ (message: Message, opts?: Partial<Pick<Toast, "style" | "id" | "className" | "icon" | "duration" | "ariaProps" | "position" | "iconTheme" | "toasterId" | "removeDelay">> | undefined): string; ... 8 more ...; promise<T>(promise: Promise<...> | (() => Promise<...>), msgs: { ...; }, opts?: DefaultToastOptions | undef...'.
src/app/lms/component/ProblemSolving.tsx(3421,15): error TS2339: Property 'warning' does not exist on type '{ (message: Message, opts?: Partial<Pick<Toast, "style" | "id" | "className" | "icon" | "duration" | "ariaProps" | "position" | "iconTheme" | "toasterId" | "removeDelay">> | undefined): string; ... 8 more ...; promise<T>(promise: Promise<...> | (() => Promise<...>), msgs: { ...; }, opts?: DefaultToastOptions | undef...'.
src/app/lms/component/ProblemSolving.tsx(3449,29): error TS2339: Property 'addQuestion' does not exist on type '{ addExercise: (entityType: EntityType, entityId: string, exerciseData: ExercisePayload) => Promise<ExerciseResponse>; ... 8 more ...; getExerciseStatistics: (entityType: EntityType, entityId: string, section?: "We_Do" | ... 2 more ... | undefined) => Promise<...>; }'.
src/app/lms/component/ProblemSolving.tsx(3455,23): error TS2339: Property 'warning' does not exist on type '{ (message: Message, opts?: Partial<Pick<Toast, "style" | "id" | "className" | "icon" | "duration" | "ariaProps" | "position" | "iconTheme" | "toasterId" | "removeDelay">> | undefined): string; ... 8 more ...; promise<T>(promise: Promise<...> | (() => Promise<...>), msgs: { ...; }, opts?: DefaultToastOptions | undef...'.
src/app/lms/component/ProblemSolving.tsx(3607,97): error TS2353: Object literal may only specify known properties, and 'autoClose' does not exist in type 'Partial<Pick<Toast, "style" | "id" | "className" | "icon" | "duration" | "ariaProps" | "position" | "iconTheme" | "toasterId" | "removeDelay">>'.
src/app/lms/component/ProblemSolving.tsx(3623,22): error TS2339: Property 'info' does not exist on type '{ (message: Message, opts?: Partial<Pick<Toast, "style" | "id" | "className" | "icon" | "duration" | "ariaProps" | "position" | "iconTheme" | "toasterId" | "removeDelay">> | undefined): string; ... 8 more ...; promise<T>(promise: Promise<...> | (() => Promise<...>), msgs: { ...; }, opts?: DefaultToastOptions | undef...'.
src/app/lms/component/ProblemSolving.tsx(3635,43): error TS2367: This comparison appears to be unintentional because the types '"mcq"' and '"database"' have no overlap.
src/app/lms/component/ProblemSolving.tsx(3635,76): error TS2367: This comparison appears to be unintentional because the types '"mcq"' and '"others"' have no overlap.
src/app/lms/component/ProblemSolving.tsx(3695,41): error TS2367: This comparison appears to be unintentional because the types '"mcq"' and '"database"' have no overlap.
src/app/lms/component/ProblemSolving.tsx(3695,74): error TS2367: This comparison appears to be unintentional because the types '"mcq"' and '"others"' have no overlap.
src/app/lms/component/ProblemSolving.tsx(4364,9): error TS2719: Type 'Exercise' is not assignable to type 'Exercise'. Two different types with this name exist, but they are unrelated.
  Types of property 'questions' are incompatible.
    Type 'Question[] | undefined' is not assignable to type 'Question[]'.
      Type 'undefined' is not assignable to type 'Question[]'.
src/app/lms/component/ProblemSolving.tsx(4369,55): error TS2345: Argument of type 'Exercise' is not assignable to parameter of type 'SetStateAction<Exercise | null>'.
  Type 'Exercise' is missing the following properties from type 'Exercise': tabType, subcategory
src/app/lms/component/ProblemSolving.tsx(4798,15): error TS2322: Type '(selectedQuestions: Question[]) => Promise<void>' is not assignable to type '(selectedQuestions: Question[]) => void'.
  Types of parameters 'selectedQuestions' and 'selectedQuestions' are incompatible.
    Type 'import("C:/WorkSpace/27-7-2026/client/src/app/lms/component/QuestionsView").Question[]' is not assignable to type 'Question[]'.
      Type 'import("C:/WorkSpace/27-7-2026/client/src/app/lms/component/QuestionsView").Question' is not assignable to type 'Question'.
        Types of property 'questionType' are incompatible.
          Type '"mcq" | "programming" | "frontend" | "database"' is not assignable to type '"mcq" | "programming"'.
            Type '"frontend"' is not assignable to type '"mcq" | "programming"'.
src/app/lms/component/ProblemSolving.tsx(4800,15): error TS2322: Type 'Question[]' is not assignable to type 'import("C:/WorkSpace/27-7-2026/client/src/app/lms/component/QuestionsView").Question[]'.
  Type 'Question' is missing the following properties from type 'Question': isActive, sequence
src/app/lms/component/ProblemSolving.tsx(4852,13): error TS2322: Type 'Exercise' is not assignable to type 'Record<string, unknown>'.
  Index signature for type 'string' is missing in type 'Exercise'.
src/app/lms/component/ProblemSolving.tsx(4886,57): error TS2322: Type '{ hierarchyData: HierarchyData; nodeId: string; nodeName: string; subcategory: string; nodeType: string; level: number; tabType: "We_Do" | "You_Do" | "I_Do"; onSave: () => Promise<void>; ... 8 more ...; onOpenQuestionAuthor: (mode: "ai" | ... 1 more ... | "scratch-bank") => void; }' is not assignable to type 'IntrinsicAttributes & ExerciseSettingsProps'.
  Property 'level' does not exist on type 'IntrinsicAttributes & ExerciseSettingsProps'.
src/app/lms/component/ProgrammingMockModal.tsx(631,38): error TS2367: This comparison appears to be unintentional because the types '"dark" | "light"' and '"vs-dark"' have no overlap.
src/app/lms/component/ProgrammingMockModal.tsx(632,34): error TS2367: This comparison appears to be unintentional because the types '"dark" | "light"' and '"vs-dark"' have no overlap.
src/app/lms/component/ProgrammingMockModal.tsx(641,42): error TS2367: This comparison appears to be unintentional because the types '"dark" | "light"' and '"vs-dark"' have no overlap.
src/app/lms/component/ProgrammingMockModal.tsx(642,38): error TS2367: This comparison appears to be unintentional because the types '"dark" | "light"' and '"vs-dark"' have no overlap.
src/app/lms/component/ProgrammingMockModal.tsx(672,42): error TS2367: This comparison appears to be unintentional because the types '"dark" | "light"' and '"vs-dark"' have no overlap.
src/app/lms/component/ProgrammingMockModal.tsx(1132,9): error TS2322: Type '{ image: { url: string; alt: string; } | null; onClose: () => void; theme: "dark" | "light"; }' is not assignable to type 'IntrinsicAttributes & { image: { url: string; alt: string; } | null; onClose: () => void; }'.
  Property 'theme' does not exist on type 'IntrinsicAttributes & { image: { url: string; alt: string; } | null; onClose: () => void; }'.
src/app/lms/component/ProgrammingMockModal.tsx(1643,55): error TS2339: Property 'timerDuration' does not exist on type '{ timerEnabled: boolean | undefined; cameraMicEnabled: boolean | undefined; restrictMinimize: boolean | undefined; fullScreenMode: boolean | undefined; tabSwitchAllowed: boolean | undefined; maxTabSwitches: number; disableClipboard: boolean | undefined; screenRecordingEnabled: boolean; }'.
src/app/lms/component/ProgrammingMockModal.tsx(1644,34): error TS2339: Property 'timerDuration' does not exist on type '{ timerEnabled: boolean | undefined; cameraMicEnabled: boolean | undefined; restrictMinimize: boolean | undefined; fullScreenMode: boolean | undefined; tabSwitchAllowed: boolean | undefined; maxTabSwitches: number; disableClipboard: boolean | undefined; screenRecordingEnabled: boolean; }'.
src/app/lms/component/ProgrammingMockModal.tsx(1848,47): error TS2532: Object is possibly 'undefined'.
src/app/lms/component/ProgrammingMockModal.tsx(1962,11): error TS2532: Object is possibly 'undefined'.
src/app/lms/component/ProgrammingMockModal.tsx(1963,31): error TS18047: 'screenStream' is possibly 'null'.
src/app/lms/component/ProgrammingMockModal.tsx(1964,18): error TS2532: Object is possibly 'undefined'.
src/app/lms/component/ProgrammingMockModal.tsx(1965,31): error TS18047: 'cameraStream' is possibly 'null'.
src/app/lms/component/ProgrammingMockModal.tsx(4092,80): error TS2322: Type '{ size: number; className: string; title: string; }' is not assignable to type 'IntrinsicAttributes & Omit<LucideProps, "ref"> & RefAttributes<SVGSVGElement>'.
  Property 'title' does not exist on type 'IntrinsicAttributes & Omit<LucideProps, "ref"> & RefAttributes<SVGSVGElement>'.
src/app/lms/component/ProgrammingMockModal.tsx(4274,19): error TS2322: Type '{ size: number; className: string; title: string; onClick: (e: MouseEvent<SVGSVGElement, MouseEvent>) => void; }' is not assignable to type 'IntrinsicAttributes & Omit<LucideProps, "ref"> & RefAttributes<SVGSVGElement>'.
  Property 'title' does not exist on type 'IntrinsicAttributes & Omit<LucideProps, "ref"> & RefAttributes<SVGSVGElement>'.
src/app/lms/component/ProgrammingMockModal.tsx(4476,91): error TS2339: Property 'timerDuration' does not exist on type '{ timerEnabled: boolean | undefined; cameraMicEnabled: boolean | undefined; restrictMinimize: boolean | undefined; fullScreenMode: boolean | undefined; tabSwitchAllowed: boolean | undefined; maxTabSwitches: number; disableClipboard: boolean | undefined; screenRecordingEnabled: boolean; }'.
src/app/lms/component/ProgrammingMockModal.tsx(5039,15): error TS2769: No overload matches this call.
  Overload 1 of 2, '(props: EditorProps, context?: any): string | number | bigint | boolean | ReactElement<unknown, string | JSXElementConstructor<any>> | ... 4 more ... | undefined', gave the following error.
    Type '(content: string) => void' is not assignable to type 'OnChange'.
      Types of parameters 'content' and 'value' are incompatible.
        Type 'string | undefined' is not assignable to type 'string'.
          Type 'undefined' is not assignable to type 'string'.
  Overload 2 of 2, '(props: EditorProps): string | number | bigint | boolean | ReactElement<unknown, string | JSXElementConstructor<any>> | Iterable<...> | Promise<...> | Component<...> | null | undefined', gave the following error.
    Type '(content: string) => void' is not assignable to type 'OnChange'.
      Types of parameters 'content' and 'value' are incompatible.
        Type 'string | undefined' is not assignable to type 'string'.
          Type 'undefined' is not assignable to type 'string'.
src/app/lms/component/questionbank/MCQFields.tsx(602,71): error TS2345: Argument of type '() => QuestionBlock[] | { id: any; type: QuestionType; questionText: string; questionCategory: any; isActive: any; title: string; description: string; options: any; ... 20 more ...; optionsPerRow: any; }[]' is not assignable to parameter of type 'QuestionBlock[] | (() => QuestionBlock[])'.
  Type '() => QuestionBlock[] | { id: any; type: QuestionType; questionText: string; questionCategory: any; isActive: any; title: string; description: string; options: any; ... 20 more ...; optionsPerRow: any; }[]' is not assignable to type '() => QuestionBlock[]'.
    Type 'QuestionBlock[] | { id: any; type: QuestionType; questionText: string; questionCategory: any; isActive: any; title: string; description: string; options: any; ... 20 more ...; optionsPerRow: any; }[]' is not assignable to type 'QuestionBlock[]'.
      Type '{ id: any; type: QuestionType; questionText: string; questionCategory: any; isActive: any; title: string; description: string; options: any; matchingPairs: any; orderingItems: any; ... 18 more ...; optionsPerRow: any; }[]' is not assignable to type 'QuestionBlock[]'.
        Type '{ id: any; type: QuestionType; questionText: string; questionCategory: any; isActive: any; title: string; description: string; options: any; matchingPairs: any; orderingItems: any; ... 18 more ...; optionsPerRow: any; }' is not assignable to type 'QuestionBlock'.
          Types of property 'questionImageAlignment' are incompatible.
            Type 'string' is not assignable to type '"center" | "left" | "right" | undefined'.
src/app/lms/component/questionbank/MCQFields.tsx(1364,36): error TS18048: 'block.numericAnswer' is possibly 'undefined'.
src/app/lms/component/questionbank/MCQFields.tsx(1369,36): error TS18048: 'block.trueFalseAnswer' is possibly 'undefined'.
src/app/lms/component/questionbank/MCQFields.tsx(2104,75): error TS18048: 'block.numericTolerance' is possibly 'undefined'.
src/app/lms/component/questionbank/MCQFields.tsx(2107,31): error TS18048: 'block.numericAnswer' is possibly 'undefined'.
src/app/lms/component/questionbank/MCQFields.tsx(2107,53): error TS18048: 'block.numericTolerance' is possibly 'undefined'.
src/app/lms/component/questionbank/MCQFields.tsx(2107,94): error TS18048: 'block.numericAnswer' is possibly 'undefined'.
src/app/lms/component/questionbank/MCQFields.tsx(2107,116): error TS18048: 'block.numericTolerance' is possibly 'undefined'.
src/app/lms/component/questionbank/QuestionList.tsx(939,36): error TS18048: 'tc.points' is possibly 'undefined'.
src/app/lms/component/questionforms/AddQuestionForm.tsx(380,49): error TS2339: Property 'getExerciseById' does not exist on type '{ addQuestion: (entityType: "topics" | "modules" | "submodules" | "subtopics", entityId: string, exerciseId: string, questionData: any, tabType: string, subcategory: string) => Promise<...>; ... 5 more ...; bulkUpdateSection: (entityType: "topics" | ... 2 more ... | "subtopics", entityId: string, exerciseId: string,...'.
src/app/lms/component/questionforms/AddQuestionForm.tsx(1137,9): error TS2783: 'initialData' is specified more than once, so this usage will be overwritten.
src/app/lms/component/questionforms/AddQuestionForm.tsx(1138,9): error TS2783: 'isEditing' is specified more than once, so this usage will be overwritten.
src/app/lms/component/questionforms/BrowserDatabaseManager.ts(1451,90): error TS1501: This regular expression flag is only available when targeting 'es2018' or later.
src/app/lms/component/questionforms/BrowserDatabaseManager.ts(1545,81): error TS1501: This regular expression flag is only available when targeting 'es2018' or later.
src/app/lms/component/questionforms/CreateQuestion.tsx(42,10): error TS2739: Type '{ exerciseData: any; initialData: any; isEditing: boolean; onClose: () => void; onSave: (questionData: any) => void; }' is missing the following properties from type 'MCQQuestionFormProps': breadcrumbs, tabType
src/app/lms/component/questionforms/CreateQuestion.tsx(95,12): error TS2739: Type '{ exerciseData: any; initialData: any; isEditing: boolean; onClose: () => void; onSave: (questionData: any) => void; }' is missing the following properties from type 'MCQQuestionFormProps': breadcrumbs, tabType
src/app/lms/component/questionforms/DatabaseQuestionForm.tsx(1333,127): error TS18047: 'diffDS' is possibly 'null'.
src/app/lms/component/questionforms/DatabaseQuestionForm.tsx(1333,195): error TS18047: 'diffDS' is possibly 'null'.
src/app/lms/component/questionforms/DatabaseQuestionForm.tsx(1337,242): error TS18047: 'diffDS' is possibly 'null'.
src/app/lms/component/questionforms/DatabaseQuestionForm.tsx(1343,128): error TS18047: 'diffDS' is possibly 'null'.
src/app/lms/component/questionforms/DatabaseQuestionForm.tsx(1343,196): error TS18047: 'diffDS' is possibly 'null'.
src/app/lms/component/questionforms/DatabaseQuestionForm.tsx(1348,242): error TS18047: 'diffDS' is possibly 'null'.
src/app/lms/component/questionforms/DatabaseQuestionForm.tsx(1860,53): error TS7006: Parameter 'q' implicitly has an 'any' type.
src/app/lms/component/questionforms/DatabaseQuestionForm.tsx(1866,47): error TS7006: Parameter 'q' implicitly has an 'any' type.
src/app/lms/component/questionforms/DatabaseQuestionForm.tsx(2865,84): error TS2345: Argument of type 'string' is not assignable to parameter of type 'SetStateAction<"medium" | "easy" | "hard">'.
src/app/lms/component/questionforms/DatabaseQuestionForm.tsx(2865,103): error TS2345: Argument of type 'string' is not assignable to parameter of type 'SetStateAction<"medium" | "easy" | "hard">'.
src/app/lms/component/questionforms/FrontendQuestionForm.tsx(3733,41): error TS2559: Type '"Please select questions from the bank."' has no properties in common with type 'ToastOptions<unknown>'.
src/app/lms/component/questionforms/FrontendQuestionForm.tsx(3739,7): error TS2559: Type '"Please select programming questions from the bank. Only programming questions can be added to this exercise."' has no properties in common with type 'ToastOptions<unknown>'.
src/app/lms/component/questionforms/FrontendQuestionForm.tsx(3747,7): error TS2559: Type '"Only programming questions can be added to this exercise."' has no properties in common with type 'ToastOptions<unknown>'.
src/app/lms/component/questionforms/FrontendQuestionForm.tsx(3913,7): error TS2322: Type 'number | undefined' is not assignable to type 'number'.
  Type 'undefined' is not assignable to type 'number'.
src/app/lms/component/questionforms/FrontendQuestionForm.tsx(3930,42): error TS2559: Type '"No valid programming questions were selected."' has no properties in common with type 'ToastOptions<unknown>'.
src/app/lms/component/questionforms/FrontendQuestionForm.tsx(3955,37): error TS2559: Type 'string' has no properties in common with type 'ToastOptions<unknown>'.
src/app/lms/component/questionforms/FrontendQuestionForm.tsx(3969,45): error TS2559: Type '"Could not parse any questions — check the .txt format (Title:, Description:, Difficulty:, Input:/Output:)."' has no properties in common with type 'ToastOptions<unknown>'.
src/app/lms/component/questionforms/FrontendQuestionForm.tsx(4383,55): error TS2345: Argument of type 'number | null' is not assignable to parameter of type 'number'.
  Type 'null' is not assignable to type 'number'.
src/app/lms/component/questionforms/FrontendQuestionForm.tsx(4398,54): error TS2345: Argument of type 'number | null' is not assignable to parameter of type 'number | undefined'.
  Type 'null' is not assignable to type 'number | undefined'.
src/app/lms/component/questionforms/FrontendQuestionForm.tsx(4398,102): error TS2345: Argument of type 'number | null' is not assignable to parameter of type 'number'.
  Type 'null' is not assignable to type 'number'.
src/app/lms/component/questionforms/FrontendQuestionForm.tsx(4422,38): error TS18047: 'start' is possibly 'null'.
src/app/lms/component/questionforms/FrontendQuestionForm.tsx(4422,66): error TS18047: 'start' is possibly 'null'.
src/app/lms/component/questionforms/FrontendQuestionForm.tsx(5351,10): error TS2741: Property 'currentIndex' is missing in type '{ questions: FlowQuestion[]; isGeneral: boolean; exerciseData: any; onJump: (idx: number) => void; onDelete: (localId: string) => Promise<void>; onClose: () => void; onDone: () => void; ... 32 more ...; exerciseIsGraded: boolean; }' but required in type '{ questions: FlowQuestion[]; currentIndex: number; isGeneral: boolean; exerciseData: any; onJump: (idx: number) => void; onDelete: (localId: string) => void; onClose: () => void; ... 33 more ...; exerciseIsGraded: boolean; }'.
src/app/lms/component/questionforms/FrontendQuestionForm.tsx(5460,10): error TS2740: Type '{ onClose: () => void; questions: FlowQuestion[]; selectedLanguages: any; }' is missing the following properties from type 'ProgrammingMockModalProps': onBack, title, exerciseId, courseId, and 5 more.
src/app/lms/component/questionforms/FrontendQuestionForm.tsx(5513,11): error TS17001: JSX elements cannot have multiple attributes with the same name.
src/app/lms/component/questionforms/GenerateQuestion.tsx(416,53): error TS7006: Parameter 'opt' implicitly has an 'any' type.
src/app/lms/component/questionforms/GenerateQuestion.tsx(418,38): error TS7006: Parameter 'opt' implicitly has an 'any' type.
src/app/lms/component/questionforms/GenerateQuestion.tsx(418,43): error TS7006: Parameter 'idx' implicitly has an 'any' type.
src/app/lms/component/questionforms/ImageTipTapEditor.tsx(691,36): error TS2339: Property 'node' does not exist on type 'Selection'.
src/app/lms/component/questionforms/ImageTipTapEditor.tsx(735,53): error TS2559: Type 'false' has no properties in common with type 'SetContentOptions'.
src/app/lms/component/questionforms/mcq/GenerateMCQAIQuestion.tsx(843,84): error TS2345: Argument of type '{ options: { id: string; text: string; isCorrect: boolean; imageAlignment: string; imageSizePercent: number; }[]; questionImageAlignment: string; questionImageSizePercent: number; optionsPerRow: number; ... 14 more ...; correctAnswer?: string | undefined; }[]' is not assignable to parameter of type 'GeneratedQuestion[]'.
  Type '{ options: { id: string; text: string; isCorrect: boolean; imageAlignment: string; imageSizePercent: number; }[]; questionImageAlignment: string; questionImageSizePercent: number; optionsPerRow: number; ... 14 more ...; correctAnswer?: string; }' is not assignable to type 'GeneratedQuestion'.
    Types of property 'optionsPerRow' are incompatible.
      Type 'number' is not assignable to type '1 | 2 | 4 | 3 | undefined'.
src/app/lms/component/questionforms/mcq/GenerateMCQAIQuestion.tsx(844,17): error TS2345: Argument of type '{ options: { id: string; text: string; isCorrect: boolean; imageAlignment: string; imageSizePercent: number; }[]; questionImageAlignment: string; questionImageSizePercent: number; optionsPerRow: number; ... 14 more ...; correctAnswer?: string | undefined; }[]' is not assignable to parameter of type 'GeneratedQuestion[]'.
  Type '{ options: { id: string; text: string; isCorrect: boolean; imageAlignment: string; imageSizePercent: number; }[]; questionImageAlignment: string; questionImageSizePercent: number; optionsPerRow: number; ... 14 more ...; correctAnswer?: string; }' is not assignable to type 'GeneratedQuestion'.
    Types of property 'optionsPerRow' are incompatible.
      Type 'number' is not assignable to type '1 | 2 | 4 | 3 | undefined'.
src/app/lms/component/questionforms/mcq/MCQQuestionForm.tsx(852,29): error TS2304: Cannot find name 'approval'.
src/app/lms/component/questionforms/mcq/MCQQuestionForm.tsx(852,41): error TS2304: Cannot find name 'initialData'.
src/app/lms/component/questionforms/mcq/MCQQuestionForm.tsx(853,31): error TS2304: Cannot find name 'approvalContext'.
src/app/lms/component/questionforms/mcq/MCQQuestionForm.tsx(854,28): error TS2304: Cannot find name 'initialData'.
src/app/lms/component/questionforms/mcq/MCQQuestionForm.tsx(854,48): error TS2304: Cannot find name 'exerciseData'.
src/app/lms/component/questionforms/mcq/MCQQuestionForm.tsx(856,35): error TS2304: Cannot find name 'exerciseData'.
src/app/lms/component/questionforms/mcq/MCQQuestionForm.tsx(857,28): error TS2552: Cannot find name 'exerciseData'. Did you mean 'exerciseId'?
src/app/lms/component/questionforms/mcq/MCQQuestionForm.tsx(858,30): error TS2552: Cannot find name 'exerciseData'. Did you mean 'exerciseId'?
src/app/lms/component/questionforms/mcq/MCQQuestionForm.tsx(858,57): error TS2304: Cannot find name 'exerciseData'.
src/app/lms/component/questionforms/mcq/MCQQuestionForm.tsx(858,95): error TS2552: Cannot find name 'exerciseData'. Did you mean 'exerciseId'?
src/app/lms/component/questionforms/mcq/MCQQuestionForm.tsx(859,31): error TS2304: Cannot find name 'exerciseData'.
src/app/lms/component/questionforms/mcq/MCQQuestionForm.tsx(864,25): error TS2304: Cannot find name 'tabType'.
src/app/lms/component/questionforms/mcq/MCQQuestionForm.tsx(867,34): error TS2304: Cannot find name 'initialData'.
src/app/lms/component/questionforms/mcq/MCQQuestionForm.tsx(877,27): error TS2304: Cannot find name 'onQueryResolved'.
src/app/lms/component/questionforms/mcq/MCQQuestionForm.tsx(1232,111): error TS2339: Property 'borderLight' does not exist on type '{ orange: string; orangeDark: string; orangeLight: string; orangeMid: string; textMain: string; textSub: string; textMuted: string; textHint: string; border: string; bg: string; pageBg: string; green: string; ... 9 more ...; purpleLight: string; }'.
src/app/lms/component/questionforms/mcq/MCQQuestionForm.tsx(1290,74): error TS2339: Property 'borderLight' does not exist on type '{ orange: string; orangeDark: string; orangeLight: string; orangeMid: string; textMain: string; textSub: string; textMuted: string; textHint: string; border: string; bg: string; pageBg: string; green: string; ... 9 more ...; purpleLight: string; }'.
src/app/lms/component/questionforms/mcq/MCQQuestionForm.tsx(1558,2): error TS2339: Property '' does not exist on type '{ 'multiple-choice': string; 'multiple-select': string; 'true-false': string; dropdown: string; 'short-answer': string; paragraph: string; matching: string; ordering: string; numeric: string; }'.
src/app/lms/component/questionforms/mcq/MCQQuestionForm.tsx(1662,103): error TS2322: Type '{ children: Element; onClick: () => void; disabled: boolean | undefined; className: string; style: { background: string; }; }' is not assignable to type 'IntrinsicAttributes & { onClick: () => void; disabled?: boolean | undefined; className?: string | undefined; children: ReactNode; }'.
  Property 'style' does not exist on type 'IntrinsicAttributes & { onClick: () => void; disabled?: boolean | undefined; className?: string | undefined; children: ReactNode; }'.
src/app/lms/component/questionforms/mcq/MCQQuestionForm.tsx(1783,42): error TS2353: Object literal may only specify known properties, and 'divideColor' does not exist in type 'Properties<string | number, string & {}>'.
src/app/lms/component/questionforms/mcq/MCQQuestionForm.tsx(3840,5): error TS2322: Type 'RefObject<HTMLDivElement | null>' is not assignable to type 'RefObject<HTMLDivElement>'.
  Type 'HTMLDivElement | null' is not assignable to type 'HTMLDivElement'.
    Type 'null' is not assignable to type 'HTMLDivElement'.
src/app/lms/component/questionforms/mcq/MCQQuestionForm.tsx(5696,79): error TS18048: 'block.numericTolerance' is possibly 'undefined'.
src/app/lms/component/questionforms/mcq/MCQQuestionForm.tsx(5912,15): error TS2322: Type 'string' is not assignable to type '"equalDistribution" | "questionSpecific" | undefined'.
src/app/lms/component/questionforms/mcq/MCQQuestionForm.tsx(6357,23): error TS2322: Type '{ entityType: string; entityId: string; tabType: "We_Do" | "You_Do"; subcategory: string; exerciseId: string; questionId: string; }' is not assignable to type 'QuestionContext'.
  Types of property 'entityType' are incompatible.
    Type 'string' is not assignable to type '"topics" | "modules" | "submodules" | "subtopics"'.
src/app/lms/component/questionforms/mcq/MCQQuestionForm.tsx(6413,27): error TS2322: Type '{ entityType: string; entityId: string; tabType: "We_Do" | "You_Do"; subcategory: string; exerciseId: string; questionId: string; }' is not assignable to type 'QuestionContext'.
  Types of property 'entityType' are incompatible.
    Type 'string' is not assignable to type '"topics" | "modules" | "submodules" | "subtopics"'.
src/app/lms/component/questionforms/mcq/MCQQuestionForm.tsx(6720,13): error TS2561: Object literal may only specify known properties, but 'CourseName' does not exist in type 'HierarchyData'. Did you mean to write 'courseName'?
src/app/lms/component/questionforms/others/OthersAddQuestionForm.tsx(759,55): error TS2352: Conversion of type '{ [k: string]: boolean; }' to type 'NotionSettings' may be a mistake because neither type sufficiently overlaps with the other. If this was intentional, convert the expression to 'unknown' first.
  Type '{ [k: string]: boolean; }' is missing the following properties from type 'NotionSettings': allowBold, allowItalic, allowUnderline, allowTable, and 6 more.
src/app/lms/component/questionforms/others/OthersAddQuestionForm.tsx(764,55): error TS2352: Conversion of type '{ [k: string]: boolean; }' to type 'NotionSettings' may be a mistake because neither type sufficiently overlaps with the other. If this was intentional, convert the expression to 'unknown' first.
  Type '{ [k: string]: boolean; }' is missing the following properties from type 'NotionSettings': allowBold, allowItalic, allowUnderline, allowTable, and 6 more.
src/app/lms/component/questionforms/others/OthersAddQuestionForm.tsx(2854,49): error TS2367: This comparison appears to be unintentional because the types '"medium" | "easy" | "hard"' and '""' have no overlap.
src/app/lms/component/questionforms/others/OthersAddQuestionForm.tsx(3331,65): error TS2554: Expected 1 arguments, but got 3.
src/app/lms/component/questionforms/others/OthersAddQuestionForm.tsx(3537,70): error TS2339: Property 'bg' does not exist on type '{ label: string; dot: string; color: string; border: string; }'.
src/app/lms/component/questionforms/others/OthersAddQuestionForm.tsx(4053,57): error TS2322: Type '{ entityType: string; entityId: string; tabType: "We_Do" | "You_Do"; subcategory: string; exerciseId: string; questionId: string; }' is not assignable to type 'QuestionContext'.
  Types of property 'entityType' are incompatible.
    Type 'string' is not assignable to type '"topics" | "modules" | "submodules" | "subtopics"'.
src/app/lms/component/questionforms/others/OthersAddQuestionForm.tsx(4359,13): error TS2561: Object literal may only specify known properties, but 'CourseName' does not exist in type 'HierarchyData'. Did you mean to write 'courseName'?
src/app/lms/component/questionforms/ProgrammingQuestionForm.tsx(1333,41): error TS2559: Type '"Please select questions from the bank."' has no properties in common with type 'ToastOptions<unknown>'.
src/app/lms/component/questionforms/ProgrammingQuestionForm.tsx(1339,7): error TS2559: Type '"Please select programming questions from the bank. Only programming questions can be added to this exercise."' has no properties in common with type 'ToastOptions<unknown>'.
src/app/lms/component/questionforms/ProgrammingQuestionForm.tsx(1347,7): error TS2559: Type '"Only programming questions can be added to this exercise."' has no properties in common with type 'ToastOptions<unknown>'.
src/app/lms/component/questionforms/ProgrammingQuestionForm.tsx(1533,7): error TS2322: Type 'number | undefined' is not assignable to type 'number'.
  Type 'undefined' is not assignable to type 'number'.
src/app/lms/component/questionforms/ProgrammingQuestionForm.tsx(1560,42): error TS2559: Type '"No valid programming questions were selected."' has no properties in common with type 'ToastOptions<unknown>'.
src/app/lms/component/questionforms/ProgrammingQuestionForm.tsx(1601,37): error TS2559: Type 'string' has no properties in common with type 'ToastOptions<unknown>'.
src/app/lms/component/questionforms/ProgrammingQuestionForm.tsx(1622,45): error TS2559: Type '"Could not parse any questions — check the .txt format (Title:, Description:, Difficulty:, Input:/Output:)."' has no properties in common with type 'ToastOptions<unknown>'.
src/app/lms/component/questionforms/ProgrammingQuestionForm.tsx(2495,55): error TS2345: Argument of type 'number | null' is not assignable to parameter of type 'number'.
  Type 'null' is not assignable to type 'number'.
src/app/lms/component/questionforms/ProgrammingQuestionForm.tsx(2510,54): error TS2345: Argument of type 'number | null' is not assignable to parameter of type 'number | undefined'.
  Type 'null' is not assignable to type 'number | undefined'.
src/app/lms/component/questionforms/ProgrammingQuestionForm.tsx(2510,102): error TS2345: Argument of type 'number | null' is not assignable to parameter of type 'number'.
  Type 'null' is not assignable to type 'number'.
src/app/lms/component/questionforms/ProgrammingQuestionForm.tsx(2534,38): error TS18047: 'start' is possibly 'null'.
src/app/lms/component/questionforms/ProgrammingQuestionForm.tsx(2534,66): error TS18047: 'start' is possibly 'null'.
src/app/lms/component/questionforms/ProgrammingQuestionForm.tsx(4587,53): error TS2322: Type '{ entityType: string; entityId: string; tabType: "We_Do" | "You_Do"; subcategory: string; exerciseId: string; questionId: string; }' is not assignable to type 'QuestionContext'.
  Types of property 'entityType' are incompatible.
    Type 'string' is not assignable to type '"topics" | "modules" | "submodules" | "subtopics"'.
src/app/lms/component/questionforms/ProgrammingQuestionForm.tsx(4680,53): error TS7006: Parameter 'q' implicitly has an 'any' type.
src/app/lms/component/questionforms/ProgrammingQuestionForm.tsx(5016,5): error TS2322: Type '{ exerciseData: { exerciseId: any; exerciseName: any; exerciseLevel: any; nodeId: any; nodeName: any; subcategory: any; nodeType: any; fullExerciseData: any; exerciseType: any; }; tabType: string; ... 8 more ...; onEditQuestion: (question: any) => void; }' is not assignable to type 'IntrinsicAttributes & QuestionBankSelectorProps'.
  Property 'onEditQuestion' does not exist on type 'IntrinsicAttributes & QuestionBankSelectorProps'.
src/app/lms/component/questionforms/ProgrammingQuestionForm.tsx(5016,22): error TS7006: Parameter 'question' implicitly has an 'any' type.
src/app/lms/component/questionforms/ProgrammingQuestionForm.tsx(5017,5): error TS2304: Cannot find name 'setShowQuestionBank'.
src/app/lms/component/questionforms/ProgrammingQuestionForm.tsx(5018,5): error TS2304: Cannot find name 'setSelectedProgrammingQuestion'.
src/app/lms/component/questionforms/ProgrammingQuestionForm.tsx(5019,5): error TS2304: Cannot find name 'setShowProgrammingForm'.
src/app/lms/component/QuestionsView.tsx(517,42): error TS2367: This comparison appears to be unintentional because the types '"mcq" | "programming" | "frontend" | "database"' and '"others"' have no overlap.
src/app/lms/component/QuestionsView.tsx(1637,60): error TS2367: This comparison appears to be unintentional because the types '"MCQ" | "Programming" | "Other" | "Combined"' and '"mcq"' have no overlap.
src/app/lms/component/QuestionsView.tsx(2061,44): error TS2367: This comparison appears to be unintentional because the types '"mcq" | "programming" | "frontend" | "database"' and '"others"' have no overlap.
src/app/lms/component/QuestionsView.tsx(2681,7): error TS2322: Type 'Exercise' is not assignable to type 'Record<string, unknown>'.
  Index signature for type 'string' is missing in type 'Exercise'.
src/app/lms/component/QuestionsView.tsx(2683,5): error TS2322: Type 'string' is not assignable to type '"We_Do" | "You_Do" | "I_Do"'.
src/app/lms/component/QuestionsView.tsx(2723,26): error TS2322: Type 'import("C:/WorkSpace/27-7-2026/client/src/app/lms/component/QuestionsView").Question' is not assignable to type 'Question'.
  Types of property 'mcqQuestionType' are incompatible.
    Type 'string | undefined' is not assignable to type '"numeric" | "matching" | "ordering" | "dropdown" | "multiple_choice" | "multiple_select" | "true_false" | "short_answer" | "essay" | "checkboxes" | undefined'.
      Type 'string' is not assignable to type '"numeric" | "matching" | "ordering" | "dropdown" | "multiple_choice" | "multiple_select" | "true_false" | "short_answer" | "essay" | "checkboxes" | undefined'.
src/app/lms/component/QuestionsView.tsx(2723,53): error TS2322: Type 'import("C:/WorkSpace/27-7-2026/client/src/app/lms/component/QuestionsView").Question[]' is not assignable to type 'Question[]'.
  Type 'import("C:/WorkSpace/27-7-2026/client/src/app/lms/component/QuestionsView").Question' is not assignable to type 'Question'.
    Types of property 'mcqQuestionType' are incompatible.
      Type 'string | undefined' is not assignable to type '"numeric" | "matching" | "ordering" | "dropdown" | "multiple_choice" | "multiple_select" | "true_false" | "short_answer" | "essay" | "checkboxes" | undefined'.
        Type 'string' is not assignable to type '"numeric" | "matching" | "ordering" | "dropdown" | "multiple_choice" | "multiple_select" | "true_false" | "short_answer" | "essay" | "checkboxes" | undefined'.
src/app/lms/component/QuestionsView.tsx(2724,88): error TS2345: Argument of type 'Question' is not assignable to parameter of type 'SetStateAction<Question | null>'.
  Type 'Question' is not assignable to type 'import("C:/WorkSpace/27-7-2026/client/src/app/lms/component/QuestionsView").Question'.
    Types of property 'isActive' are incompatible.
      Type 'boolean | undefined' is not assignable to type 'boolean'.
        Type 'undefined' is not assignable to type 'boolean'.
src/app/lms/component/QuestionsView.tsx(2803,5): error TS2322: Type '((exercise: Exercise) => void) | undefined' is not assignable to type '(() => void) | undefined'.
  Type '(exercise: Exercise) => void' is not assignable to type '() => void'.
    Target signature provides too few arguments. Expected 1 or more, but got 0.
src/app/lms/component/settingComponent/ManualSettings.tsx(433,17): error TS2345: Argument of type 'import("C:/WorkSpace/27-7-2026/client/src/app/lms/component/settingComponent/ManualSettings").ExercisePayload' is not assignable to parameter of type 'import("C:/WorkSpace/27-7-2026/client/src/app/lms/component/ExerciseSettings").ExercisePayload'.
  Type 'ExercisePayload' is missing the following properties from type 'ExercisePayload': exerciseType, notificationSettings
src/app/lms/component/settingComponent/PracticeSettings.tsx(601,30): error TS2367: This comparison appears to be unintentional because the types '"levelBased" | "selectionLevel"' and '"general"' have no overlap.
src/app/lms/component/student/ai-chat.tsx(382,17): error TS2345: Argument of type '(ChatSession | { title: string; messages: { content: string; role: string; timestamp: Date; metadata: { context: { topicTitle?: string | undefined; fileName?: string | undefined; fileType?: string | undefined; isDocumentView?: boolean | undefined; } | undefined; }; id: string; }[]; ... 7 more ...; updatedAt?: Date |...' is not assignable to parameter of type 'SetStateAction<ChatSession[]>'.
  Type '(ChatSession | { title: string; messages: { content: string; role: string; timestamp: Date; metadata: { context: { topicTitle?: string | undefined; fileName?: string | undefined; fileType?: string | undefined; isDocumentView?: boolean | undefined; } | undefined; }; id: string; }[]; ... 7 more ...; updatedAt?: Date |...' is not assignable to type 'ChatSession[]'.
    Type 'ChatSession | { title: string; messages: { content: string; role: string; timestamp: Date; metadata: { context: { topicTitle?: string | undefined; fileName?: string | undefined; fileType?: string | undefined; isDocumentView?: boolean | undefined; } | undefined; }; id: string; }[]; ... 7 more ...; updatedAt?: Date | ...' is not assignable to type 'ChatSession'.
      Type '{ title: string; messages: { content: string; role: string; timestamp: Date; metadata: { context: { topicTitle?: string; fileName?: string; fileType?: string; isDocumentView?: boolean; } | undefined; }; id: string; }[]; ... 7 more ...; updatedAt?: Date; }' is not assignable to type 'ChatSession'.
        Types of property 'messages' are incompatible.
          Type '{ content: string; role: string; timestamp: Date; metadata: { context: { topicTitle?: string | undefined; fileName?: string | undefined; fileType?: string | undefined; isDocumentView?: boolean | undefined; } | undefined; }; id: string; }[]' is not assignable to type 'Message[]'.
            Type '{ content: string; role: string; timestamp: Date; metadata: { context: { topicTitle?: string; fileName?: string; fileType?: string; isDocumentView?: boolean; } | undefined; }; id: string; }' is not assignable to type 'Message'.
              Types of property 'role' are incompatible.
                Type 'string' is not assignable to type '"user" | "assistant"'.
src/app/lms/component/student/ai-chat.tsx(508,27): error TS2554: Expected 2 arguments, but got 1.
src/app/lms/component/student/ai-chat.tsx(952,50): error TS2339: Property 'inline' does not exist on type 'ClassAttributes<HTMLElement> & HTMLAttributes<HTMLElement> & ExtraProps'.
src/app/lms/component/student/assessments.tsx(463,32): error TS2339: Property 'otherMode' does not exist on type 'ConfigurationType'.
src/app/lms/component/student/assessments.tsx(1525,11): error TS2367: This comparison appears to be unintentional because the types 'string[]' and 'string' have no overlap.
src/app/lms/component/student/code-editor.tsx(1686,21): error TS2353: Object literal may only specify known properties, and 'mediaSource' does not exist in type 'MediaTrackConstraints'.
src/app/lms/component/student/code-editor.tsx(1913,17): error TS2532: Object is possibly 'undefined'.
src/app/lms/component/student/code-editor.tsx(1914,34): error TS18047: 'cameraStream' is possibly 'null'.
src/app/lms/component/student/code-editor.tsx(2949,59): error TS2339: Property 'allQuestionsRequired' does not exist on type 'QuestionBehavior'.
src/app/lms/component/student/code-editor.tsx(3644,69): error TS2339: Property 'allQuestionsRequired' does not exist on type 'QuestionBehavior'.
src/app/lms/component/student/code-editor.tsx(3831,47): error TS2339: Property 'isGraded' does not exist on type 'Exercise'.
src/app/lms/component/student/code-editor.tsx(3839,38): error TS2339: Property 'isGraded' does not exist on type 'Exercise'.
src/app/lms/component/student/code-editor.tsx(4312,64): error TS2339: Property 'isGraded' does not exist on type 'Exercise'.
src/app/lms/component/student/code-editor.tsx(4469,48): error TS2339: Property 'isGraded' does not exist on type 'Exercise'.
src/app/lms/component/student/code-editor.tsx(4475,89): error TS2367: This comparison appears to be unintentional because the types 'Record<string, number> | undefined' and 'string' have no overlap.
src/app/lms/component/student/code-editor.tsx(5018,30): error TS18048: 'exercise' is possibly 'undefined'.
src/app/lms/component/student/code-editor.tsx(5021,205): error TS18048: 'exercise' is possibly 'undefined'.
src/app/lms/component/student/code-editor.tsx(5024,30): error TS18048: 'exercise' is possibly 'undefined'.
src/app/lms/component/student/code-editor.tsx(5027,151): error TS18048: 'exercise' is possibly 'undefined'.
src/app/lms/component/student/code-editor.tsx(5030,30): error TS18048: 'exercise' is possibly 'undefined'.
src/app/lms/component/student/code-editor.tsx(5033,122): error TS18048: 'exercise' is possibly 'undefined'.
src/app/lms/component/student/code-editor.tsx(5037,44): error TS18048: 'exercise' is possibly 'undefined'.
src/app/lms/component/student/code-editor.tsx(5037,99): error TS18048: 'exercise' is possibly 'undefined'.
src/app/lms/component/student/code-editor.tsx(5037,143): error TS18048: 'exercise' is possibly 'undefined'.
src/app/lms/component/student/code-editor.tsx(5047,118): error TS18048: 'exercise' is possibly 'undefined'.
src/app/lms/component/student/code-editor.tsx(5049,30): error TS18048: 'exercise' is possibly 'undefined'.
src/app/lms/component/student/code-editor.tsx(5052,151): error TS18048: 'exercise' is possibly 'undefined'.
src/app/lms/component/student/code-editor.tsx(5055,30): error TS18048: 'exercise' is possibly 'undefined'.
src/app/lms/component/student/code-editor.tsx(5058,122): error TS18048: 'exercise' is possibly 'undefined'.
src/app/lms/component/student/code-editor.tsx(5061,30): error TS18048: 'exercise' is possibly 'undefined'.
src/app/lms/component/student/code-editor.tsx(5065,94): error TS18048: 'exercise' is possibly 'undefined'.
src/app/lms/component/student/code-editor.tsx(5065,181): error TS18048: 'exercise' is possibly 'undefined'.
src/app/lms/component/student/code-editor.tsx(5067,38): error TS18048: 'exercise' is possibly 'undefined'.
src/app/lms/component/student/code-editor.tsx(5070,130): error TS18048: 'exercise' is possibly 'undefined'.
src/app/lms/component/student/code-editor.tsx(5075,30): error TS18048: 'exercise' is possibly 'undefined'.
src/app/lms/component/student/code-editor.tsx(5078,131): error TS18048: 'exercise' is possibly 'undefined'.
src/app/lms/component/student/code-editor.tsx(5081,30): error TS18048: 'exercise' is possibly 'undefined'.
src/app/lms/component/student/code-editor.tsx(5084,131): error TS18048: 'exercise' is possibly 'undefined'.
src/app/lms/component/student/code-editor.tsx(5106,39): error TS18048: 'exercise' is possibly 'undefined'.
src/app/lms/component/student/code-editor.tsx(5106,94): error TS18048: 'exercise' is possibly 'undefined'.
src/app/lms/component/student/code-editor.tsx(5106,138): error TS18048: 'exercise' is possibly 'undefined'.
src/app/lms/component/student/code-editor.tsx(5107,33): error TS18048: 'exercise' is possibly 'undefined'.
src/app/lms/component/student/code-editor.tsx(5154,101): error TS18048: 'exercise' is possibly 'undefined'.
src/app/lms/component/student/code-editor.tsx(5205,75): error TS18048: 'ss' is possibly 'undefined'.
src/app/lms/component/student/code-editor.tsx(5209,138): error TS18048: 'ss' is possibly 'undefined'.
src/app/lms/component/student/db-queryEditor.tsx(875,33): error TS2322: Type 'number' is not assignable to type 'string'.
src/app/lms/component/student/db-queryEditor.tsx(877,33): error TS2322: Type 'number' is not assignable to type 'string'.
src/app/lms/component/student/db-queryEditor.tsx(879,33): error TS2322: Type 'boolean' is not assignable to type 'string'.
src/app/lms/component/student/db-queryEditor.tsx(1299,29): error TS2322: Type 'number' is not assignable to type 'string'.
src/app/lms/component/student/db-queryEditor.tsx(1301,29): error TS2322: Type 'number' is not assignable to type 'string'.
src/app/lms/component/student/db-queryEditor.tsx(1303,29): error TS2322: Type 'boolean' is not assignable to type 'string'.
src/app/lms/component/student/db-queryEditor.tsx(3458,25): error TS2322: Type 'string' is not assignable to type '"dark" | "light" | undefined'.
src/app/lms/component/student/db-queryEditor.tsx(3491,25): error TS2322: Type 'string' is not assignable to type '"dark" | "light" | undefined'.
src/app/lms/component/student/db-queryEditor.tsx(3505,29): error TS2322: Type 'string' is not assignable to type '"dark" | "light" | undefined'.
src/app/lms/component/student/db-queryEditor.tsx(3549,29): error TS2322: Type 'string' is not assignable to type '"dark" | "light" | undefined'.
src/app/lms/component/student/db-queryEditor.tsx(3566,29): error TS2322: Type 'string' is not assignable to type '"dark" | "light" | undefined'.
src/app/lms/component/student/exercises.tsx(365,32): error TS2339: Property 'otherMode' does not exist on type 'ConfigurationType'.
src/app/lms/component/student/exercises.tsx(1387,9): error TS2367: This comparison appears to be unintentional because the types 'string[]' and 'string' have no overlap.
src/app/lms/component/student/frontendCompiler.tsx(764,32): error TS2367: This comparison appears to be unintentional because the types '"dark" | "light"' and '"vs-dark"' have no overlap.
src/app/lms/component/student/frontendCompiler.tsx(765,28): error TS2367: This comparison appears to be unintentional because the types '"dark" | "light"' and '"vs-dark"' have no overlap.
src/app/lms/component/student/frontendCompiler.tsx(774,34): error TS2367: This comparison appears to be unintentional because the types '"dark" | "light"' and '"vs-dark"' have no overlap.
src/app/lms/component/student/frontendCompiler.tsx(775,30): error TS2367: This comparison appears to be unintentional because the types '"dark" | "light"' and '"vs-dark"' have no overlap.
src/app/lms/component/student/frontendCompiler.tsx(805,34): error TS2367: This comparison appears to be unintentional because the types '"dark" | "light"' and '"vs-dark"' have no overlap.
src/app/lms/component/student/frontendCompiler.tsx(1260,11): error TS2322: Type '{ image: { url: string; alt: string; } | null; onClose: () => void; theme: "dark" | "light"; }' is not assignable to type 'IntrinsicAttributes & { image: { url: string; alt: string; } | null; onClose: () => void; }'.
  Property 'theme' does not exist on type 'IntrinsicAttributes & { image: { url: string; alt: string; } | null; onClose: () => void; }'.
src/app/lms/component/student/frontendCompiler.tsx(1823,55): error TS2339: Property 'timerDuration' does not exist on type '{ timerEnabled: boolean | undefined; cameraMicEnabled: boolean | undefined; restrictMinimize: boolean | undefined; fullScreenMode: boolean | undefined; tabSwitchAllowed: boolean | undefined; maxTabSwitches: number; disableClipboard: boolean | undefined; screenRecordingEnabled: boolean; }'.
src/app/lms/component/student/frontendCompiler.tsx(1824,34): error TS2339: Property 'timerDuration' does not exist on type '{ timerEnabled: boolean | undefined; cameraMicEnabled: boolean | undefined; restrictMinimize: boolean | undefined; fullScreenMode: boolean | undefined; tabSwitchAllowed: boolean | undefined; maxTabSwitches: number; disableClipboard: boolean | undefined; screenRecordingEnabled: boolean; }'.
src/app/lms/component/student/frontendCompiler.tsx(2028,47): error TS2532: Object is possibly 'undefined'.
src/app/lms/component/student/frontendCompiler.tsx(2142,11): error TS2532: Object is possibly 'undefined'.
src/app/lms/component/student/frontendCompiler.tsx(2143,31): error TS18047: 'screenStream' is possibly 'null'.
src/app/lms/component/student/frontendCompiler.tsx(2144,18): error TS2532: Object is possibly 'undefined'.
src/app/lms/component/student/frontendCompiler.tsx(2145,31): error TS18047: 'cameraStream' is possibly 'null'.
src/app/lms/component/student/frontendCompiler.tsx(4309,80): error TS2322: Type '{ size: number; className: string; title: string; }' is not assignable to type 'IntrinsicAttributes & Omit<LucideProps, "ref"> & RefAttributes<SVGSVGElement>'.
  Property 'title' does not exist on type 'IntrinsicAttributes & Omit<LucideProps, "ref"> & RefAttributes<SVGSVGElement>'.
src/app/lms/component/student/frontendCompiler.tsx(4491,19): error TS2322: Type '{ size: number; className: string; title: string; onClick: (e: MouseEvent<SVGSVGElement, MouseEvent>) => void; }' is not assignable to type 'IntrinsicAttributes & Omit<LucideProps, "ref"> & RefAttributes<SVGSVGElement>'.
  Property 'title' does not exist on type 'IntrinsicAttributes & Omit<LucideProps, "ref"> & RefAttributes<SVGSVGElement>'.
src/app/lms/component/student/frontendCompiler.tsx(4693,91): error TS2339: Property 'timerDuration' does not exist on type '{ timerEnabled: boolean | undefined; cameraMicEnabled: boolean | undefined; restrictMinimize: boolean | undefined; fullScreenMode: boolean | undefined; tabSwitchAllowed: boolean | undefined; maxTabSwitches: number; disableClipboard: boolean | undefined; screenRecordingEnabled: boolean; }'.
src/app/lms/component/student/frontendCompiler.tsx(5284,21): error TS2769: No overload matches this call.
  Overload 1 of 2, '(props: EditorProps, context?: any): string | number | bigint | boolean | ReactElement<unknown, string | JSXElementConstructor<any>> | ... 4 more ... | undefined', gave the following error.
    Type '(content: string) => void' is not assignable to type 'OnChange'.
      Types of parameters 'content' and 'value' are incompatible.
        Type 'string | undefined' is not assignable to type 'string'.
          Type 'undefined' is not assignable to type 'string'.
  Overload 2 of 2, '(props: EditorProps): string | number | bigint | boolean | ReactElement<unknown, string | JSXElementConstructor<any>> | Iterable<...> | Promise<...> | Component<...> | null | undefined', gave the following error.
    Type '(content: string) => void' is not assignable to type 'OnChange'.
      Types of parameters 'content' and 'value' are incompatible.
        Type 'string | undefined' is not assignable to type 'string'.
          Type 'undefined' is not assignable to type 'string'.
src/app/lms/component/student/learning-activities.tsx(198,34): error TS7006: Parameter 'i' implicitly has an 'any' type.
src/app/lms/component/student/learning-activities.tsx(207,29): error TS7006: Parameter 'item' implicitly has an 'any' type.
src/app/lms/component/student/mcq.tsx(648,50): error TS2322: Type '"#3b82f6"' is not assignable to type '"#f9f9fb"'.
src/app/lms/component/student/mcq.tsx(648,68): error TS2322: Type '"#fff"' is not assignable to type '"#6b6b7e"'.
src/app/lms/component/student/mcq.tsx(648,85): error TS2322: Type '"#3b82f6"' is not assignable to type '"#eaeaef"'.
src/app/lms/component/student/mcq.tsx(649,51): error TS2322: Type '"rgba(34,197,94,0.09)"' is not assignable to type '"#f9f9fb"'.
src/app/lms/component/student/mcq.tsx(649,69): error TS2322: Type '"#16a34a"' is not assignable to type '"#6b6b7e"'.
src/app/lms/component/student/mcq.tsx(650,51): error TS2322: Type '"rgba(245,158,11,0.09)"' is not assignable to type '"#f9f9fb"'.
src/app/lms/component/student/mcq.tsx(650,69): error TS2322: Type '"#f59e0b"' is not assignable to type '"#6b6b7e"'.
src/app/lms/component/student/mcq.tsx(651,51): error TS2322: Type '"rgba(242,119,87,0.08)"' is not assignable to type '"#f9f9fb"'.
src/app/lms/component/student/mcq.tsx(651,69): error TS2322: Type '"#F27757"' is not assignable to type '"#6b6b7e"'.
src/app/lms/component/student/mcq.tsx(652,51): error TS2322: Type '"rgba(239,68,68,0.09)"' is not assignable to type '"#f9f9fb"'.
src/app/lms/component/student/mcq.tsx(652,69): error TS2322: Type '"#ef4444"' is not assignable to type '"#6b6b7e"'.
src/app/lms/component/student/MCQDisplayOverlay.tsx(5,21): error TS7006: Parameter 'seconds' implicitly has an 'any' type.
src/app/lms/component/student/MCQDisplayOverlay.tsx(13,25): error TS7031: Binding element 'question' implicitly has an 'any' type.
src/app/lms/component/student/MCQDisplayOverlay.tsx(13,35): error TS7031: Binding element 'questionIndex' implicitly has an 'any' type.
src/app/lms/component/student/MCQDisplayOverlay.tsx(13,50): error TS7031: Binding element 'totalQuestions' implicitly has an 'any' type.
src/app/lms/component/student/MCQDisplayOverlay.tsx(13,66): error TS7031: Binding element 'onNext' implicitly has an 'any' type.
src/app/lms/component/student/MCQDisplayOverlay.tsx(13,74): error TS7031: Binding element 'onPrev' implicitly has an 'any' type.
src/app/lms/component/student/MCQDisplayOverlay.tsx(13,82): error TS7031: Binding element 'onFinish' implicitly has an 'any' type.
src/app/lms/component/student/MCQDisplayOverlay.tsx(13,92): error TS7031: Binding element 'isLast' implicitly has an 'any' type.
src/app/lms/component/student/MCQDisplayOverlay.tsx(13,100): error TS7031: Binding element 'isFirst' implicitly has an 'any' type.
src/app/lms/component/student/MCQDisplayOverlay.tsx(25,28): error TS7006: Parameter 'opt' implicitly has an 'any' type.
src/app/lms/component/student/MCQDisplayOverlay.tsx(27,25): error TS7006: Parameter 'idx' implicitly has an 'any' type.
src/app/lms/component/student/MCQDisplayOverlay.tsx(46,27): error TS7006: Parameter 'idx' implicitly has an 'any' type.
src/app/lms/component/student/MCQDisplayOverlay.tsx(97,31): error TS7053: Element implicitly has an 'any' type because expression of type 'any' can't be used to index type '{ 1: string; 2: string; 3: string; 4: string; }'.
src/app/lms/component/student/MCQDisplayOverlay.tsx(98,23): error TS7006: Parameter 'opt' implicitly has an 'any' type.
src/app/lms/component/student/MCQDisplayOverlay.tsx(98,28): error TS7006: Parameter 'idx' implicitly has an 'any' type.
src/app/lms/component/student/MCQDisplayOverlay.tsx(177,45): error TS7031: Binding element 'questions' implicitly has an 'any' type.
src/app/lms/component/student/MCQDisplayOverlay.tsx(177,56): error TS7031: Binding element 'timestamp' implicitly has an 'any' type.
src/app/lms/component/student/MCQDisplayOverlay.tsx(177,67): error TS7031: Binding element 'onResume' implicitly has an 'any' type.
src/app/lms/component/student/MCQDisplayOverlay.tsx(177,77): error TS7031: Binding element 'onDismiss' implicitly has an 'any' type.
src/app/lms/component/student/MCQDisplayOverlay.tsx(233,33): error TS7006: Parameter '_' implicitly has an 'any' type.
src/app/lms/component/student/MCQDisplayOverlay.tsx(233,36): error TS7006: Parameter 'i' implicitly has an 'any' type.
src/app/lms/component/student/notes-panel.tsx(278,11): error TS2353: Object literal may only specify known properties, and 'userId' does not exist in type 'Note'.
src/app/lms/component/student/notes-panel.tsx(365,15): error TS2353: Object literal may only specify known properties, and 'userId' does not exist in type 'Note'.
src/app/lms/component/student/section-based-assessments.tsx(582,7): error TS2719: Type 'SectionBasedExercise' is not assignable to type 'SectionBasedExercise'. Two different types with this name exist, but they are unrelated.
  Types of property 'questions' are incompatible.
    Type 'SectionQuestion[] | undefined' is not assignable to type 'TestQuestion[] | undefined'.
      Type 'SectionQuestion[]' is not assignable to type 'TestQuestion[]'.
        Property '_id' is missing in type 'SectionQuestion' but required in type 'TestQuestion'.
src/app/lms/component/student/summary-chat.tsx(329,9): error TS7031: Binding element 'isVisible' implicitly has an 'any' type.
src/app/lms/component/student/summary-chat.tsx(1152,49): error TS2339: Property 'extractedContent' does not exist on type 'File'.
src/app/lms/component/student/summary-chat.tsx(2409,48): error TS7006: Parameter 'module' implicitly has an 'any' type.
src/app/lms/component/student/summary-chat.tsx(2416,48): error TS7006: Parameter 'module' implicitly has an 'any' type.
src/app/lms/component/student/summary-chat.tsx(2418,55): error TS7006: Parameter 'subModule' implicitly has an 'any' type.
src/app/lms/component/student/summary-chat.tsx(2429,48): error TS7006: Parameter 'module' implicitly has an 'any' type.
src/app/lms/component/student/summary-chat.tsx(2431,55): error TS7006: Parameter 'subModule' implicitly has an 'any' type.
src/app/lms/component/student/summary-chat.tsx(2433,62): error TS7006: Parameter 'topic' implicitly has an 'any' type.
src/app/lms/component/student/summary-chat.tsx(2448,51): error TS7006: Parameter 'topic' implicitly has an 'any' type.
src/app/lms/component/student/summary-chat.tsx(2459,48): error TS7006: Parameter 'module' implicitly has an 'any' type.
src/app/lms/component/student/summary-chat.tsx(2461,55): error TS7006: Parameter 'subModule' implicitly has an 'any' type.
src/app/lms/component/student/summary-chat.tsx(2463,62): error TS7006: Parameter 'topic' implicitly has an 'any' type.
src/app/lms/component/student/summary-chat.tsx(2465,69): error TS7006: Parameter 'subTopic' implicitly has an 'any' type.
src/app/lms/component/student/summary-chat.tsx(2484,51): error TS7006: Parameter 'topic' implicitly has an 'any' type.
src/app/lms/component/student/summary-chat.tsx(2486,61): error TS7006: Parameter 'subTopic' implicitly has an 'any' type.
src/app/lms/component/student/summary-chat.tsx(2862,83): error TS2339: Property 'parentModuleTitle' does not exist on type 'CourseItem'.
src/app/lms/component/student/summary-chat.tsx(2863,75): error TS2339: Property 'parentModuleTitle' does not exist on type 'CourseItem'.
src/app/lms/component/student/summary-chat.tsx(2865,58): error TS2339: Property 'parentSubModuleTitle' does not exist on type 'CourseItem'.
src/app/lms/component/student/summary-chat.tsx(2866,74): error TS2339: Property 'parentSubModuleTitle' does not exist on type 'CourseItem'.
src/app/lms/component/student/summary-chat.tsx(2866,105): error TS2339: Property 'parentModuleTitle' does not exist on type 'CourseItem'.
src/app/lms/component/student/summary-chat.tsx(2867,65): error TS2339: Property 'parentModuleTitle' does not exist on type 'CourseItem'.
src/app/lms/component/student/summary-chat.tsx(2868,79): error TS2339: Property 'parentModuleTitle' does not exist on type 'CourseItem'.
src/app/lms/component/student/summary-chat.tsx(2871,58): error TS2339: Property 'parentTopicTitle' does not exist on type 'CourseItem'.
src/app/lms/component/student/summary-chat.tsx(2872,74): error TS2339: Property 'parentTopicTitle' does not exist on type 'CourseItem'.
src/app/lms/component/student/summary-chat.tsx(2872,101): error TS2339: Property 'parentModuleTitle' does not exist on type 'CourseItem'.
src/app/lms/component/student/summary-chat.tsx(2948,39): error TS2339: Property 'parentModuleId' does not exist on type 'CourseItem'.
src/app/lms/component/student/summary-chat.tsx(2962,39): error TS2339: Property 'parentSubModuleId' does not exist on type 'CourseItem'.
src/app/lms/component/student/summary-chat.tsx(2976,46): error TS2339: Property 'parentTopicId' does not exist on type 'CourseItem'.
src/app/lms/component/student/summary-chat.tsx(2980,57): error TS2345: Argument of type '{ item: CourseItem; type: string; children: never[]; level: number; }' is not assignable to parameter of type 'never'.
src/app/lms/component/student/summary-chat.tsx(2988,57): error TS2345: Argument of type '{ item: CourseItem; type: string; children: never[]; level: number; }' is not assignable to parameter of type 'never'.
src/app/lms/component/student/summary-chat.tsx(2991,50): error TS2345: Argument of type '{ item: CourseItem; type: string; children: never[]; level: number; }' is not assignable to parameter of type 'never'.
src/app/lms/component/student/summary-chat.tsx(2997,35): error TS2339: Property 'parentModuleId' does not exist on type 'CourseItem'.
src/app/lms/component/student/summary-chat.tsx(2998,36): error TS2339: Property 'parentSubModuleId' does not exist on type 'CourseItem'.
src/app/lms/component/student/summary-chat.tsx(3012,42): error TS2339: Property 'parentTopicId' does not exist on type 'CourseItem'.
src/app/lms/component/student/summary-chat.tsx(3016,53): error TS2345: Argument of type '{ item: CourseItem; type: string; children: never[]; level: number; }' is not assignable to parameter of type 'never'.
src/app/lms/component/student/summary-chat.tsx(3024,50): error TS2345: Argument of type '{ item: CourseItem; type: string; children: never[]; level: number; }' is not assignable to parameter of type 'never'.
src/app/lms/component/student/summary-chat.tsx(3272,122): error TS7006: Parameter 'subTopicNode' implicitly has an 'any' type.
src/app/lms/component/student/summary-chat.tsx(3272,136): error TS7006: Parameter 'subIndex' implicitly has an 'any' type.
src/app/lms/component/student/summary-chat.tsx(3699,32): error TS2345: Argument of type 'string' is not assignable to parameter of type 'SetStateAction<null>'.
src/app/lms/component/student/summary-chat.tsx(3716,32): error TS2345: Argument of type 'string' is not assignable to parameter of type 'SetStateAction<null>'.
src/app/lms/component/student/summary-chat.tsx(4033,62): error TS2339: Property 'wordCount' does not exist on type 'Message'.
src/app/lms/component/student/summary-chat.tsx(4036,76): error TS2339: Property 'wordCount' does not exist on type 'Message'.
src/app/lms/component/student/SummaryTutorial.tsx(20,26): error TS2503: Cannot find namespace 'Shepherd'.
src/app/lms/component/student/SummaryTutorial.tsx(215,9): error TS2353: Object literal may only specify known properties, and 'popperOptions' does not exist in type 'StepOptions'.
src/app/lms/component/student/video-player.tsx(1237,13): error TS2353: Object literal may only specify known properties, and 'hierarchy' does not exist in type '{ topicTitle?: string | undefined; fileName?: string | undefined; fileType?: string | undefined; isDocumentView?: boolean | undefined; }'.
src/app/lms/component/student/YouDo/assessment/components/code-editor.tsx(1819,21): error TS2353: Object literal may only specify known properties, and 'mediaSource' does not exist in type 'MediaTrackConstraints'.
src/app/lms/component/student/YouDo/assessment/components/code-editor.tsx(2049,17): error TS2532: Object is possibly 'undefined'.
src/app/lms/component/student/YouDo/assessment/components/code-editor.tsx(2050,34): error TS18047: 'cameraStream' is possibly 'null'.
src/app/lms/component/student/YouDo/assessment/components/code-editor.tsx(3519,59): error TS2339: Property 'allQuestionsRequired' does not exist on type 'QuestionBehavior'.
src/app/lms/component/student/YouDo/assessment/components/code-editor.tsx(3785,55): error TS2339: Property '_id' does not exist on type 'ProblemData'.
src/app/lms/component/student/YouDo/assessment/components/code-editor.tsx(3786,57): error TS2339: Property '_id' does not exist on type 'ProblemData'.
src/app/lms/component/student/YouDo/assessment/components/code-editor.tsx(3803,65): error TS2339: Property '_id' does not exist on type 'ProblemData'.
src/app/lms/component/student/YouDo/assessment/components/code-editor.tsx(3803,113): error TS2339: Property '_id' does not exist on type 'ProblemData'.
src/app/lms/component/student/YouDo/assessment/components/code-editor.tsx(4173,47): error TS2339: Property 'isGraded' does not exist on type 'Exercise'.
src/app/lms/component/student/YouDo/assessment/components/code-editor.tsx(4181,38): error TS2339: Property 'isGraded' does not exist on type 'Exercise'.
src/app/lms/component/student/YouDo/assessment/components/code-editor.tsx(4261,89): error TS2339: Property 'allQuestionsRequired' does not exist on type 'QuestionBehavior'.
src/app/lms/component/student/YouDo/assessment/components/code-editor.tsx(4808,64): error TS2339: Property 'isGraded' does not exist on type 'Exercise'.
src/app/lms/component/student/YouDo/assessment/components/code-editor.tsx(4945,48): error TS2339: Property 'isGraded' does not exist on type 'Exercise'.
src/app/lms/component/student/YouDo/assessment/components/code-editor.tsx(4951,89): error TS2367: This comparison appears to be unintentional because the types 'Record<string, number> | undefined' and 'string' have no overlap.
src/app/lms/component/student/YouDo/assessment/components/code-editor.tsx(5498,30): error TS18048: 'exercise' is possibly 'undefined'.
src/app/lms/component/student/YouDo/assessment/components/code-editor.tsx(5501,205): error TS18048: 'exercise' is possibly 'undefined'.
src/app/lms/component/student/YouDo/assessment/components/code-editor.tsx(5504,30): error TS18048: 'exercise' is possibly 'undefined'.
src/app/lms/component/student/YouDo/assessment/components/code-editor.tsx(5507,151): error TS18048: 'exercise' is possibly 'undefined'.
src/app/lms/component/student/YouDo/assessment/components/code-editor.tsx(5510,30): error TS18048: 'exercise' is possibly 'undefined'.
src/app/lms/component/student/YouDo/assessment/components/code-editor.tsx(5513,122): error TS18048: 'exercise' is possibly 'undefined'.
src/app/lms/component/student/YouDo/assessment/components/code-editor.tsx(5517,44): error TS18048: 'exercise' is possibly 'undefined'.
src/app/lms/component/student/YouDo/assessment/components/code-editor.tsx(5517,99): error TS18048: 'exercise' is possibly 'undefined'.
src/app/lms/component/student/YouDo/assessment/components/code-editor.tsx(5517,143): error TS18048: 'exercise' is possibly 'undefined'.
src/app/lms/component/student/YouDo/assessment/components/code-editor.tsx(5527,118): error TS18048: 'exercise' is possibly 'undefined'.
src/app/lms/component/student/YouDo/assessment/components/code-editor.tsx(5529,30): error TS18048: 'exercise' is possibly 'undefined'.
src/app/lms/component/student/YouDo/assessment/components/code-editor.tsx(5532,151): error TS18048: 'exercise' is possibly 'undefined'.
src/app/lms/component/student/YouDo/assessment/components/code-editor.tsx(5535,30): error TS18048: 'exercise' is possibly 'undefined'.
src/app/lms/component/student/YouDo/assessment/components/code-editor.tsx(5538,122): error TS18048: 'exercise' is possibly 'undefined'.
src/app/lms/component/student/YouDo/assessment/components/code-editor.tsx(5541,30): error TS18048: 'exercise' is possibly 'undefined'.
src/app/lms/component/student/YouDo/assessment/components/code-editor.tsx(5545,94): error TS18048: 'exercise' is possibly 'undefined'.
src/app/lms/component/student/YouDo/assessment/components/code-editor.tsx(5545,181): error TS18048: 'exercise' is possibly 'undefined'.
src/app/lms/component/student/YouDo/assessment/components/code-editor.tsx(5547,38): error TS18048: 'exercise' is possibly 'undefined'.
src/app/lms/component/student/YouDo/assessment/components/code-editor.tsx(5550,130): error TS18048: 'exercise' is possibly 'undefined'.
src/app/lms/component/student/YouDo/assessment/components/code-editor.tsx(5555,30): error TS18048: 'exercise' is possibly 'undefined'.
src/app/lms/component/student/YouDo/assessment/components/code-editor.tsx(5558,131): error TS18048: 'exercise' is possibly 'undefined'.
src/app/lms/component/student/YouDo/assessment/components/code-editor.tsx(5561,30): error TS18048: 'exercise' is possibly 'undefined'.
src/app/lms/component/student/YouDo/assessment/components/code-editor.tsx(5564,131): error TS18048: 'exercise' is possibly 'undefined'.
src/app/lms/component/student/YouDo/assessment/components/code-editor.tsx(5586,39): error TS18048: 'exercise' is possibly 'undefined'.
src/app/lms/component/student/YouDo/assessment/components/code-editor.tsx(5586,94): error TS18048: 'exercise' is possibly 'undefined'.
src/app/lms/component/student/YouDo/assessment/components/code-editor.tsx(5586,138): error TS18048: 'exercise' is possibly 'undefined'.
src/app/lms/component/student/YouDo/assessment/components/code-editor.tsx(5587,33): error TS18048: 'exercise' is possibly 'undefined'.
src/app/lms/component/student/YouDo/assessment/components/code-editor.tsx(5634,101): error TS18048: 'exercise' is possibly 'undefined'.
src/app/lms/component/student/YouDo/assessment/components/code-editor.tsx(5685,75): error TS18048: 'ss' is possibly 'undefined'.
src/app/lms/component/student/YouDo/assessment/components/code-editor.tsx(5689,138): error TS18048: 'ss' is possibly 'undefined'.
src/app/lms/component/student/YouDo/assessment/components/db-queryEditor.tsx(896,33): error TS2322: Type 'number' is not assignable to type 'string'.
src/app/lms/component/student/YouDo/assessment/components/db-queryEditor.tsx(898,33): error TS2322: Type 'number' is not assignable to type 'string'.
src/app/lms/component/student/YouDo/assessment/components/db-queryEditor.tsx(900,33): error TS2322: Type 'boolean' is not assignable to type 'string'.
src/app/lms/component/student/YouDo/assessment/components/db-queryEditor.tsx(1320,29): error TS2322: Type 'number' is not assignable to type 'string'.
src/app/lms/component/student/YouDo/assessment/components/db-queryEditor.tsx(1322,29): error TS2322: Type 'number' is not assignable to type 'string'.
src/app/lms/component/student/YouDo/assessment/components/db-queryEditor.tsx(1324,29): error TS2322: Type 'boolean' is not assignable to type 'string'.
src/app/lms/component/student/YouDo/assessment/components/db-queryEditor.tsx(3748,25): error TS2322: Type 'string' is not assignable to type '"dark" | "light" | undefined'.
src/app/lms/component/student/YouDo/assessment/components/db-queryEditor.tsx(3781,25): error TS2322: Type 'string' is not assignable to type '"dark" | "light" | undefined'.
src/app/lms/component/student/YouDo/assessment/components/db-queryEditor.tsx(3795,29): error TS2322: Type 'string' is not assignable to type '"dark" | "light" | undefined'.
src/app/lms/component/student/YouDo/assessment/components/db-queryEditor.tsx(3839,29): error TS2322: Type 'string' is not assignable to type '"dark" | "light" | undefined'.
src/app/lms/component/student/YouDo/assessment/components/db-queryEditor.tsx(3856,29): error TS2322: Type 'string' is not assignable to type '"dark" | "light" | undefined'.
src/app/lms/component/student/YouDo/assessment/components/frontendCompiler.tsx(834,32): error TS2367: This comparison appears to be unintentional because the types '"dark" | "light"' and '"vs-dark"' have no overlap.
src/app/lms/component/student/YouDo/assessment/components/frontendCompiler.tsx(835,28): error TS2367: This comparison appears to be unintentional because the types '"dark" | "light"' and '"vs-dark"' have no overlap.
src/app/lms/component/student/YouDo/assessment/components/frontendCompiler.tsx(844,34): error TS2367: This comparison appears to be unintentional because the types '"dark" | "light"' and '"vs-dark"' have no overlap.
src/app/lms/component/student/YouDo/assessment/components/frontendCompiler.tsx(845,30): error TS2367: This comparison appears to be unintentional because the types '"dark" | "light"' and '"vs-dark"' have no overlap.
src/app/lms/component/student/YouDo/assessment/components/frontendCompiler.tsx(875,34): error TS2367: This comparison appears to be unintentional because the types '"dark" | "light"' and '"vs-dark"' have no overlap.
src/app/lms/component/student/YouDo/assessment/components/frontendCompiler.tsx(1330,11): error TS2322: Type '{ image: { url: string; alt: string; } | null; onClose: () => void; theme: "dark" | "light"; }' is not assignable to type 'IntrinsicAttributes & { image: { url: string; alt: string; } | null; onClose: () => void; }'.
  Property 'theme' does not exist on type 'IntrinsicAttributes & { image: { url: string; alt: string; } | null; onClose: () => void; }'.
src/app/lms/component/student/YouDo/assessment/components/frontendCompiler.tsx(1835,76): error TS2554: Expected 1 arguments, but got 2.
src/app/lms/component/student/YouDo/assessment/components/frontendCompiler.tsx(2151,47): error TS2532: Object is possibly 'undefined'.
src/app/lms/component/student/YouDo/assessment/components/frontendCompiler.tsx(2265,11): error TS2532: Object is possibly 'undefined'.
src/app/lms/component/student/YouDo/assessment/components/frontendCompiler.tsx(2266,31): error TS18047: 'screenStream' is possibly 'null'.
src/app/lms/component/student/YouDo/assessment/components/frontendCompiler.tsx(2267,18): error TS2532: Object is possibly 'undefined'.
src/app/lms/component/student/YouDo/assessment/components/frontendCompiler.tsx(2268,31): error TS18047: 'cameraStream' is possibly 'null'.
src/app/lms/component/student/YouDo/assessment/components/frontendCompiler.tsx(4526,80): error TS2322: Type '{ size: number; className: string; title: string; }' is not assignable to type 'IntrinsicAttributes & Omit<LucideProps, "ref"> & RefAttributes<SVGSVGElement>'.
  Property 'title' does not exist on type 'IntrinsicAttributes & Omit<LucideProps, "ref"> & RefAttributes<SVGSVGElement>'.
src/app/lms/component/student/YouDo/assessment/components/frontendCompiler.tsx(4708,19): error TS2322: Type '{ size: number; className: string; title: string; onClick: (e: MouseEvent<SVGSVGElement, MouseEvent>) => void; }' is not assignable to type 'IntrinsicAttributes & Omit<LucideProps, "ref"> & RefAttributes<SVGSVGElement>'.
  Property 'title' does not exist on type 'IntrinsicAttributes & Omit<LucideProps, "ref"> & RefAttributes<SVGSVGElement>'.
src/app/lms/component/student/YouDo/assessment/components/frontendCompiler.tsx(5519,21): error TS2769: No overload matches this call.
  Overload 1 of 2, '(props: EditorProps, context?: any): string | number | bigint | boolean | ReactElement<unknown, string | JSXElementConstructor<any>> | ... 4 more ... | undefined', gave the following error.
    Type '(content: string) => void' is not assignable to type 'OnChange'.
      Types of parameters 'content' and 'value' are incompatible.
        Type 'string | undefined' is not assignable to type 'string'.
          Type 'undefined' is not assignable to type 'string'.
  Overload 2 of 2, '(props: EditorProps): string | number | bigint | boolean | ReactElement<unknown, string | JSXElementConstructor<any>> | Iterable<...> | Promise<...> | Component<...> | null | undefined', gave the following error.
    Type '(content: string) => void' is not assignable to type 'OnChange'.
      Types of parameters 'content' and 'value' are incompatible.
        Type 'string | undefined' is not assignable to type 'string'.
          Type 'undefined' is not assignable to type 'string'.
src/app/lms/component/student/YouDo/assessment/components/mcq.tsx(554,50): error TS2322: Type '"#3b82f6"' is not assignable to type '"#f9f9fb"'.
src/app/lms/component/student/YouDo/assessment/components/mcq.tsx(554,68): error TS2322: Type '"#fff"' is not assignable to type '"#6b6b7e"'.
src/app/lms/component/student/YouDo/assessment/components/mcq.tsx(554,85): error TS2322: Type '"#3b82f6"' is not assignable to type '"#eaeaef"'.
src/app/lms/component/student/YouDo/assessment/components/mcq.tsx(555,51): error TS2322: Type '"rgba(34,197,94,0.09)"' is not assignable to type '"#f9f9fb"'.
src/app/lms/component/student/YouDo/assessment/components/mcq.tsx(555,69): error TS2322: Type '"#16a34a"' is not assignable to type '"#6b6b7e"'.
src/app/lms/component/student/YouDo/assessment/components/mcq.tsx(556,51): error TS2322: Type '"rgba(245,158,11,0.09)"' is not assignable to type '"#f9f9fb"'.
src/app/lms/component/student/YouDo/assessment/components/mcq.tsx(556,69): error TS2322: Type '"#f59e0b"' is not assignable to type '"#6b6b7e"'.
src/app/lms/component/student/YouDo/assessment/components/mcq.tsx(557,51): error TS2322: Type '"rgba(242,119,87,0.08)"' is not assignable to type '"#f9f9fb"'.
src/app/lms/component/student/YouDo/assessment/components/mcq.tsx(557,69): error TS2322: Type '"#F27757"' is not assignable to type '"#6b6b7e"'.
src/app/lms/component/student/YouDo/assessment/components/mcq.tsx(558,51): error TS2322: Type '"rgba(239,68,68,0.09)"' is not assignable to type '"#f9f9fb"'.
src/app/lms/component/student/YouDo/assessment/components/mcq.tsx(558,69): error TS2322: Type '"#ef4444"' is not assignable to type '"#6b6b7e"'.
src/app/lms/component/student/YouDo/assessment/components/mcq.tsx(1048,56): error TS2339: Property 'securitySettings' does not exist on type 'ExerciseData'.
src/app/lms/component/student/YouDo/assessment/components/mcq.tsx(1078,50): error TS2339: Property 'securitySettings' does not exist on type 'ExerciseData'.
src/app/lms/component/student/YouDo/assessment/questionbank/MCQFields.tsx(497,71): error TS2345: Argument of type '() => QuestionBlock[] | { id: any; type: QuestionType; questionText: string; questionCategory: any; isActive: any; title: string; description: string; options: any; ... 19 more ...; optionsPerRow: any; }[]' is not assignable to parameter of type 'QuestionBlock[] | (() => QuestionBlock[])'.
  Type '() => QuestionBlock[] | { id: any; type: QuestionType; questionText: string; questionCategory: any; isActive: any; title: string; description: string; options: any; ... 19 more ...; optionsPerRow: any; }[]' is not assignable to type '() => QuestionBlock[]'.
    Type 'QuestionBlock[] | { id: any; type: QuestionType; questionText: string; questionCategory: any; isActive: any; title: string; description: string; options: any; ... 19 more ...; optionsPerRow: any; }[]' is not assignable to type 'QuestionBlock[]'.
      Type '{ id: any; type: QuestionType; questionText: string; questionCategory: any; isActive: any; title: string; description: string; options: any; matchingPairs: any; orderingItems: any; ... 17 more ...; optionsPerRow: any; }[]' is not assignable to type 'QuestionBlock[]'.
        Type '{ id: any; type: QuestionType; questionText: string; questionCategory: any; isActive: any; title: string; description: string; options: any; matchingPairs: any; orderingItems: any; ... 17 more ...; optionsPerRow: any; }' is not assignable to type 'QuestionBlock'.
          Types of property 'questionImageAlignment' are incompatible.
            Type 'string' is not assignable to type '"center" | "left" | "right" | undefined'.
src/app/lms/component/student/YouDo/assessment/questionbank/MCQFields.tsx(1860,75): error TS18048: 'block.numericTolerance' is possibly 'undefined'.
src/app/lms/component/student/YouDo/assessment/questionbank/MCQFields.tsx(1863,31): error TS18048: 'block.numericAnswer' is possibly 'undefined'.
src/app/lms/component/student/YouDo/assessment/questionbank/MCQFields.tsx(1863,53): error TS18048: 'block.numericTolerance' is possibly 'undefined'.
src/app/lms/component/student/YouDo/assessment/questionbank/MCQFields.tsx(1863,94): error TS18048: 'block.numericAnswer' is possibly 'undefined'.
src/app/lms/component/student/YouDo/assessment/questionbank/MCQFields.tsx(1863,116): error TS18048: 'block.numericTolerance' is possibly 'undefined'.
src/app/lms/component/student/YouDo/assessment/questionbank/ProgrammingFields.tsx(3,42): error TS2307: Cannot find module '../../../../apiServices/type/question' or its corresponding type declarations.
src/app/lms/component/student/YouDo/assessment/questionbank/QuestionList.tsx(927,36): error TS18048: 'tc.points' is possibly 'undefined'.
src/app/lms/component/student/YouDo/testYourSkillMcqquestion.tsx(1065,29): error TS2322: Type '"#22c55e"' is not assignable to type '"#9b9bae"'.
src/app/lms/component/student/YouDo/testYourSkillMcqquestion.tsx(1068,29): error TS2322: Type '"#ef4444"' is not assignable to type '"#9b9bae"'.
src/app/lms/component/student/YouDo/testYourSkillMcqquestion.tsx(1071,29): error TS2322: Type '"#ef4444"' is not assignable to type '"#9b9bae"'.
src/app/lms/component/student/YouDo/testYourSkillMcqquestion.tsx(1348,35): error TS2322: Type '"#F27757"' is not assignable to type '"#f9f9fb"'.
src/app/lms/component/student/YouDo/testYourSkillMcqquestion.tsx(1348,55): error TS2322: Type '"#fff"' is not assignable to type '"#6b6b7e"'.
src/app/lms/component/student/YouDo/testYourSkillMcqquestion.tsx(1348,74): error TS2322: Type '"#F27757"' is not assignable to type '"#eaeaef"'.
src/app/lms/component/student/YouDo/testYourSkillMcqquestion.tsx(1349,35): error TS2322: Type '"rgba(139,92,246,0.09)"' is not assignable to type '"#f9f9fb"'.
src/app/lms/component/student/YouDo/testYourSkillMcqquestion.tsx(1349,56): error TS2322: Type '"#8b5cf6"' is not assignable to type '"#6b6b7e"'.
src/app/lms/component/student/YouDo/testYourSkillMcqquestion.tsx(1350,35): error TS2322: Type '"rgba(34,197,94,0.09)"' is not assignable to type '"#f9f9fb"'.
src/app/lms/component/student/YouDo/testYourSkillMcqquestion.tsx(1350,56): error TS2322: Type '"#16a34a"' is not assignable to type '"#6b6b7e"'.
src/app/lms/component/student/YouDo/testYourSkillMcqquestion.tsx(1351,35): error TS2322: Type '"rgba(245,158,11,0.09)"' is not assignable to type '"#f9f9fb"'.
src/app/lms/component/student/YouDo/testYourSkillMcqquestion.tsx(1351,56): error TS2322: Type '"#f59e0b"' is not assignable to type '"#6b6b7e"'.
src/app/lms/component/videosViewer.tsx(14,21): error TS7006: Parameter 'seconds' implicitly has an 'any' type.
src/app/lms/component/videosViewer.tsx(36,27): error TS7031: Binding element 'value' implicitly has an 'any' type.
src/app/lms/component/videosViewer.tsx(36,34): error TS7031: Binding element 'onChange' implicitly has an 'any' type.
src/app/lms/component/videosViewer.tsx(36,44): error TS7031: Binding element 'placeholder' implicitly has an 'any' type.
src/app/lms/component/videosViewer.tsx(41,36): error TS2339: Property 'innerHTML' does not exist on type 'never'.
src/app/lms/component/videosViewer.tsx(42,19): error TS2339: Property 'innerHTML' does not exist on type 'never'.
src/app/lms/component/videosViewer.tsx(46,17): error TS7006: Parameter 'cmd' implicitly has an 'any' type.
src/app/lms/component/videosViewer.tsx(48,43): error TS2339: Property 'innerHTML' does not exist on type 'never'.
src/app/lms/component/videosViewer.tsx(55,19): error TS2322: Type 'string | Element' is not assignable to type 'Key | null | undefined'.
  Type 'Element' is not assignable to type 'Key | null | undefined'.
src/app/lms/component/videosViewer.tsx(74,25): error TS7031: Binding element 'alignment' implicitly has an 'any' type.
src/app/lms/component/videosViewer.tsx(74,36): error TS7031: Binding element 'sizePercent' implicitly has an 'any' type.
src/app/lms/component/videosViewer.tsx(74,49): error TS7031: Binding element 'onAlignmentChange' implicitly has an 'any' type.
src/app/lms/component/videosViewer.tsx(74,68): error TS7031: Binding element 'onSizeChange' implicitly has an 'any' type.
src/app/lms/component/videosViewer.tsx(74,82): error TS7031: Binding element 'onRemove' implicitly has an 'any' type.
src/app/lms/component/videosViewer.tsx(74,92): error TS7031: Binding element 'onClose' implicitly has an 'any' type.
src/app/lms/component/videosViewer.tsx(107,32): error TS7031: Binding element 'value' implicitly has an 'any' type.
src/app/lms/component/videosViewer.tsx(107,39): error TS7031: Binding element 'onChange' implicitly has an 'any' type.
src/app/lms/component/videosViewer.tsx(123,25): error TS7031: Binding element 'isOpen' implicitly has an 'any' type.
src/app/lms/component/videosViewer.tsx(123,33): error TS7031: Binding element 'onClose' implicitly has an 'any' type.
src/app/lms/component/videosViewer.tsx(123,42): error TS7031: Binding element 'onCollapseAll' implicitly has an 'any' type.
src/app/lms/component/videosViewer.tsx(123,57): error TS7031: Binding element 'onExpandAll' implicitly has an 'any' type.
src/app/lms/component/videosViewer.tsx(140,35): error TS7031: Binding element 'isOpen' implicitly has an 'any' type.
src/app/lms/component/videosViewer.tsx(140,43): error TS7031: Binding element 'duplicateCount' implicitly has an 'any' type.
src/app/lms/component/videosViewer.tsx(140,59): error TS7031: Binding element 'onAddAnyway' implicitly has an 'any' type.
src/app/lms/component/videosViewer.tsx(140,72): error TS7031: Binding element 'onCancel' implicitly has an 'any' type.
src/app/lms/component/videosViewer.tsx(167,3): error TS7031: Binding element 'onClose' implicitly has an 'any' type.
src/app/lms/component/videosViewer.tsx(168,3): error TS7031: Binding element 'onSave' implicitly has an 'any' type.
src/app/lms/component/videosViewer.tsx(170,3): error TS7031: Binding element 'fileId' implicitly has an 'any' type.
src/app/lms/component/videosViewer.tsx(171,3): error TS7031: Binding element 'fileName' implicitly has an 'any' type.
src/app/lms/component/videosViewer.tsx(172,3): error TS7031: Binding element 'entityType' implicitly has an 'any' type.
src/app/lms/component/videosViewer.tsx(173,3): error TS7031: Binding element 'entityId' implicitly has an 'any' type.
src/app/lms/component/videosViewer.tsx(174,3): error TS7031: Binding element 'tabType' implicitly has an 'any' type.
src/app/lms/component/videosViewer.tsx(175,3): error TS7031: Binding element 'subcategory' implicitly has an 'any' type.
src/app/lms/component/videosViewer.tsx(235,24): error TS7006: Parameter 'id' implicitly has an 'any' type.
src/app/lms/component/videosViewer.tsx(235,28): error TS7006: Parameter 'patch' implicitly has an 'any' type.
src/app/lms/component/videosViewer.tsx(237,30): error TS7006: Parameter 'id' implicitly has an 'any' type.
src/app/lms/component/videosViewer.tsx(237,34): error TS7006: Parameter 'patch' implicitly has an 'any' type.
src/app/lms/component/videosViewer.tsx(244,25): error TS7006: Parameter 'bid' implicitly has an 'any' type.
src/app/lms/component/videosViewer.tsx(244,30): error TS7006: Parameter 'oid' implicitly has an 'any' type.
src/app/lms/component/videosViewer.tsx(244,35): error TS7006: Parameter 'patch' implicitly has an 'any' type.
src/app/lms/component/videosViewer.tsx(260,24): error TS7006: Parameter 'id' implicitly has an 'any' type.
src/app/lms/component/videosViewer.tsx(267,54): error TS7053: Element implicitly has an 'any' type because expression of type 'any' can't be used to index type '{}'.
src/app/lms/component/videosViewer.tsx(271,22): error TS7006: Parameter 'id' implicitly has an 'any' type.
src/app/lms/component/videosViewer.tsx(271,26): error TS7006: Parameter 'dir' implicitly has an 'any' type.
src/app/lms/component/videosViewer.tsx(281,27): error TS7006: Parameter 'id' implicitly has an 'any' type.
src/app/lms/component/videosViewer.tsx(294,33): error TS2339: Property 'startsWith' does not exist on type 'never'.
src/app/lms/component/videosViewer.tsx(299,15): error TS2345: Argument of type '(bs: { id: string; isActive: boolean; sequence: number; timestamp: number; videoTimestamp: number; mcqQuestion: { questionTitle: string; options: { id: string; text: string; isCorrect: boolean; imageUrl: null; imageAlignment: string; imageSizePercent: number; }[]; correctAnswers: never[]; explanation: string; }; ......' is not assignable to parameter of type 'SetStateAction<{ id: string; isActive: boolean; sequence: number; timestamp: number; videoTimestamp: number; mcqQuestion: { questionTitle: string; options: { id: string; text: string; isCorrect: boolean; imageUrl: null; imageAlignment: string; imageSizePercent: number; }[]; correctAnswers: never[]; explanation: stri...'.
  Type '(bs: { id: string; isActive: boolean; sequence: number; timestamp: number; videoTimestamp: number; mcqQuestion: { questionTitle: string; options: { id: string; text: string; isCorrect: boolean; imageUrl: null; imageAlignment: string; imageSizePercent: number; }[]; correctAnswers: never[]; explanation: string; }; ......' is not assignable to type '(prevState: { id: string; isActive: boolean; sequence: number; timestamp: number; videoTimestamp: number; mcqQuestion: { questionTitle: string; options: { id: string; text: string; isCorrect: boolean; imageUrl: null; imageAlignment: string; imageSizePercent: number; }[]; correctAnswers: never[]; explanation: string;...'.
    Type '{ id: string; mcqQuestion: { options: { id: string; imageUrl: string | null; text: string; isCorrect: boolean; imageAlignment: string; imageSizePercent: number; }[]; correctAnswers: never[]; questionTitle: string; explanation: string; }; ... 9 more ...; explanationImageUrl: string; }[]' is not assignable to type '{ id: string; isActive: boolean; sequence: number; timestamp: number; videoTimestamp: number; mcqQuestion: { questionTitle: string; options: { id: string; text: string; isCorrect: boolean; imageUrl: null; imageAlignment: string; imageSizePercent: number; }[]; correctAnswers: never[]; explanation: string; }; ... 5 mo...'.
      Type '{ id: string; mcqQuestion: { options: { id: string; imageUrl: string | null; text: string; isCorrect: boolean; imageAlignment: string; imageSizePercent: number; }[]; correctAnswers: never[]; questionTitle: string; explanation: string; }; ... 9 more ...; explanationImageUrl: string; }' is not assignable to type '{ id: string; isActive: boolean; sequence: number; timestamp: number; videoTimestamp: number; mcqQuestion: { questionTitle: string; options: { id: string; text: string; isCorrect: boolean; imageUrl: null; imageAlignment: string; imageSizePercent: number; }[]; correctAnswers: never[]; explanation: string; }; ... 5 mo...'.
        The types of 'mcqQuestion.options' are incompatible between these types.
          Type '{ id: string; imageUrl: string | null; text: string; isCorrect: boolean; imageAlignment: string; imageSizePercent: number; }[]' is not assignable to type '{ id: string; text: string; isCorrect: boolean; imageUrl: null; imageAlignment: string; imageSizePercent: number; }[]'.
            Type '{ id: string; imageUrl: string | null; text: string; isCorrect: boolean; imageAlignment: string; imageSizePercent: number; }' is not assignable to type '{ id: string; text: string; isCorrect: boolean; imageUrl: null; imageAlignment: string; imageSizePercent: number; }'.
              Types of property 'imageUrl' are incompatible.
                Type 'string | null' is not assignable to type 'null'.
                  Type 'string' is not assignable to type 'null'.
src/app/lms/component/videosViewer.tsx(305,25): error TS7053: Element implicitly has an 'any' type because expression of type 'string' can't be used to index type '{}'.
  No index signature with a parameter of type 'string' was found on type '{}'.
src/app/lms/component/videosViewer.tsx(311,25): error TS7053: Element implicitly has an 'any' type because expression of type 'string' can't be used to index type '{}'.
  No index signature with a parameter of type 'string' was found on type '{}'.
src/app/lms/component/videosViewer.tsx(316,22): error TS7006: Parameter 'bid' implicitly has an 'any' type.
src/app/lms/component/videosViewer.tsx(333,25): error TS7006: Parameter 'bid' implicitly has an 'any' type.
src/app/lms/component/videosViewer.tsx(333,30): error TS7006: Parameter 'oid' implicitly has an 'any' type.
src/app/lms/component/videosViewer.tsx(356,23): error TS7006: Parameter 'bid' implicitly has an 'any' type.
src/app/lms/component/videosViewer.tsx(356,28): error TS7006: Parameter 'oid' implicitly has an 'any' type.
src/app/lms/component/videosViewer.tsx(357,15): error TS2345: Argument of type '(bs: { id: string; isActive: boolean; sequence: number; timestamp: number; videoTimestamp: number; mcqQuestion: { questionTitle: string; options: { id: string; text: string; isCorrect: boolean; imageUrl: null; imageAlignment: string; imageSizePercent: number; }[]; correctAnswers: never[]; explanation: string; }; ......' is not assignable to parameter of type 'SetStateAction<{ id: string; isActive: boolean; sequence: number; timestamp: number; videoTimestamp: number; mcqQuestion: { questionTitle: string; options: { id: string; text: string; isCorrect: boolean; imageUrl: null; imageAlignment: string; imageSizePercent: number; }[]; correctAnswers: never[]; explanation: stri...'.
  Type '(bs: { id: string; isActive: boolean; sequence: number; timestamp: number; videoTimestamp: number; mcqQuestion: { questionTitle: string; options: { id: string; text: string; isCorrect: boolean; imageUrl: null; imageAlignment: string; imageSizePercent: number; }[]; correctAnswers: never[]; explanation: string; }; ......' is not assignable to type '(prevState: { id: string; isActive: boolean; sequence: number; timestamp: number; videoTimestamp: number; mcqQuestion: { questionTitle: string; options: { id: string; text: string; isCorrect: boolean; imageUrl: null; imageAlignment: string; imageSizePercent: number; }[]; correctAnswers: never[]; explanation: string;...'.
    Type '{ mcqQuestion: { options: { isCorrect: boolean; id: string; text: string; imageUrl: null; imageAlignment: string; imageSizePercent: number; }[]; correctAnswers: string[]; questionTitle: string; explanation: string; }; ... 10 more ...; explanationImageUrl: string; }[]' is not assignable to type '{ id: string; isActive: boolean; sequence: number; timestamp: number; videoTimestamp: number; mcqQuestion: { questionTitle: string; options: { id: string; text: string; isCorrect: boolean; imageUrl: null; imageAlignment: string; imageSizePercent: number; }[]; correctAnswers: never[]; explanation: string; }; ... 5 mo...'.
      Type '{ mcqQuestion: { options: { isCorrect: boolean; id: string; text: string; imageUrl: null; imageAlignment: string; imageSizePercent: number; }[]; correctAnswers: string[]; questionTitle: string; explanation: string; }; ... 10 more ...; explanationImageUrl: string; }' is not assignable to type '{ id: string; isActive: boolean; sequence: number; timestamp: number; videoTimestamp: number; mcqQuestion: { questionTitle: string; options: { id: string; text: string; isCorrect: boolean; imageUrl: null; imageAlignment: string; imageSizePercent: number; }[]; correctAnswers: never[]; explanation: string; }; ... 5 mo...'.
        The types of 'mcqQuestion.correctAnswers' are incompatible between these types.
          Type 'string[]' is not assignable to type 'never[]'.
            Type 'string' is not assignable to type 'never'.
src/app/lms/component/videosViewer.tsx(379,26): error TS7006: Parameter 'bid' implicitly has an 'any' type.
src/app/lms/component/videosViewer.tsx(379,31): error TS7006: Parameter 'oid' implicitly has an 'any' type.
src/app/lms/component/videosViewer.tsx(380,15): error TS2345: Argument of type '(bs: { id: string; isActive: boolean; sequence: number; timestamp: number; videoTimestamp: number; mcqQuestion: { questionTitle: string; options: { id: string; text: string; isCorrect: boolean; imageUrl: null; imageAlignment: string; imageSizePercent: number; }[]; correctAnswers: never[]; explanation: string; }; ......' is not assignable to parameter of type 'SetStateAction<{ id: string; isActive: boolean; sequence: number; timestamp: number; videoTimestamp: number; mcqQuestion: { questionTitle: string; options: { id: string; text: string; isCorrect: boolean; imageUrl: null; imageAlignment: string; imageSizePercent: number; }[]; correctAnswers: never[]; explanation: stri...'.
  Type '(bs: { id: string; isActive: boolean; sequence: number; timestamp: number; videoTimestamp: number; mcqQuestion: { questionTitle: string; options: { id: string; text: string; isCorrect: boolean; imageUrl: null; imageAlignment: string; imageSizePercent: number; }[]; correctAnswers: never[]; explanation: string; }; ......' is not assignable to type '(prevState: { id: string; isActive: boolean; sequence: number; timestamp: number; videoTimestamp: number; mcqQuestion: { questionTitle: string; options: { id: string; text: string; isCorrect: boolean; imageUrl: null; imageAlignment: string; imageSizePercent: number; }[]; correctAnswers: never[]; explanation: string;...'.
    Type '{ mcqQuestion: { options: { id: string; text: string; isCorrect: boolean; imageUrl: null; imageAlignment: string; imageSizePercent: number; }[]; correctAnswers: string[]; questionTitle: string; explanation: string; }; ... 10 more ...; explanationImageUrl: string; }[]' is not assignable to type '{ id: string; isActive: boolean; sequence: number; timestamp: number; videoTimestamp: number; mcqQuestion: { questionTitle: string; options: { id: string; text: string; isCorrect: boolean; imageUrl: null; imageAlignment: string; imageSizePercent: number; }[]; correctAnswers: never[]; explanation: string; }; ... 5 mo...'.
      Type '{ mcqQuestion: { options: { id: string; text: string; isCorrect: boolean; imageUrl: null; imageAlignment: string; imageSizePercent: number; }[]; correctAnswers: string[]; questionTitle: string; explanation: string; }; ... 10 more ...; explanationImageUrl: string; }' is not assignable to type '{ id: string; isActive: boolean; sequence: number; timestamp: number; videoTimestamp: number; mcqQuestion: { questionTitle: string; options: { id: string; text: string; isCorrect: boolean; imageUrl: null; imageAlignment: string; imageSizePercent: number; }[]; correctAnswers: never[]; explanation: string; }; ... 5 mo...'.
        The types of 'mcqQuestion.correctAnswers' are incompatible between these types.
          Type 'string[]' is not assignable to type 'never[]'.
            Type 'string' is not assignable to type 'never'.
src/app/lms/component/videosViewer.tsx(404,29): error TS7006: Parameter 'bid' implicitly has an 'any' type.
src/app/lms/component/videosViewer.tsx(404,34): error TS7006: Parameter 'oid' implicitly has an 'any' type.
src/app/lms/component/videosViewer.tsx(404,39): error TS7006: Parameter 'newText' implicitly has an 'any' type.
src/app/lms/component/videosViewer.tsx(420,34): error TS2345: Argument of type 'any' is not assignable to parameter of type 'never'.
src/app/lms/component/videosViewer.tsx(436,32): error TS7006: Parameter 'bid' implicitly has an 'any' type.
src/app/lms/component/videosViewer.tsx(436,37): error TS7006: Parameter 'file' implicitly has an 'any' type.
src/app/lms/component/videosViewer.tsx(442,21): error TS18047: 'e.target' is possibly 'null'.
src/app/lms/component/videosViewer.tsx(445,29): error TS2353: Object literal may only specify known properties, and 'type' does not exist in type '(prevState: null) => null'.
src/app/lms/component/videosViewer.tsx(450,41): error TS7006: Parameter 'bid' implicitly has an 'any' type.
src/app/lms/component/videosViewer.tsx(450,46): error TS7006: Parameter 'alignment' implicitly has an 'any' type.
src/app/lms/component/videosViewer.tsx(459,36): error TS7006: Parameter 'bid' implicitly has an 'any' type.
src/app/lms/component/videosViewer.tsx(459,41): error TS7006: Parameter 'sizePercent' implicitly has an 'any' type.
src/app/lms/component/videosViewer.tsx(468,30): error TS7006: Parameter 'bid' implicitly has an 'any' type.
src/app/lms/component/videosViewer.tsx(468,35): error TS7006: Parameter 'oid' implicitly has an 'any' type.
src/app/lms/component/videosViewer.tsx(468,40): error TS7006: Parameter 'file' implicitly has an 'any' type.
src/app/lms/component/videosViewer.tsx(471,42): error TS18047: 'e.target' is possibly 'null'.
src/app/lms/component/videosViewer.tsx(472,29): error TS2353: Object literal may only specify known properties, and 'type' does not exist in type '(prevState: null) => null'.
src/app/lms/component/videosViewer.tsx(477,35): error TS7006: Parameter 'bid' implicitly has an 'any' type.
src/app/lms/component/videosViewer.tsx(477,40): error TS7006: Parameter 'file' implicitly has an 'any' type.
src/app/lms/component/videosViewer.tsx(480,47): error TS18047: 'e.target' is possibly 'null'.
src/app/lms/component/videosViewer.tsx(481,29): error TS2353: Object literal may only specify known properties, and 'type' does not exist in type '(prevState: null) => null'.
src/app/lms/component/videosViewer.tsx(486,25): error TS7006: Parameter 'bid' implicitly has an 'any' type.
src/app/lms/component/videosViewer.tsx(486,51): error TS2339: Property 'type' does not exist on type 'never'.
src/app/lms/component/videosViewer.tsx(486,91): error TS2339: Property 'blockId' does not exist on type 'never'.
src/app/lms/component/videosViewer.tsx(487,27): error TS7006: Parameter 'bid' implicitly has an 'any' type.
src/app/lms/component/videosViewer.tsx(487,32): error TS7006: Parameter 'oid' implicitly has an 'any' type.
src/app/lms/component/videosViewer.tsx(487,58): error TS2339: Property 'type' does not exist on type 'never'.
src/app/lms/component/videosViewer.tsx(487,96): error TS2339: Property 'blockId' does not exist on type 'never'.
src/app/lms/component/videosViewer.tsx(487,132): error TS2339: Property 'optionId' does not exist on type 'never'.
src/app/lms/component/videosViewer.tsx(488,27): error TS7006: Parameter 'bid' implicitly has an 'any' type.
src/app/lms/component/videosViewer.tsx(488,53): error TS2339: Property 'type' does not exist on type 'never'.
src/app/lms/component/videosViewer.tsx(488,96): error TS2339: Property 'blockId' does not exist on type 'never'.
src/app/lms/component/videosViewer.tsx(501,12): error TS2339: Property 'questionTitle' does not exist on type '{}'.
src/app/lms/component/videosViewer.tsx(507,12): error TS2339: Property 'options' does not exist on type '{}'.
src/app/lms/component/videosViewer.tsx(513,12): error TS2339: Property 'options' does not exist on type '{}'.
src/app/lms/component/videosViewer.tsx(519,12): error TS2339: Property 'correctAnswer' does not exist on type '{}'.
src/app/lms/component/videosViewer.tsx(523,35): error TS7053: Element implicitly has an 'any' type because expression of type 'string' can't be used to index type '{}'.
  No index signature with a parameter of type 'string' was found on type '{}'.
src/app/lms/component/videosViewer.tsx(531,25): error TS7006: Parameter 'b64' implicitly has an 'any' type.
src/app/lms/component/videosViewer.tsx(531,30): error TS7006: Parameter 'name' implicitly has an 'any' type.
src/app/lms/component/videosViewer.tsx(545,27): error TS7006: Parameter 'e' implicitly has an 'any' type.
src/app/lms/component/videosViewer.tsx(580,25): error TS2339: Property 'startsWith' does not exist on type 'never'.
src/app/lms/component/videosViewer.tsx(586,20): error TS2339: Property 'imageUrl' does not exist on type '{ text: string; isCorrect: boolean; imageAlignment: string; imageSizePercent: number; }'.
src/app/lms/component/videosViewer.tsx(589,18): error TS2339: Property 'imageUrl' does not exist on type '{ text: string; isCorrect: boolean; imageAlignment: string; imageSizePercent: number; }'.
src/app/lms/component/videosViewer.tsx(591,18): error TS2339: Property 'imageUrl' does not exist on type '{ text: string; isCorrect: boolean; imageAlignment: string; imageSizePercent: number; }'.
src/app/lms/component/videosViewer.tsx(598,84): error TS2339: Property 'trim' does not exist on type 'never'.
src/app/lms/component/videosViewer.tsx(609,55): error TS2551: Property 'explanation' does not exist on type '{ id: string; isActive: boolean; sequence: number; timestamp: number; videoTimestamp: number; mcqQuestion: { questionTitle: string; options: { id: string; text: string; isCorrect: boolean; imageUrl: null; imageAlignment: string; imageSizePercent: number; }[]; correctAnswers: never[]; explanation: string; }; ... 5 mo...'. Did you mean 'hasExplanation'?
src/app/lms/component/videosViewer.tsx(623,26): error TS2339: Property 'mcqQuestionImageUrl' does not exist on type '{ mcqQuestionTitle: string; mcqQuestionType: string; mcqQuestionOptionsPerRow: number; mcqQuestionOptions: { text: string; isCorrect: boolean; imageAlignment: string; imageSizePercent: number; }[]; ... 6 more ...; timestamp: number; }'.
src/app/lms/component/videosViewer.tsx(624,26): error TS2339: Property 'mcqQuestionImageAlignment' does not exist on type '{ mcqQuestionTitle: string; mcqQuestionType: string; mcqQuestionOptionsPerRow: number; mcqQuestionOptions: { text: string; isCorrect: boolean; imageAlignment: string; imageSizePercent: number; }[]; ... 6 more ...; timestamp: number; }'.
src/app/lms/component/videosViewer.tsx(625,26): error TS2339: Property 'mcqQuestionImageSizePercent' does not exist on type '{ mcqQuestionTitle: string; mcqQuestionType: string; mcqQuestionOptionsPerRow: number; mcqQuestionOptions: { text: string; isCorrect: boolean; imageAlignment: string; imageSizePercent: number; }[]; ... 6 more ...; timestamp: number; }'.
src/app/lms/component/videosViewer.tsx(628,24): error TS2339: Property 'mcqQuestionImageUrl' does not exist on type '{ mcqQuestionTitle: string; mcqQuestionType: string; mcqQuestionOptionsPerRow: number; mcqQuestionOptions: { text: string; isCorrect: boolean; imageAlignment: string; imageSizePercent: number; }[]; ... 6 more ...; timestamp: number; }'.
src/app/lms/component/videosViewer.tsx(629,24): error TS2339: Property 'mcqQuestionImageAlignment' does not exist on type '{ mcqQuestionTitle: string; mcqQuestionType: string; mcqQuestionOptionsPerRow: number; mcqQuestionOptions: { text: string; isCorrect: boolean; imageAlignment: string; imageSizePercent: number; }[]; ... 6 more ...; timestamp: number; }'.
src/app/lms/component/videosViewer.tsx(630,24): error TS2339: Property 'mcqQuestionImageSizePercent' does not exist on type '{ mcqQuestionTitle: string; mcqQuestionType: string; mcqQuestionOptionsPerRow: number; mcqQuestionOptions: { text: string; isCorrect: boolean; imageAlignment: string; imageSizePercent: number; }[]; ... 6 more ...; timestamp: number; }'.
src/app/lms/component/videosViewer.tsx(641,26): error TS2339: Property 'explanationImageUrl' does not exist on type '{ mcqQuestionTitle: string; mcqQuestionType: string; mcqQuestionOptionsPerRow: number; mcqQuestionOptions: { text: string; isCorrect: boolean; imageAlignment: string; imageSizePercent: number; }[]; ... 6 more ...; timestamp: number; }'.
src/app/lms/component/videosViewer.tsx(644,24): error TS2339: Property 'explanationImageUrl' does not exist on type '{ mcqQuestionTitle: string; mcqQuestionType: string; mcqQuestionOptionsPerRow: number; mcqQuestionOptions: { text: string; isCorrect: boolean; imageAlignment: string; imageSizePercent: number; }[]; ... 6 more ...; timestamp: number; }'.
src/app/lms/component/videosViewer.tsx(662,35): error TS2345: Argument of type 'FormDataEntryValue | null' is not assignable to parameter of type 'string'.
  Type 'null' is not assignable to type 'string'.
src/app/lms/component/videosViewer.tsx(673,7): error TS2769: No overload matches this call.
  Overload 1 of 2, '(input: string | URL | Request, init?: RequestInit | undefined): Promise<Response>', gave the following error.
    Type '{ Authorization: string; } | { Authorization?: undefined; }' is not assignable to type 'HeadersInit | undefined'.
      Type '{ Authorization?: undefined; }' is not assignable to type 'HeadersInit | undefined'.
        Type '{ Authorization?: undefined; }' is not assignable to type 'Record<string, string>'.
          Property 'Authorization' is incompatible with index signature.
            Type 'undefined' is not assignable to type 'string'.
  Overload 2 of 2, '(input: URL | RequestInfo, init?: RequestInit | undefined): Promise<Response>', gave the following error.
    Type '{ Authorization: string; } | { Authorization?: undefined; }' is not assignable to type 'HeadersInit | undefined'.
      Type '{ Authorization?: undefined; }' is not assignable to type 'HeadersInit | undefined'.
        Type '{ Authorization?: undefined; }' is not assignable to type 'Record<string, string>'.
          Property 'Authorization' is incompatible with index signature.
            Type 'undefined' is not assignable to type 'string'.
src/app/lms/component/videosViewer.tsx(689,22): error TS2551: Property 'explanation' does not exist on type '{ id: string; isActive: boolean; sequence: number; timestamp: number; videoTimestamp: number; mcqQuestion: { questionTitle: string; options: { id: string; text: string; isCorrect: boolean; imageUrl: null; imageAlignment: string; imageSizePercent: number; }[]; correctAnswers: never[]; explanation: string; }; ... 5 mo...'. Did you mean 'hasExplanation'?
src/app/lms/component/videosViewer.tsx(697,42): error TS18046: 'err' is of type 'unknown'.
src/app/lms/component/videosViewer.tsx(704,26): error TS7006: Parameter 'block' implicitly has an 'any' type.
src/app/lms/component/videosViewer.tsx(710,41): error TS7006: Parameter 'opt' implicitly has an 'any' type.
src/app/lms/component/videosViewer.tsx(710,46): error TS7006: Parameter 'idx' implicitly has an 'any' type.
src/app/lms/component/videosViewer.tsx(723,42): error TS7006: Parameter 'a' implicitly has an 'any' type.
src/app/lms/component/videosViewer.tsx(724,37): error TS7006: Parameter 'v' implicitly has an 'any' type.
src/app/lms/component/videosViewer.tsx(739,69): error TS2345: Argument of type '{ type: string; blockId: any; optionId: any; } | null' is not assignable to parameter of type 'SetStateAction<null>'.
  Object literal may only specify known properties, and 'type' does not exist in type '(prevState: null) => null'.
src/app/lms/component/videosViewer.tsx(803,34): error TS7006: Parameter 'block' implicitly has an 'any' type.
src/app/lms/component/videosViewer.tsx(804,9): error TS7053: Element implicitly has an 'any' type because expression of type 'any' can't be used to index type '{}'.
src/app/lms/component/videosViewer.tsx(809,75): error TS7006: Parameter 'v' implicitly has an 'any' type.
src/app/lms/component/videosViewer.tsx(811,13): error TS7053: Element implicitly has an 'any' type because expression of type 'any' can't be used to index type '{ "multiple-choice": { label: string; icon: Element; color: string; bg: string; }; checkboxes: { label: string; icon: Element; color: string; bg: string; }; dropdown: { label: string; icon: Element; color: string; bg: string; }; "short-answer": { ...; }; paragraph: { ...; }; }'.
src/app/lms/component/videosViewer.tsx(813,13): error TS7053: Element implicitly has an 'any' type because expression of type 'any' can't be used to index type '{ "multiple-choice": { label: string; icon: Element; color: string; bg: string; }; checkboxes: { label: string; icon: Element; color: string; bg: string; }; dropdown: { label: string; icon: Element; color: string; bg: string; }; "short-answer": { ...; }; paragraph: { ...; }; }'.
src/app/lms/component/videosViewer.tsx(822,10): error TS7053: Element implicitly has an 'any' type because expression of type 'any' can't be used to index type '{}'.
src/app/lms/component/videosViewer.tsx(824,52): error TS7053: Element implicitly has an 'any' type because expression of type 'any' can't be used to index type '{}'.
src/app/lms/component/videosViewer.tsx(827,10): error TS7053: Element implicitly has an 'any' type because expression of type 'any' can't be used to index type '{}'.
src/app/lms/component/videosViewer.tsx(829,52): error TS7053: Element implicitly has an 'any' type because expression of type 'any' can't be used to index type '{}'.
src/app/lms/component/videosViewer.tsx(876,31): error TS7053: Element implicitly has an 'any' type because expression of type 'string' can't be used to index type '{}'.
  No index signature with a parameter of type 'string' was found on type '{}'.
src/app/lms/component/videosViewer.tsx(877,30): error TS7053: Element implicitly has an 'any' type because expression of type 'string' can't be used to index type '{}'.
  No index signature with a parameter of type 'string' was found on type '{}'.
src/app/lms/component/videosViewer.tsx(878,27): error TS7053: Element implicitly has an 'any' type because expression of type 'string' can't be used to index type '{ "multiple-choice": { label: string; icon: Element; color: string; bg: string; }; checkboxes: { label: string; icon: Element; color: string; bg: string; }; dropdown: { label: string; icon: Element; color: string; bg: string; }; "short-answer": { ...; }; paragraph: { ...; }; }'.
  No index signature with a parameter of type 'string' was found on type '{ "multiple-choice": { label: string; icon: Element; color: string; bg: string; }; checkboxes: { label: string; icon: Element; color: string; bg: string; }; dropdown: { label: string; icon: Element; color: string; bg: string; }; "short-answer": { ...; }; paragraph: { ...; }; }'.
src/app/lms/component/videosViewer.tsx(891,82): error TS7053: Element implicitly has an 'any' type because expression of type 'string' can't be used to index type '{}'.
  No index signature with a parameter of type 'string' was found on type '{}'.
src/app/lms/component/videosViewer.tsx(928,52): error TS7006: Parameter 'a' implicitly has an 'any' type.
src/app/lms/component/videosViewer.tsx(929,47): error TS7006: Parameter 'v' implicitly has an 'any' type.
src/app/lms/component/videosViewer.tsx(946,69): error TS2345: Argument of type '{ type: string; blockId: string; } | null' is not assignable to parameter of type 'SetStateAction<null>'.
  Object literal may only specify known properties, and 'type' does not exist in type '(prevState: null) => null'.
src/app/lms/component/videosViewer.tsx(957,36): error TS7053: Element implicitly has an 'any' type because expression of type 'string' can't be used to index type '{}'.
  No index signature with a parameter of type 'string' was found on type '{}'.
src/app/lms/component/videosViewer.tsx(959,68): error TS7053: Element implicitly has an 'any' type because expression of type 'string' can't be used to index type '{}'.
  No index signature with a parameter of type 'string' was found on type '{}'.
src/app/lms/component/videosViewer.tsx(977,46): error TS2551: Property 'explanation' does not exist on type '{ id: string; isActive: boolean; sequence: number; timestamp: number; videoTimestamp: number; mcqQuestion: { questionTitle: string; options: { id: string; text: string; isCorrect: boolean; imageUrl: null; imageAlignment: string; imageSizePercent: number; }[]; correctAnswers: never[]; explanation: string; }; ... 5 mo...'. Did you mean 'hasExplanation'?
src/app/lms/component/videosViewer.tsx(1011,77): error TS2345: Argument of type '{ type: string; blockId: string; } | null' is not assignable to parameter of type 'SetStateAction<null>'.
  Object literal may only specify known properties, and 'type' does not exist in type '(prevState: null) => null'.
src/app/lms/component/videosViewer.tsx(1026,60): error TS2345: Argument of type 'string | null' is not assignable to parameter of type 'SetStateAction<null>'.
  Type 'string' is not assignable to type 'SetStateAction<null>'.
src/app/lms/component/videosViewer.tsx(1129,3): error TS7031: Binding element 'onClose' implicitly has an 'any' type.
src/app/lms/component/videosViewer.tsx(1229,37): error TS2339: Property 'currentTime' does not exist on type 'never'.
src/app/lms/component/videosViewer.tsx(1247,24): error TS2339: Property 'src' does not exist on type 'never'.
src/app/lms/component/videosViewer.tsx(1248,24): error TS2339: Property 'load' does not exist on type 'never'.
src/app/lms/component/videosViewer.tsx(1249,24): error TS2339: Property 'addEventListener' does not exist on type 'never'.
src/app/lms/component/videosViewer.tsx(1251,26): error TS2339: Property 'currentTime' does not exist on type 'never'.
src/app/lms/component/videosViewer.tsx(1288,48): error TS2339: Property 'play' does not exist on type 'never'.
src/app/lms/component/videosViewer.tsx(1294,22): error TS2339: Property 'pause' does not exist on type 'never'.
src/app/lms/component/videosViewer.tsx(1295,52): error TS2339: Property 'catch' does not exist on type 'never'.
src/app/lms/component/videosViewer.tsx(1299,30): error TS7006: Parameter 't' implicitly has an 'any' type.
src/app/lms/component/videosViewer.tsx(1299,79): error TS2339: Property 'currentTime' does not exist on type 'never'.
src/app/lms/component/videosViewer.tsx(1300,30): error TS7006: Parameter 'v' implicitly has an 'any' type.
src/app/lms/component/videosViewer.tsx(1300,79): error TS2339: Property 'volume' does not exist on type 'never'.
src/app/lms/component/videosViewer.tsx(1301,78): error TS2339: Property 'muted' does not exist on type 'never'.
src/app/lms/component/videosViewer.tsx(1305,54): error TS2339: Property 'requestFullscreen' does not exist on type 'never'.
src/app/lms/component/videosViewer.tsx(1314,7): error TS2322: Type 'Timeout' is not assignable to type 'null'.
src/app/lms/component/videosViewer.tsx(1319,20): error TS2322: Type 'Timeout' is not assignable to type 'null'.
src/app/lms/component/videosViewer.tsx(1331,7): error TS2322: Type 'Timeout' is not assignable to type 'null'.
src/app/lms/component/videosViewer.tsx(1338,14): error TS7006: Parameter 'e' implicitly has an 'any' type.
src/app/lms/component/videosViewer.tsx(1365,46): error TS2339: Property 'pause' does not exist on type 'never'.
src/app/lms/component/videosViewer.tsx(1365,72): error TS2339: Property 'src' does not exist on type 'never'.
src/app/lms/component/videosViewer.tsx(1369,30): error TS7006: Parameter 'e' implicitly has an 'any' type.
src/app/lms/component/videosViewer.tsx(1371,40): error TS2339: Property 'currentTime' does not exist on type 'never'.
src/app/lms/component/videosViewer.tsx(1382,26): error TS7006: Parameter 'questions' implicitly has an 'any' type.
src/app/lms/component/videosViewer.tsx(1383,18): error TS2345: Argument of type '(prev: never[]) => any[]' is not assignable to parameter of type 'SetStateAction<never[]>'.
  Type '(prev: never[]) => any[]' is not assignable to type '(prevState: never[]) => never[]'.
    Type 'any[]' is not assignable to type 'never[]'.
      Type 'any' is not assignable to type 'never'.
src/app/lms/component/videosViewer.tsx(1383,50): error TS7006: Parameter 'q' implicitly has an 'any' type.
src/app/lms/component/videosViewer.tsx(1387,78): error TS2339: Property 'timestamp' does not exist on type 'never'.
src/app/lms/component/videosViewer.tsx(1387,90): error TS2339: Property 'timestamp' does not exist on type 'never'.
src/app/lms/component/videosViewer.tsx(1398,88): error TS2339: Property 'currentTime' does not exist on type 'never'.
src/app/lms/component/videosViewer.tsx(1399,90): error TS2339: Property 'duration' does not exist on type 'never'.
src/app/lms/component/videosViewer.tsx(1497,45): error TS2339: Property 'timestamp' does not exist on type 'never'.
src/app/lms/component/videosViewer.tsx(1499,91): error TS2339: Property 'timestamp' does not exist on type 'never'.
src/app/lms/component/videosViewer.tsx(1500,51): error TS2339: Property 'timestamp' does not exist on type 'never'.
src/app/lms/component/videosViewer.tsx(1581,130): error TS2339: Property 'playbackRate' does not exist on type 'never'.
src/app/lms/component/videosViewer.tsx(1629,31): error TS2339: Property 'id' does not exist on type 'never'.
src/app/lms/component/videosViewer.tsx(1629,65): error TS2339: Property 'timestamp' does not exist on type 'never'.
src/app/lms/component/videosViewer.tsx(1631,87): error TS2339: Property 'timestamp' does not exist on type 'never'.
src/app/lms/component/videosViewer.tsx(1632,88): error TS2339: Property 'questionText' does not exist on type 'never'.
src/app/lms/component/videosViewer.tsx(1634,26): error TS2339: Property 'options' does not exist on type 'never'.
src/app/lms/component/videosViewer.tsx(1634,39): error TS7006: Parameter 'opt' implicitly has an 'any' type.
src/app/lms/component/videosViewer.tsx(1634,43): error TS7006: Parameter 'oi' implicitly has an 'any' type.
src/app/lms/component/videosViewer.tsx(1687,63): error TS2339: Property 'videoTimestamp' does not exist on type 'never'.
src/app/lms/component/videosViewer.tsx(1687,81): error TS2339: Property 'timestamp' does not exist on type 'never'.
src/app/lms/component/videosViewer.tsx(1689,26): error TS2345: Argument of type '(prev: never[]) => any[]' is not assignable to parameter of type 'SetStateAction<never[]>'.
  Type '(prev: never[]) => any[]' is not assignable to type '(prevState: never[]) => never[]'.
    Type 'any[]' is not assignable to type 'never[]'.
      Type 'any' is not assignable to type 'never'.
src/app/lms/component/videosViewer.tsx(1690,59): error TS2339: Property 'videoTimestamp' does not exist on type 'never'.
src/app/lms/component/videosViewer.tsx(1690,77): error TS2339: Property 'timestamp' does not exist on type 'never'.
src/app/lms/pages/courses/coursesdetailedview/[id]/page.tsx(616,39): error TS2339: Property 'test_your_skills' does not exist on type 'string[] | Record<string, PedagogyItem>'.
  Property 'test_your_skills' does not exist on type 'string[]'.
src/app/lms/pages/courses/coursesdetailedview/[id]/page.tsx(927,44): error TS2345: Argument of type '"txt"' is not assignable to parameter of type '"video" | "pdf" | "ppt" | "zip" | "image" | "word"'.
src/app/lms/pages/courses/coursesdetailedview/[id]/page.tsx(950,54): error TS2345: Argument of type '"txt"' is not assignable to parameter of type '"video" | "pdf" | "ppt" | "zip" | "image" | "word"'.
src/app/lms/pages/courses/coursesdetailedview/[id]/page.tsx(970,24): error TS2367: This comparison appears to be unintentional because the types '"video" | "pdf" | "ppt" | "zip" | "link" | "reference" | "image" | "word" | "txt"' and '"exercise"' have no overlap.
src/app/lms/pages/courses/coursesdetailedview/[id]/page.tsx(1433,45): error TS2345: Argument of type '"folder"' is not assignable to parameter of type 'ResourceType'.
src/app/lms/pages/courses/coursesdetailedview/[id]/page.tsx(1440,7): error TS2367: This comparison appears to be unintentional because the types '"all" | ResourceType' and '"folder"' have no overlap.
src/app/lms/pages/courses/coursesdetailedview/[id]/page.tsx(1471,40): error TS2362: The left-hand side of an arithmetic operation must be of type 'any', 'number', 'bigint' or an enum type.
src/app/lms/pages/courses/coursesdetailedview/[id]/page.tsx(1471,48): error TS2363: The right-hand side of an arithmetic operation must be of type 'any', 'number', 'bigint' or an enum type.
src/app/lms/pages/courses/coursesdetailedview/[id]/page.tsx(1471,56): error TS2362: The left-hand side of an arithmetic operation must be of type 'any', 'number', 'bigint' or an enum type.
src/app/lms/pages/courses/coursesdetailedview/[id]/page.tsx(1471,64): error TS2363: The right-hand side of an arithmetic operation must be of type 'any', 'number', 'bigint' or an enum type.
src/app/lms/pages/courses/coursesdetailedview/[id]/page.tsx(1650,15): error TS2551: Property '_combinedCode' does not exist on type 'PedagogyPage'. Did you mean 'combinedCode'?
src/app/lms/pages/courses/coursesdetailedview/[id]/page.tsx(1651,54): error TS2551: Property '_combinedCode' does not exist on type 'PedagogyPage'. Did you mean 'combinedCode'?
src/app/lms/pages/courses/coursesdetailedview/[id]/page.tsx(1773,23): error TS18048: 'courseData.modules' is possibly 'undefined'.
src/app/lms/pages/courses/coursesdetailedview/[id]/page.tsx(1811,30): error TS2503: Cannot find namespace 'JSX'.
src/app/lms/pages/courses/coursesdetailedview/[id]/page.tsx(1812,19): error TS2503: Cannot find namespace 'JSX'.
src/app/lms/pages/courses/coursesdetailedview/[id]/page.tsx(3102,37): error TS2367: This comparison appears to be unintentional because the types 'ResourceType' and '"folder"' have no overlap.
src/app/lms/pages/courses/coursesdetailedview/[id]/page.tsx(3133,41): error TS2367: This comparison appears to be unintentional because the types 'ResourceType' and '"folder"' have no overlap.
src/app/lms/pages/courses/coursesdetailedview/[id]/page.tsx(3149,42): error TS2367: This comparison appears to be unintentional because the types 'ResourceType' and '"folder"' have no overlap.
src/app/lms/pages/courses/coursesdetailedview/[id]/page.tsx(3168,77): error TS2345: Argument of type 'Resource' is not assignable to parameter of type 'PedagogyPage'.
  Type 'Resource' is missing the following properties from type 'PedagogyPage': _id, combinedCode
src/app/lms/pages/courses/coursesdetailedview/[id]/page.tsx(3216,57): error TS2367: This comparison appears to be unintentional because the types '"page" | "zip" | "link" | "reference" | "image" | "word" | "txt"' and '"folder"' have no overlap.
src/app/lms/pages/courses/coursesdetailedview/[id]/page.tsx(3227,162): error TS2367: This comparison appears to be unintentional because the types '"page" | "zip" | "link" | "reference" | "image" | "word" | "txt"' and '"folder"' have no overlap.
src/app/lms/pages/courses/coursesdetailedview/[id]/page.tsx(3228,157): error TS2367: This comparison appears to be unintentional because the types '"page" | "zip" | "link" | "reference" | "image" | "word" | "txt"' and '"folder"' have no overlap.
src/app/lms/pages/courses/coursesdetailedview/[id]/page.tsx(3231,54): error TS2367: This comparison appears to be unintentional because the types 'ResourceType' and '"folder"' have no overlap.
src/app/lms/pages/courses/coursesdetailedview/[id]/page.tsx(3238,63): error TS2769: No overload matches this call.
  Overload 1 of 4, '(value: string | number | Date): Date', gave the following error.
    Argument of type 'string | undefined' is not assignable to parameter of type 'string | number | Date'.
      Type 'undefined' is not assignable to type 'string | number | Date'.
  Overload 2 of 4, '(value: string | number): Date', gave the following error.
    Argument of type 'string | undefined' is not assignable to parameter of type 'string | number'.
      Type 'undefined' is not assignable to type 'string | number'.
src/app/lms/pages/courses/coursesdetailedview/[id]/page.tsx(3308,47): error TS2367: This comparison appears to be unintentional because the types '"page" | "zip" | "link" | "reference" | "image" | "word" | "txt"' and '"folder"' have no overlap.
src/app/lms/pages/courses/coursesdetailedview/[id]/page.tsx(3322,51): error TS2367: This comparison appears to be unintentional because the types '"page" | "zip" | "link" | "reference" | "image" | "word" | "txt"' and '"folder"' have no overlap.
src/app/lms/pages/courses/coursesdetailedview/[id]/page.tsx(3327,51): error TS2367: This comparison appears to be unintentional because the types '"page" | "zip" | "link" | "reference" | "image" | "word" | "txt"' and '"folder"' have no overlap.
src/app/lms/pages/courses/coursesdetailedview/[id]/page.tsx(3331,44): error TS2367: This comparison appears to be unintentional because the types 'ResourceType' and '"folder"' have no overlap.
src/app/lms/pages/courses/coursesdetailedview/[id]/page.tsx(3340,53): error TS2769: No overload matches this call.
  Overload 1 of 4, '(value: string | number | Date): Date', gave the following error.
    Argument of type 'string | undefined' is not assignable to parameter of type 'string | number | Date'.
      Type 'undefined' is not assignable to type 'string | number | Date'.
  Overload 2 of 4, '(value: string | number): Date', gave the following error.
    Argument of type 'string | undefined' is not assignable to parameter of type 'string | number'.
      Type 'undefined' is not assignable to type 'string | number'.
src/app/lms/pages/courses/coursesdetailedview/[id]/page.tsx(3452,9): error TS2322: Type 'string | { [k: string]: string | undefined; base?: string | undefined; }' is not assignable to type 'string'.
  Type '{ [k: string]: string | undefined; base?: string | undefined; }' is not assignable to type 'string'.
src/app/lms/pages/courses/coursesdetailedview/[id]/page.tsx(3474,11): error TS2322: Type '(string | undefined)[]' is not assignable to type 'string[]'.
  Type 'string | undefined' is not assignable to type 'string'.
    Type 'undefined' is not assignable to type 'string'.
src/app/lms/pages/courses/coursesdetailedview/[id]/page.tsx(3491,11): error TS2322: Type '(string | undefined)[]' is not assignable to type 'string[]'.
  Type 'string | undefined' is not assignable to type 'string'.
    Type 'undefined' is not assignable to type 'string'.
src/app/lms/pages/courses/coursesdetailedview/[id]/page.tsx(3508,11): error TS2322: Type '(string | undefined)[]' is not assignable to type 'string[]'.
  Type 'string | undefined' is not assignable to type 'string'.
    Type 'undefined' is not assignable to type 'string'.
src/app/lms/pages/courses/coursesdetailedview/[id]/page.tsx(3535,127): error TS2353: Object literal may only specify known properties, and 'currentResolution' does not exist in type 'Resource'.
src/app/lms/pages/courses/coursesdetailedview/[id]/page.tsx(3543,13): error TS2322: Type '{ hierarchy: string[]; currentItemTitle: string | undefined; initialMcqs: any[]; fileId: string; entityType: SelectedItemType; entityId: string; tabType: "We_Do" | "You_Do" | "I_Do"; ... 13 more ...; showNotesPanel: boolean; }' is not assignable to type 'IntrinsicAttributes & PPTViewerProps'.
  Property 'isOpen' does not exist on type 'IntrinsicAttributes & PPTViewerProps'.
src/app/lms/pages/courses/coursesdetailedview/[id]/page.tsx(3581,13): error TS2322: Type '(string | undefined)[]' is not assignable to type 'string[]'.
  Type 'string | undefined' is not assignable to type 'string'.
    Type 'undefined' is not assignable to type 'string'.
src/app/lms/pages/courses/coursesdetailedview/[id]/page.tsx(3617,7): error TS2322: Type '{ nodeId: string; nodeName: string; subcategory: string; subcategoryLabel: string; nodeType: SelectedItemType; studentId: string; onCloseExercise: () => void; studentName: any; ... 4 more ...; hierarchyData: { ...; }; }' is not assignable to type 'IntrinsicAttributes & YouDoMCQProps'.
  Property 'subcategoryLabel' does not exist on type 'IntrinsicAttributes & YouDoMCQProps'. Did you mean 'subcategory'?
src/app/lms/pages/courses/coursesdetailedview/[id]/page.tsx(3624,26): error TS2339: Property 'name' does not exist on type 'UserData'.
src/app/lms/pages/courses/coursesdetailedview/[id]/page.tsx(3624,49): error TS2339: Property 'name' does not exist on type 'UserData'.
src/app/lms/pages/courses/coursesdetailedview/[id]/page.tsx(3629,20): error TS7006: Parameter 'results' implicitly has an 'any' type.
src/app/lms/pages/courses/coursesdetailedview/combined/frontend.tsx(1893,81): error TS2322: Type '{ size: number; className: string; title: string; }' is not assignable to type 'IntrinsicAttributes & Omit<LucideProps, "ref"> & RefAttributes<SVGSVGElement>'.
  Property 'title' does not exist on type 'IntrinsicAttributes & Omit<LucideProps, "ref"> & RefAttributes<SVGSVGElement>'.
src/app/lms/pages/courses/coursesdetailedview/combined/frontend.tsx(2066,19): error TS2322: Type '{ size: number; className: string; title: string; onClick: (e: MouseEvent<SVGSVGElement, MouseEvent>) => void; }' is not assignable to type 'IntrinsicAttributes & Omit<LucideProps, "ref"> & RefAttributes<SVGSVGElement>'.
  Property 'title' does not exist on type 'IntrinsicAttributes & Omit<LucideProps, "ref"> & RefAttributes<SVGSVGElement>'.
src/app/lms/pages/courses/coursesdetailedview/combined/frontend.tsx(3026,23): error TS2769: No overload matches this call.
  Overload 1 of 2, '(props: EditorProps, context?: any): string | number | bigint | boolean | ReactElement<unknown, string | JSXElementConstructor<any>> | ... 4 more ... | undefined', gave the following error.
    Type '(content: string) => void' is not assignable to type 'OnChange'.
      Types of parameters 'content' and 'value' are incompatible.
        Type 'string | undefined' is not assignable to type 'string'.
          Type 'undefined' is not assignable to type 'string'.
  Overload 2 of 2, '(props: EditorProps): string | number | bigint | boolean | ReactElement<unknown, string | JSXElementConstructor<any>> | Iterable<...> | Promise<...> | Component<...> | null | undefined', gave the following error.
    Type '(content: string) => void' is not assignable to type 'OnChange'.
      Types of parameters 'content' and 'value' are incompatible.
        Type 'string | undefined' is not assignable to type 'string'.
          Type 'undefined' is not assignable to type 'string'.
src/app/lms/pages/courses/coursesdetailedview/combined/sql.tsx(896,33): error TS2322: Type 'number' is not assignable to type 'string'.
src/app/lms/pages/courses/coursesdetailedview/combined/sql.tsx(898,33): error TS2322: Type 'number' is not assignable to type 'string'.
src/app/lms/pages/courses/coursesdetailedview/combined/sql.tsx(900,33): error TS2322: Type 'boolean' is not assignable to type 'string'.
src/app/lms/pages/courses/coursesdetailedview/combined/sql.tsx(1320,29): error TS2322: Type 'number' is not assignable to type 'string'.
src/app/lms/pages/courses/coursesdetailedview/combined/sql.tsx(1322,29): error TS2322: Type 'number' is not assignable to type 'string'.
src/app/lms/pages/courses/coursesdetailedview/combined/sql.tsx(1324,29): error TS2322: Type 'boolean' is not assignable to type 'string'.
src/app/lms/pages/courses/coursesdetailedview/combined/sql.tsx(2909,29): error TS2322: Type 'string' is not assignable to type '"dark" | "light" | undefined'.
src/app/lms/pages/courses/coursesdetailedview/combined/sql.tsx(2924,29): error TS2322: Type 'string' is not assignable to type '"dark" | "light" | undefined'.
src/app/lms/pages/courses/coursesdetailedview/combined/sql.tsx(2940,33): error TS2322: Type 'string' is not assignable to type '"dark" | "light" | undefined'.
src/app/lms/pages/courses/coursesdetailedview/combined/sql.tsx(2985,33): error TS2322: Type 'string' is not assignable to type '"dark" | "light" | undefined'.
src/app/lms/pages/courses/coursesdetailedview/combined/sql.tsx(3002,33): error TS2322: Type 'string' is not assignable to type '"dark" | "light" | undefined'.
src/app/lms/pages/courses/coursesdetailedview/components/ResourceComponents.tsx(727,23): error TS17001: JSX elements cannot have multiple attributes with the same name.
src/app/lms/pages/courses/coursesdetailedview/frontend/page.tsx(103,25): error TS2304: Cannot find name 'toast'.
src/app/lms/pages/courses/coursesdetailedview/frontend/page.tsx(368,9): error TS2322: Type '{ exerciseData: any; onBack: () => void; title: any; questions: any[]; selectedLanguages: any; level: any; attemptLimitEnabled: any; maxAttempts: any; entityId: any; entityType: any; security: any; exerciseId: any; ... 8 more ...; hierarchy: string[]; }' is not assignable to type 'IntrinsicAttributes & FrontendCompilerProps'.
  Property 'hierarchy' does not exist on type 'IntrinsicAttributes & FrontendCompilerProps'.
src/app/lms/pages/courses/coursesdetailedview/youdo/combined/frontend.tsx(1849,81): error TS2322: Type '{ size: number; className: string; title: string; }' is not assignable to type 'IntrinsicAttributes & Omit<LucideProps, "ref"> & RefAttributes<SVGSVGElement>'.
  Property 'title' does not exist on type 'IntrinsicAttributes & Omit<LucideProps, "ref"> & RefAttributes<SVGSVGElement>'.
src/app/lms/pages/courses/coursesdetailedview/youdo/combined/frontend.tsx(2022,19): error TS2322: Type '{ size: number; className: string; title: string; onClick: (e: MouseEvent<SVGSVGElement, MouseEvent>) => void; }' is not assignable to type 'IntrinsicAttributes & Omit<LucideProps, "ref"> & RefAttributes<SVGSVGElement>'.
  Property 'title' does not exist on type 'IntrinsicAttributes & Omit<LucideProps, "ref"> & RefAttributes<SVGSVGElement>'.
src/app/lms/pages/courses/coursesdetailedview/youdo/combined/frontend.tsx(2953,23): error TS2769: No overload matches this call.
  Overload 1 of 2, '(props: EditorProps, context?: any): string | number | bigint | boolean | ReactElement<unknown, string | JSXElementConstructor<any>> | ... 4 more ... | undefined', gave the following error.
    Type '(content: string) => void' is not assignable to type 'OnChange'.
      Types of parameters 'content' and 'value' are incompatible.
        Type 'string | undefined' is not assignable to type 'string'.
          Type 'undefined' is not assignable to type 'string'.
  Overload 2 of 2, '(props: EditorProps): string | number | bigint | boolean | ReactElement<unknown, string | JSXElementConstructor<any>> | Iterable<...> | Promise<...> | Component<...> | null | undefined', gave the following error.
    Type '(content: string) => void' is not assignable to type 'OnChange'.
      Types of parameters 'content' and 'value' are incompatible.
        Type 'string | undefined' is not assignable to type 'string'.
          Type 'undefined' is not assignable to type 'string'.
src/app/lms/pages/courses/coursesdetailedview/youdo/combined/sql.tsx(895,33): error TS2322: Type 'number' is not assignable to type 'string'.
src/app/lms/pages/courses/coursesdetailedview/youdo/combined/sql.tsx(897,33): error TS2322: Type 'number' is not assignable to type 'string'.
src/app/lms/pages/courses/coursesdetailedview/youdo/combined/sql.tsx(899,33): error TS2322: Type 'boolean' is not assignable to type 'string'.
src/app/lms/pages/courses/coursesdetailedview/youdo/combined/sql.tsx(1319,29): error TS2322: Type 'number' is not assignable to type 'string'.
src/app/lms/pages/courses/coursesdetailedview/youdo/combined/sql.tsx(1321,29): error TS2322: Type 'number' is not assignable to type 'string'.
src/app/lms/pages/courses/coursesdetailedview/youdo/combined/sql.tsx(1323,29): error TS2322: Type 'boolean' is not assignable to type 'string'.
src/app/lms/pages/courses/coursesdetailedview/youdo/combined/sql.tsx(2902,29): error TS2322: Type 'string' is not assignable to type '"dark" | "light" | undefined'.
src/app/lms/pages/courses/coursesdetailedview/youdo/combined/sql.tsx(2917,29): error TS2322: Type 'string' is not assignable to type '"dark" | "light" | undefined'.
src/app/lms/pages/courses/coursesdetailedview/youdo/combined/sql.tsx(2933,33): error TS2322: Type 'string' is not assignable to type '"dark" | "light" | undefined'.
src/app/lms/pages/courses/coursesdetailedview/youdo/combined/sql.tsx(2978,33): error TS2322: Type 'string' is not assignable to type '"dark" | "light" | undefined'.
src/app/lms/pages/courses/coursesdetailedview/youdo/combined/sql.tsx(2995,33): error TS2322: Type 'string' is not assignable to type '"dark" | "light" | undefined'.
src/app/lms/pages/courses/coursesdetailedview/youdo/frontend/page.tsx(96,7): error TS2304: Cannot find name 'toast'.
src/app/lms/pages/courses/coursesdetailedview/youdo/frontend/page.tsx(329,9): error TS2322: Type '{ exerciseData: any; onBack: () => void; title: any; questions: any[]; selectedLanguages: any; level: any; attemptLimitEnabled: any; maxAttempts: any; entityId: any; entityType: any; security: any; exerciseId: any; ... 9 more ...; hierarchy: string[]; }' is not assignable to type 'IntrinsicAttributes & FrontendCompilerProps'.
  Property 'hierarchy' does not exist on type 'IntrinsicAttributes & FrontendCompilerProps'.
src/app/lms/pages/courses/live-mcq/[link]/page.tsx(516,25): error TS2367: This comparison appears to be unintentional because the types '"active" | "completed"' and '"submitting"' have no overlap.
src/app/lms/pages/courses/live-mcq/[link]/page.tsx(524,26): error TS2367: This comparison appears to be unintentional because the types '"active" | "completed"' and '"submitting"' have no overlap.
src/app/lms/pages/courses/live-mcq/[link]/page.tsx(788,29): error TS2367: This comparison appears to be unintentional because the types '"active" | "completed"' and '"submitting"' have no overlap.
src/app/lms/pages/courses/liveDashboard/components/ReportExportModal.tsx(135,20): error TS7053: Element implicitly has an 'any' type because expression of type 'TestStatus' can't be used to index type '{ readonly "not-started": { readonly label: "Not Started"; readonly cls: "bg-gray-100  text-gray-600"; }; readonly started: { readonly label: "In Progress"; readonly cls: "bg-amber-50  text-amber-700"; }; readonly submitted: { ...; }; }'.
  Property 'terminated' does not exist on type '{ readonly "not-started": { readonly label: "Not Started"; readonly cls: "bg-gray-100  text-gray-600"; }; readonly started: { readonly label: "In Progress"; readonly cls: "bg-amber-50  text-amber-700"; }; readonly submitted: { ...; }; }'.
src/app/lms/pages/courses/liveDashboard/components/ReportExportModal.tsx(142,17): error TS7053: Element implicitly has an 'any' type because expression of type 'TestStatus' can't be used to index type '{ readonly "not-started": { readonly label: "Not Started"; readonly cls: "bg-gray-100  text-gray-600"; }; readonly started: { readonly label: "In Progress"; readonly cls: "bg-amber-50  text-amber-700"; }; readonly submitted: { ...; }; }'.
  Property 'terminated' does not exist on type '{ readonly "not-started": { readonly label: "Not Started"; readonly cls: "bg-gray-100  text-gray-600"; }; readonly started: { readonly label: "In Progress"; readonly cls: "bg-amber-50  text-amber-700"; }; readonly submitted: { ...; }; }'.
src/app/lms/pages/courses/liveDashboard/components/ReportExportModal.tsx(410,20): error TS2339: Property 'name' does not exist on type 'StudentProgress'.
src/app/lms/pages/courses/liveDashboard/page.tsx(565,12): error TS2339: Property 'name' does not exist on type 'StudentProgress'.
src/app/lms/pages/courses/manageUsers/reports/components/ReportExportModal.tsx(400,20): error TS2339: Property 'name' does not exist on type 'StudentProgress'.
src/app/lms/pages/courses/reviewSubmission/components/StaffFrontendReview.tsx(835,78): error TS2322: Type '{ size: number; className: string; title: string; }' is not assignable to type 'IntrinsicAttributes & Omit<LucideProps, "ref"> & RefAttributes<SVGSVGElement>'.
  Property 'title' does not exist on type 'IntrinsicAttributes & Omit<LucideProps, "ref"> & RefAttributes<SVGSVGElement>'.
src/app/lms/pages/courses/reviewSubmission/components/StaffFrontendReview.tsx(872,72): error TS2322: Type '{ size: number; className: string; title: string; }' is not assignable to type 'IntrinsicAttributes & Omit<LucideProps, "ref"> & RefAttributes<SVGSVGElement>'.
  Property 'title' does not exist on type 'IntrinsicAttributes & Omit<LucideProps, "ref"> & RefAttributes<SVGSVGElement>'.
src/app/lms/pages/courses/reviewSubmission/page.tsx(622,14): error TS2304: Cannot find name 'ExerciseData'.
src/app/lms/pages/courses/reviewSubmission/page.tsx(668,14): error TS2304: Cannot find name 'ExerciseData'.
src/app/lms/pages/courses/reviewSubmission/page.tsx(2193,15): error TS2353: Object literal may only specify known properties, and 'totalScore' does not exist in type 'SubmissionQuestion'.
src/app/lms/pages/courses/reviewSubmission/page.tsx(2208,15): error TS2353: Object literal may only specify known properties, and 'totalScore' does not exist in type 'SubmissionQuestion'.
src/app/lms/pages/courses/reviewSubmission/page.tsx(2412,75): error TS2339: Property 'gradeSettings' does not exist on type '{ questionConfigType: string; generalQuestionCount?: number | undefined; scoreSettings?: any; }'.
src/app/lms/pages/courses/reviewSubmission/page.tsx(2412,161): error TS2339: Property 'gradeSettings' does not exist on type '{ questionConfigType: string; generalQuestionCount?: number | undefined; scoreSettings?: any; }'.
src/app/lms/pages/courses/reviewSubmission/page.tsx(2495,17): error TS2353: Object literal may only specify known properties, and 'totalScore' does not exist in type 'SubmissionQuestion'.
src/app/lms/pages/courses/reviewSubmission/page.tsx(2603,15): error TS2353: Object literal may only specify known properties, and 'totalScore' does not exist in type 'SubmissionQuestion'.
src/app/lms/pages/courses/reviewSubmission/page.tsx(2616,15): error TS2353: Object literal may only specify known properties, and 'totalScore' does not exist in type 'SubmissionQuestion'.
src/app/lms/pages/courses/reviewSubmission/page.tsx(3946,23): error TS2322: Type '{ id: string; filename: string; content: string; language: string; path: string; folderPath: string; isEntryPoint?: boolean | undefined; }[]' is not assignable to type 'FileType[]'.
  Type '{ id: string; filename: string; content: string; language: string; path: string; folderPath: string; isEntryPoint?: boolean | undefined; }' is not assignable to type 'FileType'.
    Types of property 'language' are incompatible.
      Type 'string' is not assignable to type '"html" | "text" | "javascript" | "css" | "json" | "markdown" | "xml"'.
src/app/lms/pages/courses/reviewSubmission/page.tsx(3947,23): error TS2322: Type '{ id: string; name: string; path: string; parentPath: string; depth: number; }[]' is not assignable to type 'FolderType[]'.
  Type '{ id: string; name: string; path: string; parentPath: string; depth: number; }' is missing the following properties from type 'FolderType': children, folderChildren
src/app/lms/pages/courses/reviewSubmission/page.tsx(3959,21): error TS2322: Type '{ id: string; filename: string; content: string; language: string; path: string; folderPath: string; isEntryPoint?: boolean | undefined; }[]' is not assignable to type 'FileType[]'.
  Type '{ id: string; filename: string; content: string; language: string; path: string; folderPath: string; isEntryPoint?: boolean | undefined; }' is not assignable to type 'FileType'.
    Types of property 'language' are incompatible.
      Type 'string' is not assignable to type '"html" | "text" | "javascript" | "css" | "json" | "markdown" | "xml"'.
src/app/lms/pages/courses/reviewSubmission/page.tsx(3960,21): error TS2322: Type '{ id: string; name: string; path: string; parentPath: string; depth: number; }[]' is not assignable to type 'FolderType[]'.
  Type '{ id: string; name: string; path: string; parentPath: string; depth: number; }' is missing the following properties from type 'FolderType': children, folderChildren
src/app/lms/pages/courses/reviewSubmission/page.tsx(3985,43): error TS2345: Argument of type 'ExerciseQuestion | null' is not assignable to parameter of type 'ExerciseQuestion'.
  Type 'null' is not assignable to type 'ExerciseQuestion'.
src/app/lms/pages/courses/reviewSubmission/page.tsx(3987,47): error TS2345: Argument of type 'ExerciseQuestion | null' is not assignable to parameter of type 'ExerciseQuestion'.
  Type 'null' is not assignable to type 'ExerciseQuestion'.
src/app/lms/pages/courses/reviewSubmission/page.tsx(3989,51): error TS2345: Argument of type 'ExerciseQuestion | null' is not assignable to parameter of type 'ExerciseQuestion'.
  Type 'null' is not assignable to type 'ExerciseQuestion'.
src/app/lms/pages/courses/studentprogressoverview/page.tsx(294,8): error TS7006: Parameter 's' implicitly has an 'any' type.
src/app/lms/pages/courses/studentprogressoverview/page.tsx(303,61): error TS7006: Parameter 'a' implicitly has an 'any' type.
src/app/lms/pages/courses/studentprogressoverview/page.tsx(303,64): error TS7006: Parameter 's' implicitly has an 'any' type.
src/app/lms/pages/courses/uploadcourseresources/components/Coursecontent.tsx(815,71): error TS2769: No overload matches this call.
  The last overload gave the following error.
    Object literal may only specify known properties, and 'size' does not exist in type 'Partial<unknown> & Attributes'.
src/app/lms/pages/courses/uploadcourseresources/components/Coursecontent.tsx(1741,68): error TS2769: No overload matches this call.
  The last overload gave the following error.
    Object literal may only specify known properties, and 'size' does not exist in type 'Partial<unknown> & Attributes'.
src/app/lms/pages/courses/uploadcourseresources/components/Coursecontent.tsx(1991,10): error TS18048: 'folder.tags.length' is possibly 'undefined'.
src/app/lms/pages/courses/uploadcourseresources/components/Coursecontent.tsx(1993,14): error TS18048: 'folder.tags' is possibly 'undefined'.
src/app/lms/pages/courses/uploadcourseresources/components/Coursecontent.tsx(2258,85): error TS2769: No overload matches this call.
  The last overload gave the following error.
    Object literal may only specify known properties, and 'size' does not exist in type 'Partial<unknown> & Attributes'.
src/app/lms/pages/courses/uploadcourseresources/components/Coursecontent.tsx(2649,84): error TS2769: No overload matches this call.
  The last overload gave the following error.
    Object literal may only specify known properties, and 'size' does not exist in type 'Partial<unknown> & Attributes'.
src/app/lms/pages/courses/uploadcourseresources/components/Coursecontent.tsx(3631,77): error TS2769: No overload matches this call.
  The last overload gave the following error.
    Object literal may only specify known properties, and 'size' does not exist in type 'Partial<unknown> & Attributes'.
src/app/lms/pages/courses/uploadcourseresources/components/Coursecontent.tsx(3729,15): error TS2322: Type '{ key: string; nodeId: string; nodeName: string; subcategory: string; subcategoryLabel: string; contentData: (FolderItem | UploadedFile)[]; folderNavigationState: FolderNavState; ... 4 more ...; configuredLanguages: { ...; } | undefined; }' is not assignable to type 'IntrinsicAttributes & ProblemSolvingProps'.
  Property 'contentData' does not exist on type 'IntrinsicAttributes & ProblemSolvingProps'.
src/app/lms/pages/courses/uploadcourseresources/components/Notionresourcemodal.tsx(256,66): error TS2769: No overload matches this call.
  The last overload gave the following error.
    Object literal may only specify known properties, and 'size' does not exist in type 'Partial<unknown> & Attributes'.
src/app/lms/pages/courses/uploadcourseresources/components/Pagecreationmodal.tsx(2047,16): error TS2678: Type '"code"' is not comparable to type 'BlockType'.
src/app/lms/pages/courses/uploadcourseresources/components/Pagecreationmodal.tsx(2419,77): error TS2322: Type '{ checked?: boolean | undefined; language?: string | undefined; align?: "center" | "left" | "right" | "justify" | undefined; backgroundColor?: string | undefined; textColor?: string | undefined; ... 43 more ...; minHeight?: string | undefined; } | { ...; } | undefined' is not assignable to type '{ checked?: boolean | undefined; language?: string | undefined; align?: "center" | "left" | "right" | "justify" | undefined; backgroundColor?: string | undefined; textColor?: string | undefined; ... 43 more ...; minHeight?: string | undefined; } | undefined'.
  Type '{ backgroundColor: string; textColor: string; borderRadius: string; align: string; }' is not assignable to type '{ checked?: boolean | undefined; language?: string | undefined; align?: "center" | "left" | "right" | "justify" | undefined; backgroundColor?: string | undefined; textColor?: string | undefined; ... 43 more ...; minHeight?: string | undefined; }'.
    Types of property 'align' are incompatible.
      Type 'string' is not assignable to type '"center" | "left" | "right" | "justify" | undefined'.
src/app/lms/pages/courses/uploadcourseresources/components/youdo/assessments/ExerciseDetailsStep.tsx(41,17): error TS2554: Expected 1 arguments, but got 0.
src/app/lms/pages/courses/uploadcourseresources/components/youdo/assessments/ExerciseDetailsStep.tsx(260,113): error TS2339: Property 'bgLight' does not exist on type '{ blue: string; purple: string; orange: string; orangeLight: string; orangeMed: string; orangeGlow: string; orangeDark: string; bg: string; surface: string; surface2: string; border: string; border2: string; ... 6 more ...; red: string; }'.
src/app/lms/pages/courses/uploadcourseresources/components/youdo/assessments/ExerciseTypeStep.tsx(158,12): error TS2304: Cannot find name 'AlertCircle'.
src/app/lms/pages/courses/uploadcourseresources/components/youdo/assessments/OthersConfiguration.tsx(35,21): error TS18048: 'othersAllocatedMarks' is possibly 'undefined'.
src/app/lms/pages/courses/uploadcourseresources/components/youdo/assessments/OthersConfiguration.tsx(39,30): error TS2345: Argument of type 'number | undefined' is not assignable to parameter of type 'number'.
  Type 'undefined' is not assignable to type 'number'.
src/app/lms/pages/courses/uploadcourseresources/components/youdo/assessments/OthersConfiguration.tsx(61,23): error TS7006: Parameter 'v' implicitly has an 'any' type.
src/app/lms/pages/courses/uploadcourseresources/components/youdo/assessments/OthersConfiguration.tsx(84,27): error TS7006: Parameter 'v' implicitly has an 'any' type.
src/app/lms/pages/courses/uploadcourseresources/components/youdo/assessments/OthersConfiguration.tsx(248,39): error TS7006: Parameter 'v' implicitly has an 'any' type.
src/app/lms/pages/courses/uploadcourseresources/components/youdo/assessments/OthersConfiguration.tsx(311,23): error TS7006: Parameter 'v' implicitly has an 'any' type.
src/app/lms/pages/courses/uploadcourseresources/components/youdo/assessments/OthersConfiguration.tsx(328,29): error TS7006: Parameter 'v' implicitly has an 'any' type.
src/app/lms/pages/courses/uploadcourseresources/components/youdo/assessments/ProgrammingConfiguration.tsx(74,21): error TS18048: 'programmingAllocatedMarks' is possibly 'undefined'.
src/app/lms/pages/courses/uploadcourseresources/components/youdo/assessments/ProgrammingConfiguration.tsx(78,30): error TS2345: Argument of type 'number | undefined' is not assignable to parameter of type 'number'.
  Type 'undefined' is not assignable to type 'number'.
src/app/lms/pages/courses/uploadcourseresources/components/youdo/assessments/ProgrammingConfiguration.tsx(100,23): error TS7006: Parameter 'v' implicitly has an 'any' type.
src/app/lms/pages/courses/uploadcourseresources/components/youdo/assessments/ProgrammingConfiguration.tsx(123,27): error TS7006: Parameter 'v' implicitly has an 'any' type.
src/app/lms/pages/courses/uploadcourseresources/components/youdo/assessments/ProgrammingConfiguration.tsx(279,39): error TS7006: Parameter 'v' implicitly has an 'any' type.
src/app/lms/pages/courses/uploadcourseresources/components/youdo/assessments/ProgrammingConfiguration.tsx(358,23): error TS7006: Parameter 'v' implicitly has an 'any' type.
src/app/lms/pages/courses/uploadcourseresources/components/youdo/assessments/ProgrammingConfiguration.tsx(375,29): error TS7006: Parameter 'v' implicitly has an 'any' type.
src/app/lms/pages/courses/uploadcourseresources/components/youdo/assessments/QuestionConfigurationSteps.tsx(53,23): error TS7006: Parameter 'v' implicitly has an 'any' type.
src/app/lms/pages/courses/uploadcourseresources/components/youdo/assessments/QuestionConfigurationSteps.tsx(81,15): error TS7006: Parameter 'v' implicitly has an 'any' type.
src/app/lms/pages/courses/uploadcourseresources/components/youdo/assessments/QuestionConfigurationSteps.tsx(158,23): error TS7006: Parameter 'v' implicitly has an 'any' type.
src/app/lms/pages/courses/uploadcourseresources/components/youdo/assessments/QuestionConfigurationSteps.tsx(175,29): error TS7006: Parameter 'v' implicitly has an 'any' type.
src/app/lms/pages/courses/uploadcourseresources/components/youdo/assessments/SectionConfiguration.tsx(683,28): error TS2345: Argument of type '(prev: Record<string, Record<string, string>>) => { [x: string]: Record<string, string> | undefined; }' is not assignable to parameter of type 'SetStateAction<Record<string, Record<string, string>>>'.
  Type '(prev: Record<string, Record<string, string>>) => { [x: string]: Record<string, string> | undefined; }' is not assignable to type '(prevState: Record<string, Record<string, string>>) => Record<string, Record<string, string>>'.
    Type '{ [x: string]: Record<string, string> | undefined; }' is not assignable to type 'Record<string, Record<string, string>>'.
      'string' index signatures are incompatible.
        Type 'Record<string, string> | undefined' is not assignable to type 'Record<string, string>'.
          Type 'undefined' is not assignable to type 'Record<string, string>'.
src/app/lms/pages/courses/uploadcourseresources/components/youdo/assessments/SectionConfiguration.tsx(882,24): error TS2345: Argument of type '(prev: Record<string, Record<string, string>>) => { [x: string]: Record<string, string> | undefined; }' is not assignable to parameter of type 'SetStateAction<Record<string, Record<string, string>>>'.
  Type '(prev: Record<string, Record<string, string>>) => { [x: string]: Record<string, string> | undefined; }' is not assignable to type '(prevState: Record<string, Record<string, string>>) => Record<string, Record<string, string>>'.
    Type '{ [x: string]: Record<string, string> | undefined; }' is not assignable to type 'Record<string, Record<string, string>>'.
      'string' index signatures are incompatible.
        Type 'Record<string, string> | undefined' is not assignable to type 'Record<string, string>'.
          Type 'undefined' is not assignable to type 'Record<string, string>'.
src/app/lms/pages/courses/uploadcourseresources/components/youdo/assessments/SectionConfiguration.tsx(1326,106): error TS2367: This comparison appears to be unintentional because the types '"MCQ" | "Programming" | "Combined" | "Other"' and '""' have no overlap.
src/app/lms/pages/courses/uploadcourseresources/components/youdo/assessments/SectionConfiguration.tsx(1357,36): error TS2367: This comparison appears to be unintentional because the types '"MCQ" | "Programming" | "Combined" | "Other"' and '""' have no overlap.
src/app/lms/pages/courses/uploadcourseresources/components/youdo/assessments/SectionConfiguration.tsx(1452,63): error TS18048: 'section.mcqConfig.generalQuestionCount' is possibly 'undefined'.
src/app/lms/pages/courses/uploadcourseresources/components/youdo/assessments/SectionConfiguration.tsx(1510,16): error TS18048: 'section.mcqConfig.generalQuestionCount' is possibly 'undefined'.
src/app/lms/pages/courses/uploadcourseresources/components/youdo/assessments/SectionConfiguration.tsx(1513,26): error TS18048: 'section.mcqConfig' is possibly 'undefined'.
src/app/lms/pages/courses/uploadcourseresources/components/youdo/assessments/SectionConfiguration.tsx(1513,83): error TS18048: 'section.mcqConfig' is possibly 'undefined'.
src/app/lms/pages/courses/uploadcourseresources/components/youdo/assessments/SectionConfiguration.tsx(1513,166): error TS18048: 'section.mcqConfig' is possibly 'undefined'.
src/app/lms/pages/courses/uploadcourseresources/components/youdo/assessments/SectionConfiguration.tsx(1513,208): error TS18048: 'section.mcqConfig' is possibly 'undefined'.
src/app/lms/pages/courses/uploadcourseresources/components/youdo/assessments/SectionConfiguration.tsx(1651,75): error TS2532: Object is possibly 'undefined'.
src/app/lms/pages/courses/uploadcourseresources/components/youdo/assessments/SectionConfiguration.tsx(1675,79): error TS2532: Object is possibly 'undefined'.
src/app/lms/pages/courses/uploadcourseresources/components/youdo/assessments/SectionConfiguration.tsx(1692,79): error TS2532: Object is possibly 'undefined'.
src/app/lms/pages/courses/uploadcourseresources/components/youdo/assessments/SectionConfiguration.tsx(1695,16): error TS18048: 'section.programmingConfig.generalQuestionCount' is possibly 'undefined'.
src/app/lms/pages/courses/uploadcourseresources/components/youdo/assessments/SectionConfiguration.tsx(1698,26): error TS18048: 'section.programmingConfig' is possibly 'undefined'.
src/app/lms/pages/courses/uploadcourseresources/components/youdo/assessments/SectionConfiguration.tsx(1698,91): error TS18048: 'section.programmingConfig' is possibly 'undefined'.
src/app/lms/pages/courses/uploadcourseresources/components/youdo/assessments/SectionConfiguration.tsx(1698,182): error TS18048: 'section.programmingConfig' is possibly 'undefined'.
src/app/lms/pages/courses/uploadcourseresources/components/youdo/assessments/SectionConfiguration.tsx(1698,232): error TS18048: 'section.programmingConfig' is possibly 'undefined'.
src/app/lms/pages/courses/uploadcourseresources/components/youdo/assessments/SectionConfiguration.tsx(1739,70): error TS2532: Object is possibly 'undefined'.
src/app/lms/pages/courses/uploadcourseresources/components/youdo/assessments/SectionConfiguration.tsx(1878,79): error TS2532: Object is possibly 'undefined'.
src/app/lms/pages/courses/uploadcourseresources/components/youdo/assessments/SectionConfiguration.tsx(2015,75): error TS2532: Object is possibly 'undefined'.
src/app/lms/pages/courses/uploadcourseresources/components/youdo/assessments/SectionConfiguration.tsx(2044,72): error TS2532: Object is possibly 'undefined'.
src/app/lms/pages/courses/uploadcourseresources/components/youdo/CreateAssessmentModal.tsx(512,38): error TS2339: Property 'testConfiguration' does not exist on type 'CourseStructureData'.
src/app/lms/pages/courses/uploadcourseresources/components/youdo/CreateAssessmentModal.tsx(514,37): error TS2339: Property 'testConfiguration' does not exist on type 'CourseStructureData'.
src/app/lms/pages/courses/uploadcourseresources/components/youdo/CreateAssessmentModal.tsx(515,34): error TS2339: Property 'testConfiguration' does not exist on type 'CourseStructureData'.
src/app/lms/pages/courses/uploadcourseresources/components/youdo/CreateAssessmentModal.tsx(516,34): error TS2339: Property 'testConfiguration' does not exist on type 'CourseStructureData'.
src/app/lms/pages/courses/uploadcourseresources/components/youdo/CreateAssessmentModal.tsx(1780,72): error TS2339: Property '_id' does not exist on type '{ exercise: any; subcategory: string; section: string; entityType: EntityType; entityId: string; totalExercises: number; }'.
src/app/lms/pages/courses/uploadcourseresources/components/youdo/CreateAssessmentModal.tsx(1780,89): error TS2339: Property '_id' does not exist on type 'ExerciseResponse'.
src/app/lms/pages/courses/uploadcourseresources/components/youdo/CreateAssessmentModal.tsx(1903,51): error TS2322: Type '{ configOptions: { label: string; value: string; }[]; formData: FormDataType; setFormData: Dispatch<SetStateAction<FormDataType>>; ... 25 more ...; setCombinedConfigTab: Dispatch<...>; }' is not assignable to type 'IntrinsicAttributes & BaseConfigProps'.
  Property 'configOptions' does not exist on type 'IntrinsicAttributes & BaseConfigProps'.
src/app/lms/pages/courses/uploadcourseresources/components/youdo/CreateAssessmentModal.tsx(1906,13): error TS2322: Type '{ formData: FormDataType; setFormData: Dispatch<SetStateAction<FormDataType>>; setValidationErrors: Dispatch<SetStateAction<ValidationErrors>>; ... 25 more ...; setCombinedConfigTab: Dispatch<...>; }' is not assignable to type 'BaseConfigProps'.
  Types of property 'InfoTooltip' are incompatible.
    Type 'FC<{ content: string; side?: "right" | "left" | "bottom" | "top" | undefined; }>' is not assignable to type 'FC<{ content: string; side?: string | undefined; }>'.
      Type '{ content: string; side?: string | undefined; }' is not assignable to type '{ content: string; side?: "right" | "left" | "bottom" | "top" | undefined; }'.
        Types of property 'side' are incompatible.
          Type 'string | undefined' is not assignable to type '"right" | "left" | "bottom" | "top" | undefined'.
            Type 'string' is not assignable to type '"right" | "left" | "bottom" | "top" | undefined'.
src/app/lms/pages/courses/uploadcourseresources/components/youdo/CreateAssessmentModal.tsx(1909,13): error TS2322: Type '{ formData: FormDataType; setFormData: Dispatch<SetStateAction<FormDataType>>; setValidationErrors: Dispatch<SetStateAction<ValidationErrors>>; ... 25 more ...; setCombinedConfigTab: Dispatch<...>; }' is not assignable to type 'BaseConfigProps'.
  Types of property 'InfoTooltip' are incompatible.
    Type 'FC<{ content: string; side?: "right" | "left" | "bottom" | "top" | undefined; }>' is not assignable to type 'FC<{ content: string; side?: string | undefined; }>'.
      Type '{ content: string; side?: string | undefined; }' is not assignable to type '{ content: string; side?: "right" | "left" | "bottom" | "top" | undefined; }'.
        Types of property 'side' are incompatible.
          Type 'string | undefined' is not assignable to type '"right" | "left" | "bottom" | "top" | undefined'.
            Type 'string' is not assignable to type '"right" | "left" | "bottom" | "top" | undefined'.
src/app/lms/pages/courses/uploadcourseresources/components/youdo/CreateAssessmentModal.tsx(1912,13): error TS2322: Type '{ formData: FormDataType; setFormData: Dispatch<SetStateAction<FormDataType>>; setValidationErrors: Dispatch<SetStateAction<ValidationErrors>>; ... 25 more ...; setCombinedConfigTab: Dispatch<...>; }' is not assignable to type 'BaseConfigProps'.
  Types of property 'InfoTooltip' are incompatible.
    Type 'FC<{ content: string; side?: "right" | "left" | "bottom" | "top" | undefined; }>' is not assignable to type 'FC<{ content: string; side?: string | undefined; }>'.
      Type '{ content: string; side?: string | undefined; }' is not assignable to type '{ content: string; side?: "right" | "left" | "bottom" | "top" | undefined; }'.
        Types of property 'side' are incompatible.
          Type 'string | undefined' is not assignable to type '"right" | "left" | "bottom" | "top" | undefined'.
            Type 'string' is not assignable to type '"right" | "left" | "bottom" | "top" | undefined'.
src/app/lms/pages/courses/uploadcourseresources/components/youdo/CreateAssessmentModal.tsx(1971,11): error TS2322: Type '{ formData: FormDataType; setFormData: Dispatch<SetStateAction<FormDataType>>; setValidationErrors: Dispatch<SetStateAction<ValidationErrors>>; ... 6 more ...; isDateDisabled: (year: number, month: number, day: number, fieldKey: string) => boolean; }' is not assignable to type 'IntrinsicAttributes & ScheduleStepProps'.
  Property 'activePicker' does not exist on type 'IntrinsicAttributes & ScheduleStepProps'.
src/app/lms/pages/courses/uploadcourseresources/components/youdo/TestYourSkills.tsx(982,37): error TS7006: Parameter 'opt' implicitly has an 'any' type.
src/app/lms/pages/courses/uploadcourseresources/components/youdo/TestYourSkills.tsx(2763,11): error TS2322: Type 'QuestionRecord[]' is not assignable to type 'Question[]'.
  Property '_id' is missing in type 'QuestionRecord' but required in type 'Question'.
src/app/lms/pages/courses/uploadcourseresources/components/youdo/testyouskillscomponents/CreateTestModal.tsx(1634,67): error TS2345: Argument of type '{ title: string; description: string; timeLimit: number; passingScore: number; attemptLimit: number; shuffleQuestions: boolean; showResults: boolean; pointsPerQuestion: number; questionsData: { ...; }[]; }' is not assignable to parameter of type 'CreateYouDoTestRequest'.
  Types of property 'questionsData' are incompatible.
    Type '{ orderingItems: { text: string; order: number; }[]; matchingPairs: { left: string; right: string; }[]; mcqQuestionTitle: any; mcqQuestionDescription: string; mcqQuestionType: string; mcqQuestionDifficulty: "easy" | ... 1 more ... | "hard"; ... 12 more ...; numericTolerance: number | ... 1 more ... | undefined; }[]' is not assignable to type 'Omit<YouDoQuestion, "_id" | "sequence">[]'.
      Property 'questionType' is missing in type '{ orderingItems: { text: string; order: number; }[]; matchingPairs: { left: string; right: string; }[]; mcqQuestionTitle: any; mcqQuestionDescription: string; mcqQuestionType: string; mcqQuestionDifficulty: "easy" | ... 1 more ... | "hard"; ... 12 more ...; numericTolerance: number | ... 1 more ... | undefined; }' but required in type 'Omit<YouDoQuestion, "_id" | "sequence">'.
src/app/lms/pages/courses/uploadcourseresources/components/youdo/testyouskillscomponents/CreateTestModal.tsx(2204,77): error TS18048: 'block.numericTolerance' is possibly 'undefined'.
src/app/lms/pages/courses/uploadcourseresources/components/youdo/testyouskillscomponents/CreateTestModal.tsx(2623,26): error TS2304: Cannot find name 'selected'.
src/app/lms/pages/courses/uploadcourseresources/components/youdo/testyouskillscomponents/CreateTestModal.tsx(2624,15): error TS2304: Cannot find name 'revealed'.
src/app/lms/pages/courses/uploadcourseresources/components/youdo/testyouskillscomponents/CreateTestModal.tsx(2632,13): error TS2304: Cannot find name 'setSelected'.
src/app/lms/pages/courses/uploadcourseresources/components/youdo/testyouskillscomponents/CreateTestModal.tsx(2632,25): error TS7006: Parameter 'prev' implicitly has an 'any' type.
src/app/lms/pages/courses/uploadcourseresources/components/youdo/testyouskillscomponents/CreateTestModal.tsx(2660,26): error TS2304: Cannot find name 'selected'.
src/app/lms/pages/courses/uploadcourseresources/components/youdo/testyouskillscomponents/CreateTestModal.tsx(2661,15): error TS2304: Cannot find name 'revealed'.
src/app/lms/pages/courses/uploadcourseresources/components/youdo/testyouskillscomponents/CreateTestModal.tsx(2669,13): error TS2304: Cannot find name 'setSelected'.
src/app/lms/pages/courses/uploadcourseresources/components/youdo/testyouskillscomponents/CreateTestModal.tsx(2669,25): error TS7006: Parameter 'prev' implicitly has an 'any' type.
src/app/lms/pages/courses/uploadcourseresources/components/youdo/testyouskillscomponents/TestYourSkillsGenerateMCQAIQuestion.tsx(751,84): error TS2345: Argument of type '{ options: { id: string; text: string; isCorrect: boolean; imageAlignment: string; imageSizePercent: number; }[]; questionImageAlignment: string; questionImageSizePercent: number; optionsPerRow: number; ... 14 more ...; correctAnswer?: string | undefined; }[]' is not assignable to parameter of type 'GeneratedQuestion[]'.
  Type '{ options: { id: string; text: string; isCorrect: boolean; imageAlignment: string; imageSizePercent: number; }[]; questionImageAlignment: string; questionImageSizePercent: number; optionsPerRow: number; ... 14 more ...; correctAnswer?: string; }' is not assignable to type 'GeneratedQuestion'.
    Types of property 'optionsPerRow' are incompatible.
      Type 'number' is not assignable to type '1 | 2 | 4 | 3 | undefined'.
src/app/lms/pages/courses/uploadcourseresources/components/youdo/testyouskillscomponents/TestYourSkillsGenerateMCQAIQuestion.tsx(752,17): error TS2345: Argument of type '{ options: { id: string; text: string; isCorrect: boolean; imageAlignment: string; imageSizePercent: number; }[]; questionImageAlignment: string; questionImageSizePercent: number; optionsPerRow: number; ... 14 more ...; correctAnswer?: string | undefined; }[]' is not assignable to parameter of type 'GeneratedQuestion[]'.
  Type '{ options: { id: string; text: string; isCorrect: boolean; imageAlignment: string; imageSizePercent: number; }[]; questionImageAlignment: string; questionImageSizePercent: number; optionsPerRow: number; ... 14 more ...; correctAnswer?: string; }' is not assignable to type 'GeneratedQuestion'.
    Types of property 'optionsPerRow' are incompatible.
      Type 'number' is not assignable to type '1 | 2 | 4 | 3 | undefined'.
src/app/lms/pages/courses/uploadcourseresources/components/youdo/testyouskillscomponents/TestYourSKillsQuestionBanklist.tsx(178,37): error TS2345: Argument of type 'string | undefined' is not assignable to parameter of type 'string'.
  Type 'undefined' is not assignable to type 'string'.
src/app/lms/pages/courses/uploadcourseresources/components/youdo/testyouskillscomponents/TestYourSKillsQuestionBanklist.tsx(234,13): error TS18048: 'question.mcqQuestionOptions.length' is possibly 'undefined'.
src/app/lms/pages/courses/uploadcourseresources/components/youdo/testyouskillscomponents/TestYourSKillsQuestionBanklist.tsx(234,56): error TS18048: 'question.options.length' is possibly 'undefined'.
src/app/lms/pages/courses/uploadcourseresources/components/youdo/testyouskillscomponents/TestYourSKillsQuestionBanklist.tsx(393,11): error TS2769: No overload matches this call.
  Overload 1 of 2, '(predicate: (value: Question, index: number, array: Question[]) => value is Question, thisArg?: any): Question[]', gave the following error.
    Argument of type '(q: Question) => boolean' is not assignable to parameter of type '(value: Question, index: number, array: Question[]) => value is Question'.
      Types of parameters 'q' and 'value' are incompatible.
        Type 'import("C:/WorkSpace/27-7-2026/client/src/apiServices/type/question").Question' is not assignable to type 'Question'.
          Types of property '_id' are incompatible.
            Type 'string | undefined' is not assignable to type 'string'.
              Type 'undefined' is not assignable to type 'string'.
  Overload 2 of 2, '(predicate: (value: Question, index: number, array: Question[]) => unknown, thisArg?: any): Question[]', gave the following error.
    Argument of type '(q: Question) => boolean' is not assignable to parameter of type '(value: Question, index: number, array: Question[]) => unknown'.
      Types of parameters 'q' and 'value' are incompatible.
        Type 'import("C:/WorkSpace/27-7-2026/client/src/apiServices/type/question").Question' is not assignable to type 'Question'.
          Types of property '_id' are incompatible.
            Type 'string | undefined' is not assignable to type 'string'.
              Type 'undefined' is not assignable to type 'string'.
src/app/lms/pages/courses/uploadcourseresources/components/youdo/testyouskillscomponents/TestYourSKillsQuestionBanklist.tsx(395,22): error TS2345: Argument of type 'Question[]' is not assignable to parameter of type 'SetStateAction<Question[]>'.
  Type 'import("C:/WorkSpace/27-7-2026/client/src/apiServices/type/question").Question[]' is not assignable to type 'Question[]'.
    Type 'import("C:/WorkSpace/27-7-2026/client/src/apiServices/type/question").Question' is not assignable to type 'Question'.
      Types of property '_id' are incompatible.
        Type 'string | undefined' is not assignable to type 'string'.
          Type 'undefined' is not assignable to type 'string'.
src/app/lms/pages/courses/uploadcourseresources/page.tsx(645,23): error TS2339: Property 'warm' does not exist on type '{ orange: string; orangeDark: string; orangeGlow: string; orangeLight: string; orangeMid: string; blue: string; blueLight: string; textMain: string; textSub: string; textMuted: string; textHint: string; ... 5 more ...; cardShadow: string; }'.
src/app/lms/pages/courses/uploadcourseresources/page.tsx(671,10): error TS2304: Cannot find name 'ArrowLeft'.
src/app/lms/pages/courses/uploadcourseresources/page.tsx(1501,17): error TS2353: Object literal may only specify known properties, and 'uploadedAt' does not exist in type 'FolderItem'.
src/app/lms/pages/courses/uploadcourseresources/page.tsx(2025,602): error TS2353: Object literal may only specify known properties, and 'action' does not exist in type '{ tabType: "I_Do" | "We_Do" | "You_Do"; subcategory: string; folderName: string; folderPath: string; courses?: string | undefined; topicId?: string | undefined; index?: number | undefined; ... 9 more ...; groupDescription?: string | undefined; }'.
src/app/lms/pages/courses/uploadcourseresources/page.tsx(2045,56): error TS2353: Object literal may only specify known properties, and 'action' does not exist in type '{ tabType: "I_Do" | "We_Do" | "You_Do"; subcategory: string; folderName: string; folderPath: string; courses?: string | undefined; topicId?: string | undefined; index?: number | undefined; ... 9 more ...; groupDescription?: string | undefined; }'.
src/app/lms/pages/courses/uploadcourseresources/page.tsx(2818,11): error TS2353: Object literal may only specify known properties, and 'action' does not exist in type '{ tabType: "I_Do" | "We_Do" | "You_Do"; subcategory: string; folderName: string; folderPath: string; courses?: string | undefined; topicId?: string | undefined; index?: number | undefined; ... 5 more ...; tags?: { ...; }[] | undefined; }'.
src/app/lms/pages/courses/uploadcourseresources/page.tsx(2847,9): error TS2353: Object literal may only specify known properties, and 'action' does not exist in type '{ tabType: "I_Do" | "We_Do" | "You_Do"; subcategory: string; folderName: string; folderPath: string; courses?: string | undefined; topicId?: string | undefined; index?: number | undefined; title?: string | undefined; description?: string | undefined; duration?: string | undefined; level?: string | undefined; }'.
src/app/lms/pages/courses/uploadcourseresources/page.tsx(3154,11): error TS2353: Object literal may only specify known properties, and 'action' does not exist in type '{ tabType: "I_Do" | "We_Do" | "You_Do"; subcategory: string; folderName: string; folderPath: string; courses?: string | undefined; topicId?: string | undefined; index?: number | undefined; title?: string | undefined; description?: string | undefined; duration?: string | undefined; level?: string | undefined; }'.
src/app/lms/pages/courses/uploadcourseresources/page.tsx(3393,50): error TS2304: Cannot find name 'HierarchyInfo'.
src/app/lms/pages/courses/uploadcourseresources/page.tsx(3485,55): error TS18047: 'selectedNode' is possibly 'null'.
src/app/lms/pages/courses/uploadcourseresources/page.tsx(3485,81): error TS18047: 'selectedNode' is possibly 'null'.
src/app/lms/pages/courses/uploadcourseresources/page.tsx(3486,31): error TS2345: Argument of type 'CourseNode | null' is not assignable to parameter of type 'CourseNode'.
  Type 'null' is not assignable to type 'CourseNode'.
src/app/lms/pages/courses/uploadcourseresources/page.tsx(3911,96): error TS2322: Type 'string | null' is not assignable to type 'string | undefined'.
  Type 'null' is not assignable to type 'string | undefined'.
src/app/lms/pages/courses/uploadcourseresources/page.tsx(4454,21): error TS2322: Type '(groupId: any, groupName: any, opts: any) => void' is not assignable to type '(groupId?: string | undefined, groupName?: string | undefined) => void'.
  Target signature provides too few arguments. Expected 3 or more, but got 2.
src/app/lms/pages/courses/uploadcourseresources/page.tsx(4454,43): error TS7006: Parameter 'groupId' implicitly has an 'any' type.
src/app/lms/pages/courses/uploadcourseresources/page.tsx(4454,52): error TS7006: Parameter 'groupName' implicitly has an 'any' type.
src/app/lms/pages/courses/uploadcourseresources/page.tsx(4454,63): error TS7006: Parameter 'opts' implicitly has an 'any' type.
src/app/lms/pages/courses/uploadcourseresources/page.tsx(4515,56): error TS2339: Property 'description' does not exist on type 'FolderItem'.
src/app/lms/pages/courses/uploadcourseresources/page.tsx(4670,31): error TS2353: Object literal may only specify known properties, and 'action' does not exist in type '{ tabType: "I_Do" | "We_Do" | "You_Do"; subcategory: string; folderName: string; folderPath: string; courses?: string | undefined; topicId?: string | undefined; index?: number | undefined; title?: string | undefined; description?: string | undefined; duration?: string | undefined; level?: string | undefined; }'.
src/app/lms/pages/courses/uploadcourseresources/page.tsx(4878,140): error TS2769: No overload matches this call.
  The last overload gave the following error.
    Object literal may only specify known properties, and 'size' does not exist in type 'Partial<unknown> & Attributes'.
src/app/lms/pages/courses/uploadcourseresources/page.tsx(5092,144): error TS2769: No overload matches this call.
  The last overload gave the following error.
    Object literal may only specify known properties, and 'size' does not exist in type 'Partial<unknown> & Attributes'.
src/app/lms/pages/courses/uploadcourseresources/page.tsx(5188,40): error TS7006: Parameter 'value' implicitly has an 'any' type.
src/app/lms/pages/courses/uploadcourseresources/page.tsx(5430,204): error TS2322: Type '(goBack?: boolean) => void' is not assignable to type 'MouseEventHandler<HTMLButtonElement>'.
  Types of parameters 'goBack' and 'event' are incompatible.
    Type 'MouseEvent<HTMLButtonElement, MouseEvent>' is not assignable to type 'boolean | undefined'.
src/app/lms/pages/courses/uploadcourseresources/page.tsx(6203,11): error TS2322: Type '"I_Do" | "We_Do" | "You_Do" | null' is not assignable to type 'string | undefined'.
  Type 'null' is not assignable to type 'string | undefined'.
src/app/lms/pages/courses/uploadcourseresources/page.tsx(6205,11): error TS2322: Type 'string[]' is not assignable to type 'never[]'.
  Type 'string' is not assignable to type 'never'.
src/app/lms/pages/courses/uploadcourseresources/page.tsx(6206,11): error TS2322: Type 'string[]' is not assignable to type 'never[]'.
  Type 'string' is not assignable to type 'never'.
src/app/lms/pages/courses/uploadcourseresources/page.tsx(6210,11): error TS2322: Type 'VideoItem[]' is not assignable to type 'never[]'.
  Type 'VideoItem' is not assignable to type 'never'.
src/app/lms/pages/courses/uploadcourseresources/page.tsx(6212,11): error TS2322: Type '(idx: any) => void' is not assignable to type 'null | undefined'.
src/app/lms/pages/courses/uploadcourseresources/page.tsx(6212,27): error TS7006: Parameter 'idx' implicitly has an 'any' type.
src/app/lms/pages/coursestructure/coursestructurecomponents/coueseModalComponents/FullCourseDetailsModal.tsx(51,43): error TS2339: Property 'batchAndParticipants' does not exist on type 'CourseStructure'.
src/app/lms/pages/coursestructure/feedback/feedbackComponts/FeedbackResponsesModal.tsx(131,27): error TS7006: Parameter 'a' implicitly has an 'any' type.
src/app/lms/pages/coursestructure/feedback/feedbackComponts/FeedbackResponsesModal.tsx(187,27): error TS7006: Parameter 'a' implicitly has an 'any' type.
src/app/lms/pages/coursestructure/feedback/hooks/useFeedback.ts(41,5): error TS2769: No overload matches this call.
  Overload 1 of 3, '(options: DefinedInitialDataOptions<unknown, Error, unknown, readonly ["feedback", "list", { readonly courseId: string | undefined; }]>, queryClient?: QueryClient | undefined): DefinedUseQueryResult<...>', gave the following error.
    Object literal may only specify known properties, and 'onError' does not exist in type 'DefinedInitialDataOptions<unknown, Error, unknown, readonly ["feedback", "list", { readonly courseId: string | undefined; }]>'.
  Overload 2 of 3, '(options: UndefinedInitialDataOptions<Feedback[], Error, Feedback[], readonly ["feedback", "list", { readonly courseId: string | undefined; }]>, queryClient?: QueryClient | undefined): UseQueryResult<...>', gave the following error.
    Object literal may only specify known properties, and 'onError' does not exist in type 'UndefinedInitialDataOptions<Feedback[], Error, Feedback[], readonly ["feedback", "list", { readonly courseId: string | undefined; }]>'.
  Overload 3 of 3, '(options: UseQueryOptions<Feedback[], Error, Feedback[], readonly ["feedback", "list", { readonly courseId: string | undefined; }]>, queryClient?: QueryClient | undefined): UseQueryResult<...>', gave the following error.
    Object literal may only specify known properties, and 'onError' does not exist in type 'UseQueryOptions<Feedback[], Error, Feedback[], readonly ["feedback", "list", { readonly courseId: string | undefined; }]>'.
src/app/lms/pages/coursestructure/pedagogy2/usePedagogyManagement.tsx(652,47): error TS2339: Property 'testConfiguration' does not exist on type 'Course'.
src/app/lms/pages/coursestructure/pedagogy2/usePedagogyManagement.tsx(1617,36): error TS2339: Property 'testConfiguration' does not exist on type 'Course'.
src/app/lms/pages/coursestructure/pedagogy2/usePedagogyManagement.tsx(2075,63): error TS18048: 'hierarchyIds.modules' is possibly 'undefined'.
src/app/lms/pages/coursestructure/pedagogy2/usePedagogyManagement.tsx(2079,71): error TS18048: 'hierarchyIds.subModules' is possibly 'undefined'.
src/app/lms/pages/coursestructure/pedagogy2/usePedagogyManagement.tsx(2083,61): error TS18048: 'hierarchyIds.topics' is possibly 'undefined'.
src/app/programcoordinator/pages/test/page.tsx(1360,70): error TS7006: Parameter 's' implicitly has an 'any' type.
src/app/programcoordinator/pages/test/page.tsx(1384,73): error TS2322: Type 'string[]' is not assignable to type 'ProblemType[]'.
  Type 'string' is not assignable to type 'ProblemType'.
src/app/programcoordinator/pages/test/page.tsx(1601,76): error TS2322: Type 'string[]' is not assignable to type 'EvaluationType[]'.
  Type 'string' is not assignable to type 'EvaluationType'.
src/app/programcoordinator/pages/test2/page.tsx(1986,62): error TS2322: Type '{ className: string; title: string; }' is not assignable to type 'IntrinsicAttributes & Omit<LucideProps, "ref"> & RefAttributes<SVGSVGElement>'.
  Property 'title' does not exist on type 'IntrinsicAttributes & Omit<LucideProps, "ref"> & RefAttributes<SVGSVGElement>'.
src/app/programcoordinator/pages/test2/page.tsx(1988,58): error TS2322: Type '{ className: string; title: string; }' is not assignable to type 'IntrinsicAttributes & Omit<LucideProps, "ref"> & RefAttributes<SVGSVGElement>'.
  Property 'title' does not exist on type 'IntrinsicAttributes & Omit<LucideProps, "ref"> & RefAttributes<SVGSVGElement>'.
src/app/programcoordinator/pages/wedo/components/lab.tsx(370,9): error TS2322: Type '{ ref: RefObject<HTMLDivElement | null>; contentEditable: true; onInput: () => void; onPaste: (e: ClipboardEvent<Element>) => void; onKeyDown: (e: KeyboardEvent<...>) => void; className: string; style: { ...; }; placeholder: string; }' is not assignable to type 'DetailedHTMLProps<HTMLAttributes<HTMLDivElement>, HTMLDivElement>'.
  Property 'placeholder' does not exist on type 'DetailedHTMLProps<HTMLAttributes<HTMLDivElement>, HTMLDivElement>'.
src/app/programcoordinator/pages/wedo/components/lab.tsx(969,17): error TS2322: Type 'RefObject<HTMLInputElement | null>' is not assignable to type 'RefObject<HTMLInputElement>'.
  Type 'HTMLInputElement | null' is not assignable to type 'HTMLInputElement'.
    Type 'null' is not assignable to type 'HTMLInputElement'.
src/app/providers.tsx(590,9): error TS2322: Type '{ persister: Persister; buster: string; maxAge: number; dehydrateOptions: { shouldDehydrateQuery: (query: Query) => boolean; }; }' is not assignable to type 'OmitKeyof<PersistQueryClientOptions, "queryClient">'.
  The types of 'dehydrateOptions.shouldDehydrateQuery' are incompatible between these types.
    Type '(query: Query) => boolean' is not assignable to type '(query: Query<unknown, Error, unknown, readonly unknown[]>) => boolean'.
      Types of parameters 'query' and 'query' are incompatible.
        Type 'import("C:/WorkSpace/27-7-2026/client/node_modules/@tanstack/query-persist-client-core/node_modules/@tanstack/query-core/build/modern/_tsup-dts-rollup").Query<unknown, Error, unknown, readonly unknown[]>' is not assignable to type 'import("C:/WorkSpace/27-7-2026/client/node_modules/@tanstack/query-core/build/modern/hydration-Cr-4Kky1").x<unknown, Error, unknown, readonly unknown[]>'.
          Property '#private' in type 'Query' refers to a different member that cannot be accessed from within type 'Query'.
src/app/superadmin/_components/ui.tsx(536,20): error TS2554: Expected 1 arguments, but got 0.
src/components/rerun/rerunExecutor.ts(210,77): error TS2322: Type 'any' is not assignable to type 'never'.
